<?xml version="1.0"?>
<link_info>
   <banner>TI ARM Linker PC v15.12.3.LTS</banner>
   <copyright>Copyright (c) 1996-2015 Texas Instruments Incorporated</copyright>
   <link_time>0x58b5b43d</link_time>
   <link_errors>0x0</link_errors>
   <output_file>GPS-INS-NAV.out</output_file>
   <entry_point>
      <name>_c_int00</name>
      <address>0x2000f811</address>
   </entry_point>
   <input_file_list>
      <input_file id="fl-2">
         <path>.\</path>
         <kind>object</kind>
         <file>infrastructure.obj</file>
         <name>infrastructure.obj</name>
      </input_file>
      <input_file id="fl-3">
         <path>.\</path>
         <kind>object</kind>
         <file>main.obj</file>
         <name>main.obj</name>
      </input_file>
      <input_file id="fl-4">
         <path>.\INS\</path>
         <kind>object</kind>
         <file>INS.obj</file>
         <name>INS.obj</name>
      </input_file>
      <input_file id="fl-5">
         <path>.\INS\</path>
         <kind>object</kind>
         <file>kalman_filter.obj</file>
         <name>kalman_filter.obj</name>
      </input_file>
      <input_file id="fl-6">
         <path>.\INS\</path>
         <kind>object</kind>
         <file>matrix_manipulation.obj</file>
         <name>matrix_manipulation.obj</name>
      </input_file>
      <input_file id="fl-7">
         <path>.\Sensors\</path>
         <kind>object</kind>
         <file>ADXL345.obj</file>
         <name>ADXL345.obj</name>
      </input_file>
      <input_file id="fl-8">
         <path>.\Sensors\</path>
         <kind>object</kind>
         <file>GPS.obj</file>
         <name>GPS.obj</name>
      </input_file>
      <input_file id="fl-9">
         <path>.\Sensors\</path>
         <kind>object</kind>
         <file>HMC5883.obj</file>
         <name>HMC5883.obj</name>
      </input_file>
      <input_file id="fl-a">
         <path>.\Sensors\</path>
         <kind>object</kind>
         <file>ITG3200.obj</file>
         <name>ITG3200.obj</name>
      </input_file>
      <input_file id="fl-b">
         <path>.\Sensors\</path>
         <kind>object</kind>
         <file>MPL115A2.obj</file>
         <name>MPL115A2.obj</name>
      </input_file>
      <input_file id="fl-c">
         <path>.\board\</path>
         <kind>object</kind>
         <file>DS2401.obj</file>
         <name>DS2401.obj</name>
      </input_file>
      <input_file id="fl-d">
         <path>.\board\</path>
         <kind>object</kind>
         <file>SD_card.obj</file>
         <name>SD_card.obj</name>
      </input_file>
      <input_file id="fl-e">
         <path>.\board\</path>
         <kind>object</kind>
         <file>board.obj</file>
         <name>board.obj</name>
      </input_file>
      <input_file id="fl-f">
         <path>.\board\</path>
         <kind>object</kind>
         <file>pinmux.obj</file>
         <name>pinmux.obj</name>
      </input_file>
      <input_file id="fl-10">
         <path>.\common\</path>
         <kind>object</kind>
         <file>button_if.obj</file>
         <name>button_if.obj</name>
      </input_file>
      <input_file id="fl-11">
         <path>.\common\</path>
         <kind>object</kind>
         <file>gpio_if.obj</file>
         <name>gpio_if.obj</name>
      </input_file>
      <input_file id="fl-12">
         <path>.\common\</path>
         <kind>object</kind>
         <file>i2c_if.obj</file>
         <name>i2c_if.obj</name>
      </input_file>
      <input_file id="fl-13">
         <path>.\common\</path>
         <kind>object</kind>
         <file>i2s_if.obj</file>
         <name>i2s_if.obj</name>
      </input_file>
      <input_file id="fl-14">
         <path>.\common\</path>
         <kind>object</kind>
         <file>network_common.obj</file>
         <name>network_common.obj</name>
      </input_file>
      <input_file id="fl-15">
         <path>.\common\</path>
         <kind>object</kind>
         <file>network_if.obj</file>
         <name>network_if.obj</name>
      </input_file>
      <input_file id="fl-16">
         <path>.\common\</path>
         <kind>object</kind>
         <file>startup_ccs.obj</file>
         <name>startup_ccs.obj</name>
      </input_file>
      <input_file id="fl-17">
         <path>.\common\</path>
         <kind>object</kind>
         <file>timer_if.obj</file>
         <name>timer_if.obj</name>
      </input_file>
      <input_file id="fl-18">
         <path>.\common\</path>
         <kind>object</kind>
         <file>uart_if.obj</file>
         <name>uart_if.obj</name>
      </input_file>
      <input_file id="fl-19">
         <path>.\common\</path>
         <kind>object</kind>
         <file>utils_if.obj</file>
         <name>utils_if.obj</name>
      </input_file>
      <input_file id="fl-1a">
         <path>.\common\</path>
         <kind>object</kind>
         <file>wdt_if.obj</file>
         <name>wdt_if.obj</name>
      </input_file>
      <input_file id="fl-1b">
         <path>.\interfaces\</path>
         <kind>object</kind>
         <file>diskio.obj</file>
         <name>diskio.obj</name>
      </input_file>
      <input_file id="fl-1c">
         <path>.\interfaces\</path>
         <kind>object</kind>
         <file>local_i2c_if.obj</file>
         <name>local_i2c_if.obj</name>
      </input_file>
      <input_file id="fl-1d">
         <path>.\interfaces\</path>
         <kind>object</kind>
         <file>local_uart_if.obj</file>
         <name>local_uart_if.obj</name>
      </input_file>
      <input_file id="fl-1e">
         <path>.\interfaces\</path>
         <kind>object</kind>
         <file>terninal.obj</file>
         <name>terninal.obj</name>
      </input_file>
      <input_file id="fl-dc">
         <path>C:\TI\ccsv6\tools\compiler\arm_15.12.3.LTS\lib\</path>
         <kind>archive</kind>
         <file>rtsv7M4_T_le_eabi.lib</file>
         <name>boot.obj</name>
      </input_file>
      <input_file id="fl-dd">
         <path>C:\TI\ccsv6\tools\compiler\arm_15.12.3.LTS\lib\</path>
         <kind>archive</kind>
         <file>rtsv7M4_T_le_eabi.lib</file>
         <name>copy_decompress_none.obj</name>
      </input_file>
      <input_file id="fl-de">
         <path>C:\TI\ccsv6\tools\compiler\arm_15.12.3.LTS\lib\</path>
         <kind>archive</kind>
         <file>rtsv7M4_T_le_eabi.lib</file>
         <name>copy_decompress_rle.obj</name>
      </input_file>
      <input_file id="fl-df">
         <path>C:\TI\ccsv6\tools\compiler\arm_15.12.3.LTS\lib\</path>
         <kind>archive</kind>
         <file>rtsv7M4_T_le_eabi.lib</file>
         <name>copy_zero_init.obj</name>
      </input_file>
      <input_file id="fl-e0">
         <path>C:\TI\ccsv6\tools\compiler\arm_15.12.3.LTS\lib\</path>
         <kind>archive</kind>
         <file>rtsv7M4_T_le_eabi.lib</file>
         <name>e_atan2.obj</name>
      </input_file>
      <input_file id="fl-e1">
         <path>C:\TI\ccsv6\tools\compiler\arm_15.12.3.LTS\lib\</path>
         <kind>archive</kind>
         <file>rtsv7M4_T_le_eabi.lib</file>
         <name>e_pow.obj</name>
      </input_file>
      <input_file id="fl-e2">
         <path>C:\TI\ccsv6\tools\compiler\arm_15.12.3.LTS\lib\</path>
         <kind>archive</kind>
         <file>rtsv7M4_T_le_eabi.lib</file>
         <name>e_sqrt.obj</name>
      </input_file>
      <input_file id="fl-e3">
         <path>C:\TI\ccsv6\tools\compiler\arm_15.12.3.LTS\lib\</path>
         <kind>archive</kind>
         <file>rtsv7M4_T_le_eabi.lib</file>
         <name>errno.obj</name>
      </input_file>
      <input_file id="fl-e4">
         <path>C:\TI\ccsv6\tools\compiler\arm_15.12.3.LTS\lib\</path>
         <kind>archive</kind>
         <file>rtsv7M4_T_le_eabi.lib</file>
         <name>exit.obj</name>
      </input_file>
      <input_file id="fl-e5">
         <path>C:\TI\ccsv6\tools\compiler\arm_15.12.3.LTS\lib\</path>
         <kind>archive</kind>
         <file>rtsv7M4_T_le_eabi.lib</file>
         <name>fd_add_t2.obj</name>
      </input_file>
      <input_file id="fl-e6">
         <path>C:\TI\ccsv6\tools\compiler\arm_15.12.3.LTS\lib\</path>
         <kind>archive</kind>
         <file>rtsv7M4_T_le_eabi.lib</file>
         <name>fd_cmp_t2.obj</name>
      </input_file>
      <input_file id="fl-e7">
         <path>C:\TI\ccsv6\tools\compiler\arm_15.12.3.LTS\lib\</path>
         <kind>archive</kind>
         <file>rtsv7M4_T_le_eabi.lib</file>
         <name>fd_div_t2.obj</name>
      </input_file>
      <input_file id="fl-e8">
         <path>C:\TI\ccsv6\tools\compiler\arm_15.12.3.LTS\lib\</path>
         <kind>archive</kind>
         <file>rtsv7M4_T_le_eabi.lib</file>
         <name>fd_mul_t2.obj</name>
      </input_file>
      <input_file id="fl-e9">
         <path>C:\TI\ccsv6\tools\compiler\arm_15.12.3.LTS\lib\</path>
         <kind>archive</kind>
         <file>rtsv7M4_T_le_eabi.lib</file>
         <name>fd_toi_t2.obj</name>
      </input_file>
      <input_file id="fl-ea">
         <path>C:\TI\ccsv6\tools\compiler\arm_15.12.3.LTS\lib\</path>
         <kind>archive</kind>
         <file>rtsv7M4_T_le_eabi.lib</file>
         <name>fd_tos_t2.obj</name>
      </input_file>
      <input_file id="fl-eb">
         <path>C:\TI\ccsv6\tools\compiler\arm_15.12.3.LTS\lib\</path>
         <kind>archive</kind>
         <file>rtsv7M4_T_le_eabi.lib</file>
         <name>fs_add_t2.obj</name>
      </input_file>
      <input_file id="fl-ec">
         <path>C:\TI\ccsv6\tools\compiler\arm_15.12.3.LTS\lib\</path>
         <kind>archive</kind>
         <file>rtsv7M4_T_le_eabi.lib</file>
         <name>fs_cmp_t2.obj</name>
      </input_file>
      <input_file id="fl-ed">
         <path>C:\TI\ccsv6\tools\compiler\arm_15.12.3.LTS\lib\</path>
         <kind>archive</kind>
         <file>rtsv7M4_T_le_eabi.lib</file>
         <name>fs_div_t2.obj</name>
      </input_file>
      <input_file id="fl-ee">
         <path>C:\TI\ccsv6\tools\compiler\arm_15.12.3.LTS\lib\</path>
         <kind>archive</kind>
         <file>rtsv7M4_T_le_eabi.lib</file>
         <name>fs_tod_t2.obj</name>
      </input_file>
      <input_file id="fl-ef">
         <path>C:\TI\ccsv6\tools\compiler\arm_15.12.3.LTS\lib\</path>
         <kind>archive</kind>
         <file>rtsv7M4_T_le_eabi.lib</file>
         <name>i_tofd_t2.obj</name>
      </input_file>
      <input_file id="fl-f0">
         <path>C:\TI\ccsv6\tools\compiler\arm_15.12.3.LTS\lib\</path>
         <kind>archive</kind>
         <file>rtsv7M4_T_le_eabi.lib</file>
         <name>i_tofs_t2.obj</name>
      </input_file>
      <input_file id="fl-f1">
         <path>C:\TI\ccsv6\tools\compiler\arm_15.12.3.LTS\lib\</path>
         <kind>archive</kind>
         <file>rtsv7M4_T_le_eabi.lib</file>
         <name>memcpy_t2.obj</name>
      </input_file>
      <input_file id="fl-f2">
         <path>C:\TI\ccsv6\tools\compiler\arm_15.12.3.LTS\lib\</path>
         <kind>archive</kind>
         <file>rtsv7M4_T_le_eabi.lib</file>
         <name>memmov.obj</name>
      </input_file>
      <input_file id="fl-f3">
         <path>C:\TI\ccsv6\tools\compiler\arm_15.12.3.LTS\lib\</path>
         <kind>archive</kind>
         <file>rtsv7M4_T_le_eabi.lib</file>
         <name>memory.obj</name>
      </input_file>
      <input_file id="fl-f4">
         <path>C:\TI\ccsv6\tools\compiler\arm_15.12.3.LTS\lib\</path>
         <kind>archive</kind>
         <file>rtsv7M4_T_le_eabi.lib</file>
         <name>memset_t2.obj</name>
      </input_file>
      <input_file id="fl-f5">
         <path>C:\TI\ccsv6\tools\compiler\arm_15.12.3.LTS\lib\</path>
         <kind>archive</kind>
         <file>rtsv7M4_T_le_eabi.lib</file>
         <name>mpu_init.obj</name>
      </input_file>
      <input_file id="fl-f6">
         <path>C:\TI\ccsv6\tools\compiler\arm_15.12.3.LTS\lib\</path>
         <kind>archive</kind>
         <file>rtsv7M4_T_le_eabi.lib</file>
         <name>pre_init.obj</name>
      </input_file>
      <input_file id="fl-f7">
         <path>C:\TI\ccsv6\tools\compiler\arm_15.12.3.LTS\lib\</path>
         <kind>archive</kind>
         <file>rtsv7M4_T_le_eabi.lib</file>
         <name>s_atan.obj</name>
      </input_file>
      <input_file id="fl-f8">
         <path>C:\TI\ccsv6\tools\compiler\arm_15.12.3.LTS\lib\</path>
         <kind>archive</kind>
         <file>rtsv7M4_T_le_eabi.lib</file>
         <name>s_cos.obj</name>
      </input_file>
      <input_file id="fl-f9">
         <path>C:\TI\ccsv6\tools\compiler\arm_15.12.3.LTS\lib\</path>
         <kind>archive</kind>
         <file>rtsv7M4_T_le_eabi.lib</file>
         <name>s_scalbn.obj</name>
      </input_file>
      <input_file id="fl-fa">
         <path>C:\TI\ccsv6\tools\compiler\arm_15.12.3.LTS\lib\</path>
         <kind>archive</kind>
         <file>rtsv7M4_T_le_eabi.lib</file>
         <name>s_sin.obj</name>
      </input_file>
      <input_file id="fl-fb">
         <path>C:\TI\ccsv6\tools\compiler\arm_15.12.3.LTS\lib\</path>
         <kind>archive</kind>
         <file>rtsv7M4_T_le_eabi.lib</file>
         <name>sprintf.obj</name>
      </input_file>
      <input_file id="fl-fc">
         <path>C:\TI\ccsv6\tools\compiler\arm_15.12.3.LTS\lib\</path>
         <kind>archive</kind>
         <file>rtsv7M4_T_le_eabi.lib</file>
         <name>stkdepth_vars.obj</name>
      </input_file>
      <input_file id="fl-fd">
         <path>C:\TI\ccsv6\tools\compiler\arm_15.12.3.LTS\lib\</path>
         <kind>archive</kind>
         <file>rtsv7M4_T_le_eabi.lib</file>
         <name>strlen.obj</name>
      </input_file>
      <input_file id="fl-fe">
         <path>C:\TI\ccsv6\tools\compiler\arm_15.12.3.LTS\lib\</path>
         <kind>archive</kind>
         <file>rtsv7M4_T_le_eabi.lib</file>
         <name>strncpy.obj</name>
      </input_file>
      <input_file id="fl-ff">
         <path>C:\TI\ccsv6\tools\compiler\arm_15.12.3.LTS\lib\</path>
         <kind>archive</kind>
         <file>rtsv7M4_T_le_eabi.lib</file>
         <name>u_tofd_t2.obj</name>
      </input_file>
      <input_file id="fl-100">
         <path>C:\TI\ccsv6\tools\compiler\arm_15.12.3.LTS\lib\</path>
         <kind>archive</kind>
         <file>rtsv7M4_T_le_eabi.lib</file>
         <name>vsnprintf.obj</name>
      </input_file>
      <input_file id="fl-101">
         <path>C:\TI\ccsv6\tools\compiler\arm_15.12.3.LTS\lib\</path>
         <kind>archive</kind>
         <file>rtsv7M4_T_le_eabi.lib</file>
         <name>_lock.obj</name>
      </input_file>
      <input_file id="fl-102">
         <path>C:\TI\ccsv6\tools\compiler\arm_15.12.3.LTS\lib\</path>
         <kind>archive</kind>
         <file>rtsv7M4_T_le_eabi.lib</file>
         <name>_printfi.obj</name>
      </input_file>
      <input_file id="fl-103">
         <path>C:\TI\ccsv6\tools\compiler\arm_15.12.3.LTS\lib\</path>
         <kind>archive</kind>
         <file>rtsv7M4_T_le_eabi.lib</file>
         <name>args_main.obj</name>
      </input_file>
      <input_file id="fl-104">
         <path>C:\TI\ccsv6\tools\compiler\arm_15.12.3.LTS\lib\</path>
         <kind>archive</kind>
         <file>rtsv7M4_T_le_eabi.lib</file>
         <name>atoi.obj</name>
      </input_file>
      <input_file id="fl-105">
         <path>C:\TI\ccsv6\tools\compiler\arm_15.12.3.LTS\lib\</path>
         <kind>archive</kind>
         <file>rtsv7M4_T_le_eabi.lib</file>
         <name>autoinit.obj</name>
      </input_file>
      <input_file id="fl-106">
         <path>C:\TI\ccsv6\tools\compiler\arm_15.12.3.LTS\lib\</path>
         <kind>archive</kind>
         <file>rtsv7M4_T_le_eabi.lib</file>
         <name>cpy_tbl.obj</name>
      </input_file>
      <input_file id="fl-107">
         <path>C:\TI\ccsv6\tools\compiler\arm_15.12.3.LTS\lib\</path>
         <kind>archive</kind>
         <file>rtsv7M4_T_le_eabi.lib</file>
         <name>ctype.obj</name>
      </input_file>
      <input_file id="fl-108">
         <path>C:\TI\ccsv6\tools\compiler\arm_15.12.3.LTS\lib\</path>
         <kind>archive</kind>
         <file>rtsv7M4_T_le_eabi.lib</file>
         <name>k_cos.obj</name>
      </input_file>
      <input_file id="fl-109">
         <path>C:\TI\ccsv6\tools\compiler\arm_15.12.3.LTS\lib\</path>
         <kind>archive</kind>
         <file>rtsv7M4_T_le_eabi.lib</file>
         <name>k_rem_pio2.obj</name>
      </input_file>
      <input_file id="fl-10a">
         <path>C:\TI\ccsv6\tools\compiler\arm_15.12.3.LTS\lib\</path>
         <kind>archive</kind>
         <file>rtsv7M4_T_le_eabi.lib</file>
         <name>k_sin.obj</name>
      </input_file>
      <input_file id="fl-10b">
         <path>C:\TI\ccsv6\tools\compiler\arm_15.12.3.LTS\lib\</path>
         <kind>archive</kind>
         <file>rtsv7M4_T_le_eabi.lib</file>
         <name>ltoa.obj</name>
      </input_file>
      <input_file id="fl-10c">
         <path>C:\TI\ccsv6\tools\compiler\arm_15.12.3.LTS\lib\</path>
         <kind>archive</kind>
         <file>rtsv7M4_T_le_eabi.lib</file>
         <name>memccpy.obj</name>
      </input_file>
      <input_file id="fl-10d">
         <path>C:\TI\ccsv6\tools\compiler\arm_15.12.3.LTS\lib\</path>
         <kind>archive</kind>
         <file>rtsv7M4_T_le_eabi.lib</file>
         <name>s_copysign.obj</name>
      </input_file>
      <input_file id="fl-10e">
         <path>C:\TI\ccsv6\tools\compiler\arm_15.12.3.LTS\lib\</path>
         <kind>archive</kind>
         <file>rtsv7M4_T_le_eabi.lib</file>
         <name>s_floor.obj</name>
      </input_file>
      <input_file id="fl-10f">
         <path>C:\TI\ccsv6\tools\compiler\arm_15.12.3.LTS\lib\</path>
         <kind>archive</kind>
         <file>rtsv7M4_T_le_eabi.lib</file>
         <name>s_frexp.obj</name>
      </input_file>
      <input_file id="fl-110">
         <path>C:\TI\ccsv6\tools\compiler\arm_15.12.3.LTS\lib\</path>
         <kind>archive</kind>
         <file>rtsv7M4_T_le_eabi.lib</file>
         <name>startup.obj</name>
      </input_file>
      <input_file id="fl-111">
         <path>C:\TI\ccsv6\tools\compiler\arm_15.12.3.LTS\lib\</path>
         <kind>archive</kind>
         <file>rtsv7M4_T_le_eabi.lib</file>
         <name>strchr.obj</name>
      </input_file>
      <input_file id="fl-112">
         <path>C:\TI\ccsv6\tools\compiler\arm_15.12.3.LTS\lib\</path>
         <kind>archive</kind>
         <file>rtsv7M4_T_le_eabi.lib</file>
         <name>ull_div_t2.obj</name>
      </input_file>
      <input_file id="fl-113">
         <path>C:\TI\CC3200SDK_1.2.0\cc3200-sdk\simplelink\ccs\NON_OS\</path>
         <kind>archive</kind>
         <file>simplelink.a</file>
         <name>device.obj</name>
      </input_file>
      <input_file id="fl-114">
         <path>C:\TI\CC3200SDK_1.2.0\cc3200-sdk\simplelink\ccs\NON_OS\</path>
         <kind>archive</kind>
         <file>simplelink.a</file>
         <name>driver.obj</name>
      </input_file>
      <input_file id="fl-115">
         <path>C:\TI\CC3200SDK_1.2.0\cc3200-sdk\simplelink\ccs\NON_OS\</path>
         <kind>archive</kind>
         <file>simplelink.a</file>
         <name>netapp.obj</name>
      </input_file>
      <input_file id="fl-116">
         <path>C:\TI\CC3200SDK_1.2.0\cc3200-sdk\simplelink\ccs\NON_OS\</path>
         <kind>archive</kind>
         <file>simplelink.a</file>
         <name>netcfg.obj</name>
      </input_file>
      <input_file id="fl-117">
         <path>C:\TI\CC3200SDK_1.2.0\cc3200-sdk\simplelink\ccs\NON_OS\</path>
         <kind>archive</kind>
         <file>simplelink.a</file>
         <name>nonos.obj</name>
      </input_file>
      <input_file id="fl-118">
         <path>C:\TI\CC3200SDK_1.2.0\cc3200-sdk\simplelink\ccs\NON_OS\</path>
         <kind>archive</kind>
         <file>simplelink.a</file>
         <name>socket.obj</name>
      </input_file>
      <input_file id="fl-119">
         <path>C:\TI\CC3200SDK_1.2.0\cc3200-sdk\simplelink\ccs\NON_OS\</path>
         <kind>archive</kind>
         <file>simplelink.a</file>
         <name>wlan.obj</name>
      </input_file>
      <input_file id="fl-11a">
         <path>C:\TI\CC3200SDK_1.2.0\cc3200-sdk\simplelink\ccs\NON_OS\</path>
         <kind>archive</kind>
         <file>simplelink.a</file>
         <name>cc_pal.obj</name>
      </input_file>
      <input_file id="fl-11b">
         <path>C:\TI\CC3200SDK_1.2.0\cc3200-sdk\third_party\fatfs\ccs\Release\</path>
         <kind>archive</kind>
         <file>fatfs.a</file>
         <name>ff.obj</name>
      </input_file>
      <input_file id="fl-11c">
         <path>C:\TI\CC3200SDK_1.2.0\cc3200-sdk\driverlib\ccs\Release\</path>
         <kind>archive</kind>
         <file>driverlib.a</file>
         <name>gpio.obj</name>
      </input_file>
      <input_file id="fl-11d">
         <path>C:\TI\CC3200SDK_1.2.0\cc3200-sdk\driverlib\ccs\Release\</path>
         <kind>archive</kind>
         <file>driverlib.a</file>
         <name>hwspinlock.obj</name>
      </input_file>
      <input_file id="fl-11e">
         <path>C:\TI\CC3200SDK_1.2.0\cc3200-sdk\driverlib\ccs\Release\</path>
         <kind>archive</kind>
         <file>driverlib.a</file>
         <name>i2c.obj</name>
      </input_file>
      <input_file id="fl-11f">
         <path>C:\TI\CC3200SDK_1.2.0\cc3200-sdk\driverlib\ccs\Release\</path>
         <kind>archive</kind>
         <file>driverlib.a</file>
         <name>i2s.obj</name>
      </input_file>
      <input_file id="fl-120">
         <path>C:\TI\CC3200SDK_1.2.0\cc3200-sdk\driverlib\ccs\Release\</path>
         <kind>archive</kind>
         <file>driverlib.a</file>
         <name>interrupt.obj</name>
      </input_file>
      <input_file id="fl-121">
         <path>C:\TI\CC3200SDK_1.2.0\cc3200-sdk\driverlib\ccs\Release\</path>
         <kind>archive</kind>
         <file>driverlib.a</file>
         <name>pin.obj</name>
      </input_file>
      <input_file id="fl-122">
         <path>C:\TI\CC3200SDK_1.2.0\cc3200-sdk\driverlib\ccs\Release\</path>
         <kind>archive</kind>
         <file>driverlib.a</file>
         <name>prcm.obj</name>
      </input_file>
      <input_file id="fl-123">
         <path>C:\TI\CC3200SDK_1.2.0\cc3200-sdk\driverlib\ccs\Release\</path>
         <kind>archive</kind>
         <file>driverlib.a</file>
         <name>sdhost.obj</name>
      </input_file>
      <input_file id="fl-124">
         <path>C:\TI\CC3200SDK_1.2.0\cc3200-sdk\driverlib\ccs\Release\</path>
         <kind>archive</kind>
         <file>driverlib.a</file>
         <name>spi.obj</name>
      </input_file>
      <input_file id="fl-125">
         <path>C:\TI\CC3200SDK_1.2.0\cc3200-sdk\driverlib\ccs\Release\</path>
         <kind>archive</kind>
         <file>driverlib.a</file>
         <name>timer.obj</name>
      </input_file>
      <input_file id="fl-126">
         <path>C:\TI\CC3200SDK_1.2.0\cc3200-sdk\driverlib\ccs\Release\</path>
         <kind>archive</kind>
         <file>driverlib.a</file>
         <name>uart.obj</name>
      </input_file>
      <input_file id="fl-127">
         <path>C:\TI\CC3200SDK_1.2.0\cc3200-sdk\driverlib\ccs\Release\</path>
         <kind>archive</kind>
         <file>driverlib.a</file>
         <name>udma.obj</name>
      </input_file>
      <input_file id="fl-128">
         <path>C:\TI\CC3200SDK_1.2.0\cc3200-sdk\driverlib\ccs\Release\</path>
         <kind>archive</kind>
         <file>driverlib.a</file>
         <name>utils.obj</name>
      </input_file>
      <input_file id="fl-129">
         <path>C:\TI\CC3200SDK_1.2.0\cc3200-sdk\driverlib\ccs\Release\</path>
         <kind>archive</kind>
         <file>driverlib.a</file>
         <name>wdt.obj</name>
      </input_file>
      <input_file id="fl-12a">
         <path>C:\TI\CC3200SDK_1.2.0\cc3200-sdk\driverlib\ccs\Release\</path>
         <kind>archive</kind>
         <file>driverlib.a</file>
         <name>cpu.obj</name>
      </input_file>
      <input_file id="fl-12b">
         <path>C:\TI\CC3200SDK_1.2.0\cc3200-sdk\driverlib\ccs\Release\</path>
         <kind>archive</kind>
         <file>driverlib.a</file>
         <name>flash.obj</name>
      </input_file>
   </input_file_list>
   <object_component_list>
      <object_component id="oc-f">
         <name>.intvecs</name>
         <load_address>0x20004000</load_address>
         <run_address>0x20004000</run_address>
         <size>0x400</size>
         <input_file_ref idref="fl-16"/>
      </object_component>
      <object_component id="oc-2dd">
         <name>.text</name>
         <load_address>0x20004400</load_address>
         <run_address>0x20004400</run_address>
         <size>0x2ad6</size>
         <input_file_ref idref="fl-11b"/>
      </object_component>
      <object_component id="oc-5e5">
         <name>.text:IntDefaultHandler</name>
         <load_address>0x20006ed6</load_address>
         <run_address>0x20006ed6</run_address>
         <size>0x2</size>
         <input_file_ref idref="fl-120"/>
      </object_component>
      <object_component id="oc-21c">
         <name>.text</name>
         <load_address>0x20006ed8</load_address>
         <run_address>0x20006ed8</run_address>
         <size>0x10fc</size>
         <input_file_ref idref="fl-102"/>
      </object_component>
      <object_component id="oc-404">
         <name>.text</name>
         <load_address>0x20007fd4</load_address>
         <run_address>0x20007fd4</run_address>
         <size>0x9a4</size>
         <input_file_ref idref="fl-e1"/>
      </object_component>
      <object_component id="oc-e0">
         <name>.text</name>
         <load_address>0x20008978</load_address>
         <run_address>0x20008978</run_address>
         <size>0x944</size>
         <input_file_ref idref="fl-4"/>
      </object_component>
      <object_component id="oc-3bf">
         <name>.text</name>
         <load_address>0x200092bc</load_address>
         <run_address>0x200092bc</run_address>
         <size>0x71c</size>
         <input_file_ref idref="fl-109"/>
      </object_component>
      <object_component id="oc-1b6">
         <name>.text</name>
         <load_address>0x200099d8</load_address>
         <run_address>0x200099d8</run_address>
         <size>0x5c4</size>
         <input_file_ref idref="fl-fa"/>
      </object_component>
      <object_component id="oc-1bc">
         <name>.text</name>
         <load_address>0x20009f9c</load_address>
         <run_address>0x20009f9c</run_address>
         <size>0x5c0</size>
         <input_file_ref idref="fl-f8"/>
      </object_component>
      <object_component id="oc-210">
         <name>.text</name>
         <load_address>0x2000a55c</load_address>
         <run_address>0x2000a55c</run_address>
         <size>0x54e</size>
         <input_file_ref idref="fl-6"/>
      </object_component>
      <object_component id="oc-5b">
         <name>.text</name>
         <load_address>0x2000aaaa</load_address>
         <run_address>0x2000aaaa</run_address>
         <size>0x2</size>
         <input_file_ref idref="fl-f5"/>
      </object_component>
      <object_component id="oc-4c8">
         <name>.text</name>
         <load_address>0x2000aaac</load_address>
         <run_address>0x2000aaac</run_address>
         <size>0x4c0</size>
         <input_file_ref idref="fl-1b"/>
      </object_component>
      <object_component id="oc-160">
         <name>.text</name>
         <load_address>0x2000af6c</load_address>
         <run_address>0x2000af6c</run_address>
         <size>0x444</size>
         <input_file_ref idref="fl-8"/>
      </object_component>
      <object_component id="oc-da">
         <name>.text</name>
         <load_address>0x2000b3b0</load_address>
         <run_address>0x2000b3b0</run_address>
         <size>0x404</size>
         <input_file_ref idref="fl-2"/>
      </object_component>
      <object_component id="oc-1fa">
         <name>.text</name>
         <load_address>0x2000b7b4</load_address>
         <run_address>0x2000b7b4</run_address>
         <size>0x3dc</size>
         <input_file_ref idref="fl-f3"/>
      </object_component>
      <object_component id="oc-ac">
         <name>.text</name>
         <load_address>0x2000bb90</load_address>
         <run_address>0x2000bb90</run_address>
         <size>0x31c</size>
         <input_file_ref idref="fl-3"/>
      </object_component>
      <object_component id="oc-1c2">
         <name>.text</name>
         <load_address>0x2000beac</load_address>
         <run_address>0x2000beac</run_address>
         <size>0x2ec</size>
         <input_file_ref idref="fl-f7"/>
      </object_component>
      <object_component id="oc-178">
         <name>.text</name>
         <load_address>0x2000c198</load_address>
         <run_address>0x2000c198</run_address>
         <size>0x2cc</size>
         <input_file_ref idref="fl-b"/>
      </object_component>
      <object_component id="oc-15a">
         <name>.text</name>
         <load_address>0x2000c464</load_address>
         <run_address>0x2000c464</run_address>
         <size>0x2b4</size>
         <input_file_ref idref="fl-c"/>
      </object_component>
      <object_component id="oc-2b8">
         <name>.text</name>
         <load_address>0x2000c718</load_address>
         <run_address>0x2000c718</run_address>
         <size>0x290</size>
         <input_file_ref idref="fl-12"/>
      </object_component>
      <object_component id="oc-e6">
         <name>.text</name>
         <load_address>0x2000c9a8</load_address>
         <run_address>0x2000c9a8</run_address>
         <size>0x280</size>
         <input_file_ref idref="fl-18"/>
      </object_component>
      <object_component id="oc-16c">
         <name>.text</name>
         <load_address>0x2000cc28</load_address>
         <run_address>0x2000cc28</run_address>
         <size>0x264</size>
         <input_file_ref idref="fl-7"/>
      </object_component>
      <object_component id="oc-166">
         <name>.text</name>
         <load_address>0x2000ce8c</load_address>
         <run_address>0x2000ce8c</run_address>
         <size>0x24c</size>
         <input_file_ref idref="fl-9"/>
      </object_component>
      <object_component id="oc-172">
         <name>.text</name>
         <load_address>0x2000d0d8</load_address>
         <run_address>0x2000d0d8</run_address>
         <size>0x238</size>
         <input_file_ref idref="fl-a"/>
      </object_component>
      <object_component id="oc-410">
         <name>.text</name>
         <load_address>0x2000d310</load_address>
         <run_address>0x2000d310</run_address>
         <size>0x1f4</size>
         <input_file_ref idref="fl-112"/>
      </object_component>
      <object_component id="oc-1b0">
         <name>.text</name>
         <load_address>0x2000d504</load_address>
         <run_address>0x2000d504</run_address>
         <size>0x1d4</size>
         <input_file_ref idref="fl-e0"/>
      </object_component>
      <object_component id="oc-ec">
         <name>.text</name>
         <load_address>0x2000d6d8</load_address>
         <run_address>0x2000d6d8</run_address>
         <size>0x1b6</size>
         <input_file_ref idref="fl-e5"/>
      </object_component>
      <object_component id="oc-a4">
         <name>.text</name>
         <load_address>0x2000d88e</load_address>
         <run_address>0x2000d88e</run_address>
         <size>0x2</size>
         <input_file_ref idref="fl-110"/>
      </object_component>
      <object_component id="oc-f1">
         <name>.text</name>
         <load_address>0x2000d890</load_address>
         <run_address>0x2000d890</run_address>
         <size>0x1a8</size>
         <input_file_ref idref="fl-5"/>
      </object_component>
      <object_component id="oc-188">
         <name>.text</name>
         <load_address>0x2000da38</load_address>
         <run_address>0x2000da38</run_address>
         <size>0x198</size>
         <input_file_ref idref="fl-17"/>
      </object_component>
      <object_component id="oc-247">
         <name>.text:PRCMCC3200MCUInit</name>
         <load_address>0x2000dbd0</load_address>
         <run_address>0x2000dbd0</run_address>
         <size>0x178</size>
         <input_file_ref idref="fl-122"/>
      </object_component>
      <object_component id="oc-54d">
         <name>.text</name>
         <load_address>0x2000dd48</load_address>
         <run_address>0x2000dd48</run_address>
         <size>0x170</size>
         <input_file_ref idref="fl-e2"/>
      </object_component>
      <object_component id="oc-142">
         <name>.text</name>
         <load_address>0x2000deb8</load_address>
         <run_address>0x2000deb8</run_address>
         <size>0x168</size>
         <input_file_ref idref="fl-f"/>
      </object_component>
      <object_component id="oc-3b4">
         <name>.text</name>
         <load_address>0x2000e020</load_address>
         <run_address>0x2000e020</run_address>
         <size>0x168</size>
         <input_file_ref idref="fl-10a"/>
      </object_component>
      <object_component id="oc-3c5">
         <name>.text</name>
         <load_address>0x2000e188</load_address>
         <run_address>0x2000e188</run_address>
         <size>0x160</size>
         <input_file_ref idref="fl-108"/>
      </object_component>
      <object_component id="oc-183">
         <name>.text</name>
         <load_address>0x2000e2e8</load_address>
         <run_address>0x2000e2e8</run_address>
         <size>0x136</size>
         <input_file_ref idref="fl-e7"/>
      </object_component>
      <object_component id="oc-154">
         <name>.text</name>
         <load_address>0x2000e420</load_address>
         <run_address>0x2000e420</run_address>
         <size>0x108</size>
         <input_file_ref idref="fl-d"/>
      </object_component>
      <object_component id="oc-148">
         <name>.text</name>
         <load_address>0x2000e528</load_address>
         <run_address>0x2000e528</run_address>
         <size>0x108</size>
         <input_file_ref idref="fl-1d"/>
      </object_component>
      <object_component id="oc-f7">
         <name>.text</name>
         <load_address>0x2000e630</load_address>
         <run_address>0x2000e630</run_address>
         <size>0xfc</size>
         <input_file_ref idref="fl-e8"/>
      </object_component>
      <object_component id="oc-343">
         <name>.text</name>
         <load_address>0x2000e72c</load_address>
         <run_address>0x2000e72c</run_address>
         <size>0xfa</size>
         <input_file_ref idref="fl-eb"/>
      </object_component>
      <object_component id="oc-520">
         <name>.text</name>
         <load_address>0x2000e828</load_address>
         <run_address>0x2000e828</run_address>
         <size>0xf4</size>
         <input_file_ref idref="fl-10e"/>
      </object_component>
      <object_component id="oc-421">
         <name>.text</name>
         <load_address>0x2000e91c</load_address>
         <run_address>0x2000e91c</run_address>
         <size>0xd0</size>
         <input_file_ref idref="fl-f9"/>
      </object_component>
      <object_component id="oc-50a">
         <name>.text:IntDisable</name>
         <load_address>0x2000e9ec</load_address>
         <run_address>0x2000e9ec</run_address>
         <size>0xa8</size>
         <input_file_ref idref="fl-120"/>
      </object_component>
      <object_component id="oc-241">
         <name>.text:IntEnable</name>
         <load_address>0x2000ea94</load_address>
         <run_address>0x2000ea94</run_address>
         <size>0xa8</size>
         <input_file_ref idref="fl-120"/>
      </object_component>
      <object_component id="oc-36">
         <name>.text</name>
         <load_address>0x2000eb3c</load_address>
         <run_address>0x2000eb3c</run_address>
         <size>0x9c</size>
         <input_file_ref idref="fl-f1"/>
      </object_component>
      <object_component id="oc-1ca">
         <name>.text:PRCMPeripheralClockGet</name>
         <load_address>0x2000ebd8</load_address>
         <run_address>0x2000ebd8</run_address>
         <size>0x94</size>
         <input_file_ref idref="fl-122"/>
      </object_component>
      <object_component id="oc-33e">
         <name>.text</name>
         <load_address>0x2000ec6c</load_address>
         <run_address>0x2000ec6c</run_address>
         <size>0x92</size>
         <input_file_ref idref="fl-ed"/>
      </object_component>
      <object_component id="oc-26c">
         <name>.text:PinConfigSet</name>
         <load_address>0x2000ed00</load_address>
         <run_address>0x2000ed00</run_address>
         <size>0x88</size>
         <input_file_ref idref="fl-121"/>
      </object_component>
      <object_component id="oc-1dc">
         <name>.text</name>
         <load_address>0x2000ed88</load_address>
         <run_address>0x2000ed88</run_address>
         <size>0x88</size>
         <input_file_ref idref="fl-100"/>
      </object_component>
      <object_component id="oc-3ba">
         <name>.text:__aeabi_cdcmple</name>
         <load_address>0x2000ee10</load_address>
         <run_address>0x2000ee10</run_address>
         <size>0x86</size>
         <input_file_ref idref="fl-e6"/>
      </object_component>
      <object_component id="oc-3cf">
         <name>.text:__aeabi_cdrcmple</name>
         <load_address>0x2000ee96</load_address>
         <run_address>0x2000ee96</run_address>
         <size>0x86</size>
         <input_file_ref idref="fl-e6"/>
      </object_component>
      <object_component id="oc-4bb">
         <name>.text:I2CMasterInitExpClk</name>
         <load_address>0x2000ef1c</load_address>
         <run_address>0x2000ef1c</run_address>
         <size>0x84</size>
         <input_file_ref idref="fl-11e"/>
      </object_component>
      <object_component id="oc-2d1">
         <name>.text:SDHostInit</name>
         <load_address>0x2000efa0</load_address>
         <run_address>0x2000efa0</run_address>
         <size>0x7c</size>
         <input_file_ref idref="fl-123"/>
      </object_component>
      <object_component id="oc-4f">
         <name>.text</name>
         <load_address>0x2000f01c</load_address>
         <run_address>0x2000f01c</run_address>
         <size>0x7a</size>
         <input_file_ref idref="fl-f4"/>
      </object_component>
      <object_component id="oc-1d0">
         <name>.text:UARTConfigSetExpClk</name>
         <load_address>0x2000f096</load_address>
         <run_address>0x2000f096</run_address>
         <size>0x76</size>
         <input_file_ref idref="fl-126"/>
      </object_component>
      <object_component id="oc-35e">
         <name>.text:TimerIntRegister</name>
         <load_address>0x2000f10c</load_address>
         <run_address>0x2000f10c</run_address>
         <size>0x70</size>
         <input_file_ref idref="fl-125"/>
      </object_component>
      <object_component id="oc-67">
         <name>.text</name>
         <load_address>0x2000f17c</load_address>
         <run_address>0x2000f17c</run_address>
         <size>0x70</size>
         <input_file_ref idref="fl-105"/>
      </object_component>
      <object_component id="oc-32a">
         <name>.text</name>
         <load_address>0x2000f1ec</load_address>
         <run_address>0x2000f1ec</run_address>
         <size>0x6e</size>
         <input_file_ref idref="fl-ea"/>
      </object_component>
      <object_component id="oc-42">
         <name>.text</name>
         <load_address>0x2000f25a</load_address>
         <run_address>0x2000f25a</run_address>
         <size>0x6a</size>
         <input_file_ref idref="fl-de"/>
      </object_component>
      <object_component id="oc-38e">
         <name>.text:TimerIntUnregister</name>
         <load_address>0x2000f2c4</load_address>
         <run_address>0x2000f2c4</run_address>
         <size>0x68</size>
         <input_file_ref idref="fl-125"/>
      </object_component>
      <object_component id="oc-2d7">
         <name>.text:SDHostSetExpClk</name>
         <load_address>0x2000f32c</load_address>
         <run_address>0x2000f32c</run_address>
         <size>0x66</size>
         <input_file_ref idref="fl-123"/>
      </object_component>
      <object_component id="oc-32f">
         <name>.text:__aeabi_cfcmple</name>
         <load_address>0x2000f392</load_address>
         <run_address>0x2000f392</run_address>
         <size>0x60</size>
         <input_file_ref idref="fl-ec"/>
      </object_component>
      <object_component id="oc-334">
         <name>.text:__aeabi_cfrcmple</name>
         <load_address>0x2000f3f2</load_address>
         <run_address>0x2000f3f2</run_address>
         <size>0x60</size>
         <input_file_ref idref="fl-ec"/>
      </object_component>
      <object_component id="oc-fc">
         <name>.text</name>
         <load_address>0x2000f454</load_address>
         <run_address>0x2000f454</run_address>
         <size>0x60</size>
         <input_file_ref idref="fl-fb"/>
      </object_component>
      <object_component id="oc-41b">
         <name>.text</name>
         <load_address>0x2000f4b4</load_address>
         <run_address>0x2000f4b4</run_address>
         <size>0x5c</size>
         <input_file_ref idref="fl-10f"/>
      </object_component>
      <object_component id="oc-2b2">
         <name>.text:PRCMPeripheralReset</name>
         <load_address>0x2000f510</load_address>
         <run_address>0x2000f510</run_address>
         <size>0x58</size>
         <input_file_ref idref="fl-122"/>
      </object_component>
      <object_component id="oc-415">
         <name>.text</name>
         <load_address>0x2000f568</load_address>
         <run_address>0x2000f568</run_address>
         <size>0x56</size>
         <input_file_ref idref="fl-10b"/>
      </object_component>
      <object_component id="oc-358">
         <name>.text:IntPrioritySet</name>
         <load_address>0x2000f5c0</load_address>
         <run_address>0x2000f5c0</run_address>
         <size>0x54</size>
         <input_file_ref idref="fl-120"/>
      </object_component>
      <object_component id="oc-73">
         <name>.text</name>
         <load_address>0x2000f614</load_address>
         <run_address>0x2000f614</run_address>
         <size>0x54</size>
         <input_file_ref idref="fl-e4"/>
      </object_component>
      <object_component id="oc-433">
         <name>.text</name>
         <load_address>0x2000f668</load_address>
         <run_address>0x2000f668</run_address>
         <size>0x4c</size>
         <input_file_ref idref="fl-104"/>
      </object_component>
      <object_component id="oc-9e">
         <name>.text</name>
         <load_address>0x2000f6b4</load_address>
         <run_address>0x2000f6b4</run_address>
         <size>0x4c</size>
         <input_file_ref idref="fl-106"/>
      </object_component>
      <object_component id="oc-3af">
         <name>.text</name>
         <load_address>0x2000f700</load_address>
         <run_address>0x2000f700</run_address>
         <size>0x48</size>
         <input_file_ref idref="fl-e9"/>
      </object_component>
      <object_component id="oc-34c">
         <name>.text:TimerConfigure</name>
         <load_address>0x2000f748</load_address>
         <run_address>0x2000f748</run_address>
         <size>0x44</size>
         <input_file_ref idref="fl-125"/>
      </object_component>
      <object_component id="oc-480">
         <name>.text:UARTIntNumberGet</name>
         <load_address>0x2000f78c</load_address>
         <run_address>0x2000f78c</run_address>
         <size>0x44</size>
         <input_file_ref idref="fl-126"/>
      </object_component>
      <object_component id="oc-24e">
         <name>.text:PinModeSet</name>
         <load_address>0x2000f7d0</load_address>
         <run_address>0x2000f7d0</run_address>
         <size>0x40</size>
         <input_file_ref idref="fl-121"/>
      </object_component>
      <object_component id="oc-24">
         <name>.text</name>
         <load_address>0x2000f810</load_address>
         <run_address>0x2000f810</run_address>
         <size>0x40</size>
         <input_file_ref idref="fl-dc"/>
      </object_component>
      <object_component id="oc-5a6">
         <name>.text:SDHostCmdSend</name>
         <load_address>0x2000f850</load_address>
         <run_address>0x2000f850</run_address>
         <size>0x3e</size>
         <input_file_ref idref="fl-123"/>
      </object_component>
      <object_component id="oc-254">
         <name>.text:PRCMPeripheralClkEnable</name>
         <load_address>0x2000f890</load_address>
         <run_address>0x2000f890</run_address>
         <size>0x3c</size>
         <input_file_ref idref="fl-122"/>
      </object_component>
      <object_component id="oc-266">
         <name>.text:PinDirModeSet</name>
         <load_address>0x2000f8cc</load_address>
         <run_address>0x2000f8cc</run_address>
         <size>0x3c</size>
         <input_file_ref idref="fl-121"/>
      </object_component>
      <object_component id="oc-3ff">
         <name>.text</name>
         <load_address>0x2000f908</load_address>
         <run_address>0x2000f908</run_address>
         <size>0x38</size>
         <input_file_ref idref="fl-ee"/>
      </object_component>
      <object_component id="oc-339">
         <name>.text</name>
         <load_address>0x2000f940</load_address>
         <run_address>0x2000f940</run_address>
         <size>0x38</size>
         <input_file_ref idref="fl-f0"/>
      </object_component>
      <object_component id="oc-25a">
         <name>.text:GPIODirModeSet</name>
         <load_address>0x2000f978</load_address>
         <run_address>0x2000f978</run_address>
         <size>0x36</size>
         <input_file_ref idref="fl-11c"/>
      </object_component>
      <object_component id="oc-5b8">
         <name>.text:SDHostRespGet</name>
         <load_address>0x2000f9ae</load_address>
         <run_address>0x2000f9ae</run_address>
         <size>0x34</size>
         <input_file_ref idref="fl-123"/>
      </object_component>
      <object_component id="oc-3db">
         <name>.text:UARTDisable</name>
         <load_address>0x2000f9e4</load_address>
         <run_address>0x2000f9e4</run_address>
         <size>0x30</size>
         <input_file_ref idref="fl-126"/>
      </object_component>
      <object_component id="oc-17e">
         <name>.text</name>
         <load_address>0x2000fa14</load_address>
         <run_address>0x2000fa14</run_address>
         <size>0x2e</size>
         <input_file_ref idref="fl-ef"/>
      </object_component>
      <object_component id="oc-4a3">
         <name>.text:I2CMasterErr</name>
         <load_address>0x2000fa42</load_address>
         <run_address>0x2000fa42</run_address>
         <size>0x2c</size>
         <input_file_ref idref="fl-11e"/>
      </object_component>
      <object_component id="oc-453">
         <name>.text:PRCMSysResetCauseGet</name>
         <load_address>0x2000fa70</load_address>
         <run_address>0x2000fa70</run_address>
         <size>0x2c</size>
         <input_file_ref idref="fl-122"/>
      </object_component>
      <object_component id="oc-5ac">
         <name>.text:SDHostIntStatus</name>
         <load_address>0x2000fa9c</load_address>
         <run_address>0x2000fa9c</run_address>
         <size>0x2c</size>
         <input_file_ref idref="fl-123"/>
      </object_component>
      <object_component id="oc-376">
         <name>.text:TimerLoadSet</name>
         <load_address>0x2000fac8</load_address>
         <run_address>0x2000fac8</run_address>
         <size>0x2a</size>
         <input_file_ref idref="fl-125"/>
      </object_component>
      <object_component id="oc-352">
         <name>.text:TimerPrescaleSet</name>
         <load_address>0x2000faf2</load_address>
         <run_address>0x2000faf2</run_address>
         <size>0x2a</size>
         <input_file_ref idref="fl-125"/>
      </object_component>
      <object_component id="oc-465">
         <name>.text:PRCMPeripheralClkDisable</name>
         <load_address>0x2000fb1c</load_address>
         <run_address>0x2000fb1c</run_address>
         <size>0x28</size>
         <input_file_ref idref="fl-122"/>
      </object_component>
      <object_component id="oc-5be">
         <name>.text:SDHostBlockSizeSet</name>
         <load_address>0x2000fb44</load_address>
         <run_address>0x2000fb44</run_address>
         <size>0x28</size>
         <input_file_ref idref="fl-123"/>
      </object_component>
      <object_component id="oc-5c4">
         <name>.text:SDHostBlockCountSet</name>
         <load_address>0x2000fb6c</load_address>
         <run_address>0x2000fb6c</run_address>
         <size>0x26</size>
         <input_file_ref idref="fl-123"/>
      </object_component>
      <object_component id="oc-510">
         <name>.text:IntUnregister</name>
         <load_address>0x2000fb94</load_address>
         <run_address>0x2000fb94</run_address>
         <size>0x24</size>
         <input_file_ref idref="fl-120"/>
      </object_component>
      <object_component id="oc-5a0">
         <name>.text:SDHostIntClear</name>
         <load_address>0x2000fbb8</load_address>
         <run_address>0x2000fbb8</run_address>
         <size>0x24</size>
         <input_file_ref idref="fl-123"/>
      </object_component>
      <object_component id="oc-30c">
         <name>.text:UARTCharPutNonBlocking</name>
         <load_address>0x2000fbdc</load_address>
         <run_address>0x2000fbdc</run_address>
         <size>0x24</size>
         <input_file_ref idref="fl-126"/>
      </object_component>
      <object_component id="oc-2a9">
         <name>.text:UARTEnable</name>
         <load_address>0x2000fc00</load_address>
         <run_address>0x2000fc00</run_address>
         <size>0x24</size>
         <input_file_ref idref="fl-126"/>
      </object_component>
      <object_component id="oc-14e">
         <name>.text</name>
         <load_address>0x2000fc24</load_address>
         <run_address>0x2000fc24</run_address>
         <size>0x24</size>
         <input_file_ref idref="fl-1c"/>
      </object_component>
      <object_component id="oc-1f4">
         <name>.text</name>
         <load_address>0x2000fc48</load_address>
         <run_address>0x2000fc48</run_address>
         <size>0x24</size>
         <input_file_ref idref="fl-f2"/>
      </object_component>
      <object_component id="oc-4a9">
         <name>.text:I2CMasterSlaveAddrSet</name>
         <load_address>0x2000fc6c</load_address>
         <run_address>0x2000fc6c</run_address>
         <size>0x22</size>
         <input_file_ref idref="fl-11e"/>
      </object_component>
      <object_component id="oc-5b2">
         <name>.text:SDHostCmdReset</name>
         <load_address>0x2000fc8e</load_address>
         <run_address>0x2000fc8e</run_address>
         <size>0x22</size>
         <input_file_ref idref="fl-123"/>
      </object_component>
      <object_component id="oc-2cb">
         <name>.text:GPIOPinWrite</name>
         <load_address>0x2000fcb0</load_address>
         <run_address>0x2000fcb0</run_address>
         <size>0x20</size>
         <input_file_ref idref="fl-11c"/>
      </object_component>
      <object_component id="oc-486">
         <name>.text:IntRegister</name>
         <load_address>0x2000fcd0</load_address>
         <run_address>0x2000fcd0</run_address>
         <size>0x20</size>
         <input_file_ref idref="fl-120"/>
      </object_component>
      <object_component id="oc-5ca">
         <name>.text:SDHostDataRead</name>
         <load_address>0x2000fcf0</load_address>
         <run_address>0x2000fcf0</run_address>
         <size>0x20</size>
         <input_file_ref idref="fl-123"/>
      </object_component>
      <object_component id="oc-18e">
         <name>.text</name>
         <load_address>0x2000fd10</load_address>
         <run_address>0x2000fd10</run_address>
         <size>0x20</size>
         <input_file_ref idref="fl-ff"/>
      </object_component>
      <object_component id="oc-491">
         <name>.text:I2CMasterIntStatusEx</name>
         <load_address>0x2000fd30</load_address>
         <run_address>0x2000fd30</run_address>
         <size>0x1e</size>
         <input_file_ref idref="fl-11e"/>
      </object_component>
      <object_component id="oc-5d3">
         <name>.text:SDHostDataWrite</name>
         <load_address>0x2000fd4e</load_address>
         <run_address>0x2000fd4e</run_address>
         <size>0x1e</size>
         <input_file_ref idref="fl-123"/>
      </object_component>
      <object_component id="oc-382">
         <name>.text:TimerDisable</name>
         <load_address>0x2000fd6c</load_address>
         <run_address>0x2000fd6c</run_address>
         <size>0x1e</size>
         <input_file_ref idref="fl-125"/>
      </object_component>
      <object_component id="oc-37c">
         <name>.text:TimerEnable</name>
         <load_address>0x2000fd8a</load_address>
         <run_address>0x2000fd8a</run_address>
         <size>0x1e</size>
         <input_file_ref idref="fl-125"/>
      </object_component>
      <object_component id="oc-36a">
         <name>.text:TimerIntStatus</name>
         <load_address>0x2000fda8</load_address>
         <run_address>0x2000fda8</run_address>
         <size>0x1e</size>
         <input_file_ref idref="fl-125"/>
      </object_component>
      <object_component id="oc-1d6">
         <name>.text:UARTCharPut</name>
         <load_address>0x2000fdc6</load_address>
         <run_address>0x2000fdc6</run_address>
         <size>0x1e</size>
         <input_file_ref idref="fl-126"/>
      </object_component>
      <object_component id="oc-2a3">
         <name>.text:UARTIntRegister</name>
         <load_address>0x2000fde4</load_address>
         <run_address>0x2000fde4</run_address>
         <size>0x1e</size>
         <input_file_ref idref="fl-126"/>
      </object_component>
      <object_component id="oc-27f">
         <name>.text:UARTIntStatus</name>
         <load_address>0x2000fe02</load_address>
         <run_address>0x2000fe02</run_address>
         <size>0x1e</size>
         <input_file_ref idref="fl-126"/>
      </object_component>
      <object_component id="oc-278">
         <name>.text:PinTypeI2C</name>
         <load_address>0x2000fe20</load_address>
         <run_address>0x2000fe20</run_address>
         <size>0x1c</size>
         <input_file_ref idref="fl-121"/>
      </object_component>
      <object_component id="oc-394">
         <name>.text:TimerValueGet</name>
         <load_address>0x2000fe3c</load_address>
         <run_address>0x2000fe3c</run_address>
         <size>0x1c</size>
         <input_file_ref idref="fl-125"/>
      </object_component>
      <object_component id="oc-1e8">
         <name>.text:UARTCharGetNonBlocking</name>
         <load_address>0x2000fe58</load_address>
         <run_address>0x2000fe58</run_address>
         <size>0x1c</size>
         <input_file_ref idref="fl-126"/>
      </object_component>
      <object_component id="oc-13c">
         <name>.text</name>
         <load_address>0x2000fe74</load_address>
         <run_address>0x2000fe74</run_address>
         <size>0x1c</size>
         <input_file_ref idref="fl-e"/>
      </object_component>
      <object_component id="oc-42d">
         <name>.text</name>
         <load_address>0x2000fe90</load_address>
         <run_address>0x2000fe90</run_address>
         <size>0x1c</size>
         <input_file_ref idref="fl-10c"/>
      </object_component>
      <object_component id="oc-260">
         <name>.text:PinTypeSDHost</name>
         <load_address>0x2000feac</load_address>
         <run_address>0x2000feac</run_address>
         <size>0x1a</size>
         <input_file_ref idref="fl-121"/>
      </object_component>
      <object_component id="oc-272">
         <name>.text:PinTypeUART</name>
         <load_address>0x2000fec6</load_address>
         <run_address>0x2000fec6</run_address>
         <size>0x1a</size>
         <input_file_ref idref="fl-121"/>
      </object_component>
      <object_component id="oc-2f0">
         <name>.text:GPIOPinRead</name>
         <load_address>0x2000fee0</load_address>
         <run_address>0x2000fee0</run_address>
         <size>0x18</size>
         <input_file_ref idref="fl-11c"/>
      </object_component>
      <object_component id="oc-316">
         <name>.text:I2CMasterBusy</name>
         <load_address>0x2000fef8</load_address>
         <run_address>0x2000fef8</run_address>
         <size>0x18</size>
         <input_file_ref idref="fl-11e"/>
      </object_component>
      <object_component id="oc-388">
         <name>.text:TimerIntDisable</name>
         <load_address>0x2000ff10</load_address>
         <run_address>0x2000ff10</run_address>
         <size>0x18</size>
         <input_file_ref idref="fl-125"/>
      </object_component>
      <object_component id="oc-364">
         <name>.text:TimerIntEnable</name>
         <load_address>0x2000ff28</load_address>
         <run_address>0x2000ff28</run_address>
         <size>0x18</size>
         <input_file_ref idref="fl-125"/>
      </object_component>
      <object_component id="oc-1e2">
         <name>.text:UARTCharsAvail</name>
         <load_address>0x2000ff40</load_address>
         <run_address>0x2000ff40</run_address>
         <size>0x18</size>
         <input_file_ref idref="fl-126"/>
      </object_component>
      <object_component id="oc-297">
         <name>.text:UARTFIFOLevelSet</name>
         <load_address>0x2000ff58</load_address>
         <run_address>0x2000ff58</run_address>
         <size>0x18</size>
         <input_file_ref idref="fl-126"/>
      </object_component>
      <object_component id="oc-28b">
         <name>.text:UARTIntDisable</name>
         <load_address>0x2000ff70</load_address>
         <run_address>0x2000ff70</run_address>
         <size>0x18</size>
         <input_file_ref idref="fl-126"/>
      </object_component>
      <object_component id="oc-291">
         <name>.text:UARTIntEnable</name>
         <load_address>0x2000ff88</load_address>
         <run_address>0x2000ff88</run_address>
         <size>0x18</size>
         <input_file_ref idref="fl-126"/>
      </object_component>
      <object_component id="oc-6d">
         <name>.text</name>
         <load_address>0x2000ffa0</load_address>
         <run_address>0x2000ffa0</run_address>
         <size>0x18</size>
         <input_file_ref idref="fl-103"/>
      </object_component>
      <object_component id="oc-4af">
         <name>.text:I2CMasterDataPut</name>
         <load_address>0x2000ffb8</load_address>
         <run_address>0x2000ffb8</run_address>
         <size>0x16</size>
         <input_file_ref idref="fl-11e"/>
      </object_component>
      <object_component id="oc-2c4">
         <name>.text:I2CMasterEnable</name>
         <load_address>0x2000ffce</load_address>
         <run_address>0x2000ffce</run_address>
         <size>0x16</size>
         <input_file_ref idref="fl-11e"/>
      </object_component>
      <object_component id="oc-459">
         <name>.text:PRCMHIBRegRead</name>
         <load_address>0x2000ffe4</load_address>
         <run_address>0x2000ffe4</run_address>
         <size>0x16</size>
         <input_file_ref idref="fl-122"/>
      </object_component>
      <object_component id="oc-45f">
         <name>.text:PRCMHIBRegWrite</name>
         <load_address>0x2000fffa</load_address>
         <run_address>0x2000fffa</run_address>
         <size>0x16</size>
         <input_file_ref idref="fl-122"/>
      </object_component>
      <object_component id="oc-29d">
         <name>.text:UARTFIFOEnable</name>
         <load_address>0x20010010</load_address>
         <run_address>0x20010010</run_address>
         <size>0x16</size>
         <input_file_ref idref="fl-126"/>
      </object_component>
      <object_component id="oc-427">
         <name>.text</name>
         <load_address>0x20010026</load_address>
         <run_address>0x20010026</run_address>
         <size>0x16</size>
         <input_file_ref idref="fl-111"/>
      </object_component>
      <object_component id="oc-448">
         <name>.text:CPUcpsie</name>
         <load_address>0x2001003c</load_address>
         <run_address>0x2001003c</run_address>
         <size>0x14</size>
         <input_file_ref idref="fl-12a"/>
      </object_component>
      <object_component id="oc-235">
         <name>.text:IntVTableBaseSet</name>
         <load_address>0x20010050</load_address>
         <run_address>0x20010050</run_address>
         <size>0x14</size>
         <input_file_ref idref="fl-120"/>
      </object_component>
      <object_component id="oc-129">
         <name>.text</name>
         <load_address>0x20010064</load_address>
         <run_address>0x20010064</run_address>
         <size>0x14</size>
         <input_file_ref idref="fl-101"/>
      </object_component>
      <object_component id="oc-1ee">
         <name>.text</name>
         <load_address>0x20010078</load_address>
         <run_address>0x20010078</run_address>
         <size>0x14</size>
         <input_file_ref idref="fl-fd"/>
      </object_component>
      <object_component id="oc-49d">
         <name>.text:I2CMasterControl</name>
         <load_address>0x2001008c</load_address>
         <run_address>0x2001008c</run_address>
         <size>0x12</size>
         <input_file_ref idref="fl-11e"/>
      </object_component>
      <object_component id="oc-2be">
         <name>.text:I2CMasterIntClearEx</name>
         <load_address>0x2001009e</load_address>
         <run_address>0x2001009e</run_address>
         <size>0x12</size>
         <input_file_ref idref="fl-11e"/>
      </object_component>
      <object_component id="oc-497">
         <name>.text:I2CMasterTimeoutSet</name>
         <load_address>0x200100b0</load_address>
         <run_address>0x200100b0</run_address>
         <size>0x12</size>
         <input_file_ref idref="fl-11e"/>
      </object_component>
      <object_component id="oc-370">
         <name>.text:TimerIntClear</name>
         <load_address>0x200100c2</load_address>
         <run_address>0x200100c2</run_address>
         <size>0x12</size>
         <input_file_ref idref="fl-125"/>
      </object_component>
      <object_component id="oc-285">
         <name>.text:UARTIntClear</name>
         <load_address>0x200100d4</load_address>
         <run_address>0x200100d4</run_address>
         <size>0x12</size>
         <input_file_ref idref="fl-126"/>
      </object_component>
      <object_component id="oc-2d">
         <name>.text</name>
         <load_address>0x200100e6</load_address>
         <run_address>0x200100e6</run_address>
         <size>0x10</size>
         <input_file_ref idref="fl-16"/>
      </object_component>
      <object_component id="oc-4b5">
         <name>.text:I2CMasterDataGet</name>
         <load_address>0x200100f6</load_address>
         <run_address>0x200100f6</run_address>
         <size>0xe</size>
         <input_file_ref idref="fl-11e"/>
      </object_component>
      <object_component id="oc-12">
         <name>.text:decompress:none</name>
         <load_address>0x20010104</load_address>
         <run_address>0x20010104</run_address>
         <size>0xe</size>
         <input_file_ref idref="fl-dd"/>
      </object_component>
      <object_component id="oc-23b">
         <name>.text:IntMasterEnable</name>
         <load_address>0x20010112</load_address>
         <run_address>0x20010112</run_address>
         <size>0xa</size>
         <input_file_ref idref="fl-120"/>
      </object_component>
      <object_component id="oc-563">
         <name>.text</name>
         <load_address>0x2001011c</load_address>
         <run_address>0x2001011c</run_address>
         <size>0x8</size>
         <input_file_ref idref="fl-10d"/>
      </object_component>
      <object_component id="oc-2ef">
         <name>.text:UtilsDelay</name>
         <load_address>0x20010124</load_address>
         <run_address>0x20010124</run_address>
         <size>0x6</size>
         <input_file_ref idref="fl-128"/>
      </object_component>
      <object_component id="oc-18">
         <name>.text:decompress:rle24</name>
         <load_address>0x2001012a</load_address>
         <run_address>0x2001012a</run_address>
         <size>0x6</size>
         <input_file_ref idref="fl-de"/>
      </object_component>
      <object_component id="oc-61">
         <name>.text</name>
         <load_address>0x20010130</load_address>
         <run_address>0x20010130</run_address>
         <size>0x4</size>
         <input_file_ref idref="fl-f6"/>
      </object_component>
      <object_component id="oc-526">
         <name>.const:$O1$$</name>
         <load_address>0x20010138</load_address>
         <run_address>0x20010138</run_address>
         <size>0x158</size>
         <input_file_ref idref="fl-109"/>
      </object_component>
      <object_component id="oc-56f">
         <name>.const:.string:_ctypes_</name>
         <load_address>0x20010290</load_address>
         <run_address>0x20010290</run_address>
         <size>0x101</size>
         <input_file_ref idref="fl-107"/>
      </object_component>
      <object_component id="oc-309">
         <name>.const:.string:$P$T3$4</name>
         <load_address>0x20010391</load_address>
         <run_address>0x20010391</run_address>
         <size>0x3</size>
         <input_file_ref idref="fl-8"/>
      </object_component>
      <object_component id="oc-46c">
         <name>.const:g_ulPinToPadMap</name>
         <load_address>0x20010394</load_address>
         <run_address>0x20010394</run_address>
         <size>0x100</size>
         <input_file_ref idref="fl-121"/>
      </object_component>
      <object_component id="oc-4fd">
         <name>.const:g_pulRegs</name>
         <load_address>0x20010494</load_address>
         <run_address>0x20010494</run_address>
         <size>0xd4</size>
         <input_file_ref idref="fl-120"/>
      </object_component>
      <object_component id="oc-470">
         <name>.const:PRCM_PeriphRegsList</name>
         <load_address>0x20010568</load_address>
         <run_address>0x20010568</run_address>
         <size>0xa8</size>
         <input_file_ref idref="fl-122"/>
      </object_component>
      <object_component id="oc-3d4">
         <name>.const:$O1$$</name>
         <load_address>0x20010610</load_address>
         <run_address>0x20010610</run_address>
         <size>0x98</size>
         <input_file_ref idref="fl-f7"/>
      </object_component>
      <object_component id="oc-216">
         <name>.const:$P$T0$1</name>
         <load_address>0x200106a8</load_address>
         <run_address>0x200106a8</run_address>
         <size>0x48</size>
         <input_file_ref idref="fl-5"/>
      </object_component>
      <object_component id="oc-10b">
         <name>.const:$P$T3$4</name>
         <load_address>0x200106f0</load_address>
         <run_address>0x200106f0</run_address>
         <size>0x48</size>
         <input_file_ref idref="fl-3"/>
      </object_component>
      <object_component id="oc-10e">
         <name>.const:$P$T4$5</name>
         <load_address>0x20010738</load_address>
         <run_address>0x20010738</run_address>
         <size>0x48</size>
         <input_file_ref idref="fl-3"/>
      </object_component>
      <object_component id="oc-303">
         <name>.const:.string:$P$T1$2</name>
         <load_address>0x20010780</load_address>
         <run_address>0x20010780</run_address>
         <size>0x40</size>
         <input_file_ref idref="fl-8"/>
      </object_component>
      <object_component id="oc-556">
         <name>.const:$O1$$</name>
         <load_address>0x200107c0</load_address>
         <run_address>0x200107c0</run_address>
         <size>0x30</size>
         <input_file_ref idref="fl-e1"/>
      </object_component>
      <object_component id="oc-312">
         <name>.const:.string:$P$T4$5</name>
         <load_address>0x200107f0</load_address>
         <run_address>0x200107f0</run_address>
         <size>0x30</size>
         <input_file_ref idref="fl-8"/>
      </object_component>
      <object_component id="oc-111">
         <name>.const:.string:$P$T5$6</name>
         <load_address>0x20010820</load_address>
         <run_address>0x20010820</run_address>
         <size>0x27</size>
         <input_file_ref idref="fl-3"/>
      </object_component>
      <object_component id="oc-102">
         <name>.const:$P$T0$1</name>
         <load_address>0x20010848</load_address>
         <run_address>0x20010848</run_address>
         <size>0x18</size>
         <input_file_ref idref="fl-3"/>
      </object_component>
      <object_component id="oc-105">
         <name>.const:$P$T1$2</name>
         <load_address>0x20010860</load_address>
         <run_address>0x20010860</run_address>
         <size>0x18</size>
         <input_file_ref idref="fl-3"/>
      </object_component>
      <object_component id="oc-108">
         <name>.const:$P$T2$3</name>
         <load_address>0x20010878</load_address>
         <run_address>0x20010878</run_address>
         <size>0x18</size>
         <input_file_ref idref="fl-3"/>
      </object_component>
      <object_component id="oc-5e1">
         <name>.const:g_pulDisRegs</name>
         <load_address>0x20010890</load_address>
         <run_address>0x20010890</run_address>
         <size>0x18</size>
         <input_file_ref idref="fl-120"/>
      </object_component>
      <object_component id="oc-44f">
         <name>.const:g_pulEnRegs</name>
         <load_address>0x200108a8</load_address>
         <run_address>0x200108a8</run_address>
         <size>0x18</size>
         <input_file_ref idref="fl-120"/>
      </object_component>
      <object_component id="oc-300">
         <name>.const:.string:$P$T0$1</name>
         <load_address>0x200108c0</load_address>
         <run_address>0x200108c0</run_address>
         <size>0x14</size>
         <input_file_ref idref="fl-8"/>
      </object_component>
      <object_component id="oc-588">
         <name>.const:g_ppulUARTIntMap</name>
         <load_address>0x200108d4</load_address>
         <run_address>0x200108d4</run_address>
         <size>0x10</size>
         <input_file_ref idref="fl-126"/>
      </object_component>
      <object_component id="oc-306">
         <name>.const:.string:$P$T2$3</name>
         <load_address>0x200108e4</load_address>
         <run_address>0x200108e4</run_address>
         <size>0x4</size>
         <input_file_ref idref="fl-8"/>
      </object_component>
      <object_component id="oc-655">
         <name>.cinit..data.load</name>
         <load_address>0x200108e8</load_address>
         <run_address>0x200108e8</run_address>
         <size>0x130</size>
      </object_component>
      <object_component id="oc-656">
         <name>.cinit..bss.load</name>
         <load_address>0x20010a18</load_address>
         <run_address>0x20010a18</run_address>
         <size>0x9</size>
      </object_component>
      <object_component id="oc-653">
         <name>__TI_handler_table</name>
         <load_address>0x20010a24</load_address>
         <run_address>0x20010a24</run_address>
         <size>0x8</size>
      </object_component>
      <object_component id="oc-654">
         <name>__TI_cinit_table</name>
         <load_address>0x20010a2c</load_address>
         <run_address>0x20010a2c</run_address>
         <size>0x10</size>
      </object_component>
      <object_component id="oc-31c">
         <name>.data</name>
         <load_address>0x2001f100</load_address>
         <run_address>0x2001f100</run_address>
         <size>0x2c</size>
         <input_file_ref idref="fl-9"/>
      </object_component>
      <object_component id="oc-2f6">
         <name>.data:ds2401_crc8_table</name>
         <load_address>0x2001f000</load_address>
         <run_address>0x2001f000</run_address>
         <size>0x100</size>
         <input_file_ref idref="fl-c"/>
      </object_component>
      <object_component id="oc-5d0">
         <name>.data:g_sDisk</name>
         <load_address>0x2001f12c</load_address>
         <run_address>0x2001f12c</run_address>
         <size>0x18</size>
         <input_file_ref idref="fl-1b"/>
      </object_component>
      <object_component id="oc-553">
         <name>.data</name>
         <load_address>0x2001f164</load_address>
         <run_address>0x2001f164</run_address>
         <size>0x4</size>
         <input_file_ref idref="fl-e3"/>
      </object_component>
      <object_component id="oc-b4">
         <name>.data:$O1$$</name>
         <load_address>0x2001f144</load_address>
         <run_address>0x2001f144</run_address>
         <size>0xc</size>
         <input_file_ref idref="fl-e4"/>
      </object_component>
      <object_component id="oc-3f5">
         <name>.data:$O1$$</name>
         <load_address>0x2001f150</load_address>
         <run_address>0x2001f150</run_address>
         <size>0xc</size>
         <input_file_ref idref="fl-f3"/>
      </object_component>
      <object_component id="oc-79">
         <name>.data</name>
         <load_address>0x2001f168</load_address>
         <run_address>0x2001f168</run_address>
         <size>0x4</size>
         <input_file_ref idref="fl-fc"/>
      </object_component>
      <object_component id="oc-b7">
         <name>.data:$O1$$</name>
         <load_address>0x2001f15c</load_address>
         <run_address>0x2001f15c</run_address>
         <size>0x8</size>
         <input_file_ref idref="fl-101"/>
      </object_component>
      <object_component id="oc-200">
         <name>.bss</name>
         <uninitialized>true</uninitialized>
         <run_address>0x2001f194</run_address>
         <size>0x4</size>
         <input_file_ref idref="fl-18"/>
      </object_component>
      <object_component id="oc-2af">
         <name>.common:ack_msg</name>
         <uninitialized>true</uninitialized>
         <run_address>0x2001f188</run_address>
         <size>0xc</size>
      </object_component>
      <object_component id="oc-19a">
         <name>.common:nav_msg</name>
         <uninitialized>true</uninitialized>
         <run_address>0x2001f16c</run_address>
         <size>0x1c</size>
      </object_component>
      <object_component id="oc-2b0">
         <name>.common:new_ack_msg</name>
         <uninitialized>true</uninitialized>
         <run_address>0x2001f19c</run_address>
         <size>0x4</size>
      </object_component>
      <object_component id="oc-193">
         <name>.common:new_nav_msg</name>
         <uninitialized>true</uninitialized>
         <run_address>0x2001f1a0</run_address>
         <size>0x4</size>
      </object_component>
      <object_component id="oc-4ce">
         <name>.common:FatFs</name>
         <uninitialized>true</uninitialized>
         <run_address>0x2001f198</run_address>
         <size>0x4</size>
      </object_component>
      <object_component id="oc-4d1">
         <name>.common:Fsid</name>
         <uninitialized>true</uninitialized>
         <run_address>0x2001f1a4</run_address>
         <size>0x2</size>
      </object_component>
      <object_component id="oc-2a">
         <name>.sysmem</name>
         <uninitialized>true</uninitialized>
         <run_address>0x20017000</run_address>
         <size>0x8</size>
         <input_file_ref idref="fl-f3"/>
      </object_component>
      <object_component id="oc-658">
         <name>.sysmem</name>
         <uninitialized>true</uninitialized>
         <run_address>0x20017000</run_address>
         <size>0x0</size>
      </object_component>
      <object_component id="oc-29">
         <name>.stack</name>
         <uninitialized>true</uninitialized>
         <run_address>0x2002faec</run_address>
         <size>0x0</size>
         <input_file_ref idref="fl-dc"/>
      </object_component>
      <object_component id="oc-657">
         <name>.stack</name>
         <uninitialized>true</uninitialized>
         <run_address>0x2002faec</run_address>
         <size>0x0</size>
      </object_component>
      <object_component id="oc-194">
         <name>.debug_info</name>
         <load_address>0x0</load_address>
         <run_address>0x0</run_address>
         <size>0x68d</size>
         <input_file_ref idref="fl-2"/>
      </object_component>
      <object_component id="oc-db">
         <name>.debug_info</name>
         <load_address>0x68d</load_address>
         <run_address>0x68d</run_address>
         <size>0xda0</size>
         <input_file_ref idref="fl-2"/>
      </object_component>
      <object_component id="oc-2e5">
         <name>.debug_info</name>
         <load_address>0x142d</load_address>
         <run_address>0x142d</run_address>
         <size>0x4b1</size>
         <input_file_ref idref="fl-2"/>
      </object_component>
      <object_component id="oc-1a6">
         <name>.debug_info</name>
         <load_address>0x18de</load_address>
         <run_address>0x18de</run_address>
         <size>0x72</size>
         <input_file_ref idref="fl-2"/>
      </object_component>
      <object_component id="oc-1a1">
         <name>.debug_info</name>
         <load_address>0x1950</load_address>
         <run_address>0x1950</run_address>
         <size>0x72</size>
         <input_file_ref idref="fl-2"/>
      </object_component>
      <object_component id="oc-1ab">
         <name>.debug_info</name>
         <load_address>0x19c2</load_address>
         <run_address>0x19c2</run_address>
         <size>0x86</size>
         <input_file_ref idref="fl-2"/>
      </object_component>
      <object_component id="oc-19c">
         <name>.debug_info</name>
         <load_address>0x1a48</load_address>
         <run_address>0x1a48</run_address>
         <size>0x7f</size>
         <input_file_ref idref="fl-2"/>
      </object_component>
      <object_component id="oc-11b">
         <name>.debug_info</name>
         <load_address>0x1ac7</load_address>
         <run_address>0x1ac7</run_address>
         <size>0x1a7</size>
         <input_file_ref idref="fl-2"/>
      </object_component>
      <object_component id="oc-591">
         <name>.debug_info</name>
         <load_address>0x1c6e</load_address>
         <run_address>0x1c6e</run_address>
         <size>0x62</size>
         <input_file_ref idref="fl-2"/>
      </object_component>
      <object_component id="oc-84">
         <name>.debug_info</name>
         <load_address>0x1cd0</load_address>
         <run_address>0x1cd0</run_address>
         <size>0x84</size>
         <input_file_ref idref="fl-2"/>
      </object_component>
      <object_component id="oc-2fb">
         <name>.debug_info</name>
         <load_address>0x1d54</load_address>
         <run_address>0x1d54</run_address>
         <size>0x18b</size>
         <input_file_ref idref="fl-2"/>
      </object_component>
      <object_component id="oc-2ea">
         <name>.debug_info</name>
         <load_address>0x1edf</load_address>
         <run_address>0x1edf</run_address>
         <size>0x87</size>
         <input_file_ref idref="fl-2"/>
      </object_component>
      <object_component id="oc-3a1">
         <name>.debug_info</name>
         <load_address>0x1f66</load_address>
         <run_address>0x1f66</run_address>
         <size>0x2c</size>
         <input_file_ref idref="fl-2"/>
      </object_component>
      <object_component id="oc-94">
         <name>.debug_info</name>
         <load_address>0x1f92</load_address>
         <run_address>0x1f92</run_address>
         <size>0x2c</size>
         <input_file_ref idref="fl-2"/>
      </object_component>
      <object_component id="oc-205">
         <name>.debug_info</name>
         <load_address>0x1fbe</load_address>
         <run_address>0x1fbe</run_address>
         <size>0x4e</size>
         <input_file_ref idref="fl-2"/>
      </object_component>
      <object_component id="oc-11a">
         <name>.debug_info</name>
         <load_address>0x200c</load_address>
         <run_address>0x200c</run_address>
         <size>0x2fe</size>
         <input_file_ref idref="fl-3"/>
      </object_component>
      <object_component id="oc-103">
         <name>.debug_info</name>
         <load_address>0x230a</load_address>
         <run_address>0x230a</run_address>
         <size>0xb9</size>
         <input_file_ref idref="fl-3"/>
      </object_component>
      <object_component id="oc-106">
         <name>.debug_info</name>
         <load_address>0x23c3</load_address>
         <run_address>0x23c3</run_address>
         <size>0xb9</size>
         <input_file_ref idref="fl-3"/>
      </object_component>
[...]
      </symbol>
      <symbol id="sm-901">
         <name>vsnprintf</name>
         <value>0x2000ed89</value>
         <object_component_ref idref="oc-1dc"/>
      </symbol>
      <symbol id="sm-91a">
         <name>_nop</name>
         <value>0x20010073</value>
         <object_component_ref idref="oc-129"/>
      </symbol>
      <symbol id="sm-91b">
         <name>_lock</name>
         <value>0x2001f15c</value>
         <object_component_ref idref="oc-b7"/>
      </symbol>
      <symbol id="sm-91c">
         <name>_unlock</name>
         <value>0x2001f160</value>
         <object_component_ref idref="oc-b7"/>
      </symbol>
      <symbol id="sm-91d">
         <name>_register_lock</name>
         <value>0x2001006b</value>
         <object_component_ref idref="oc-129"/>
      </symbol>
      <symbol id="sm-91e">
         <name>_register_unlock</name>
         <value>0x20010065</value>
         <object_component_ref idref="oc-129"/>
      </symbol>
      <symbol id="sm-a25">
         <name>__TI_printfi</name>
         <value>0x20007ccf</value>
         <object_component_ref idref="oc-21c"/>
      </symbol>
      <symbol id="sm-a39">
         <name>_args_main</name>
         <value>0x2000ffa1</value>
         <object_component_ref idref="oc-6d"/>
      </symbol>
      <symbol id="sm-a4f">
         <name>atoi</name>
         <value>0x2000f669</value>
         <object_component_ref idref="oc-433"/>
      </symbol>
      <symbol id="sm-a74">
         <name>__TI_auto_init</name>
         <value>0x2000f17d</value>
         <object_component_ref idref="oc-67"/>
      </symbol>
      <symbol id="sm-a8e">
         <name>copy_in</name>
         <value>0x2000f6b5</value>
         <object_component_ref idref="oc-9e"/>
      </symbol>
      <symbol id="sm-a99">
         <name>_ctypes_</name>
         <value>0x20010290</value>
         <object_component_ref idref="oc-56f"/>
      </symbol>
      <symbol id="sm-aaf">
         <name>__kernel_cos</name>
         <value>0x2000e189</value>
         <object_component_ref idref="oc-3c5"/>
      </symbol>
      <symbol id="sm-b12">
         <name>__kernel_rem_pio2</name>
         <value>0x200092bd</value>
         <object_component_ref idref="oc-3bf"/>
      </symbol>
      <symbol id="sm-b29">
         <name>__kernel_sin</name>
         <value>0x2000e021</value>
         <object_component_ref idref="oc-3b4"/>
      </symbol>
      <symbol id="sm-b38">
         <name>ltoa</name>
         <value>0x2000f569</value>
         <object_component_ref idref="oc-415"/>
      </symbol>
      <symbol id="sm-b48">
         <name>memccpy</name>
         <value>0x2000fe91</value>
         <object_component_ref idref="oc-42d"/>
      </symbol>
      <symbol id="sm-b52">
         <name>copysign</name>
         <value>0x2001011d</value>
         <object_component_ref idref="oc-563"/>
      </symbol>
      <symbol id="sm-b53">
         <name>copysignl</name>
         <value>0x2001011d</value>
         <object_component_ref idref="oc-563"/>
      </symbol>
      <symbol id="sm-b70">
         <name>floorl</name>
         <value>0x2000e829</value>
         <object_component_ref idref="oc-520"/>
      </symbol>
      <symbol id="sm-b71">
         <name>floor</name>
         <value>0x2000e829</value>
         <object_component_ref idref="oc-520"/>
      </symbol>
      <symbol id="sm-b85">
         <name>frexpl</name>
         <value>0x2000f4b5</value>
         <object_component_ref idref="oc-41b"/>
      </symbol>
      <symbol id="sm-b86">
         <name>frexp</name>
         <value>0x2000f4b5</value>
         <object_component_ref idref="oc-41b"/>
      </symbol>
      <symbol id="sm-b90">
         <name>_system_post_cinit</name>
         <value>0x2000d88f</value>
         <object_component_ref idref="oc-a4"/>
      </symbol>
      <symbol id="sm-ba0">
         <name>strchr</name>
         <value>0x20010027</value>
         <object_component_ref idref="oc-427"/>
      </symbol>
      <symbol id="sm-bbc">
         <name>__aeabi_uldivmod</name>
         <value>0x2000d311</value>
         <object_component_ref idref="oc-410"/>
      </symbol>
      <symbol id="sm-d9c">
         <name>f_getfree</name>
         <value>0x20006703</value>
         <object_component_ref idref="oc-2dd"/>
      </symbol>
      <symbol id="sm-d9d">
         <name>f_read</name>
         <value>0x20005d31</value>
         <object_component_ref idref="oc-2dd"/>
      </symbol>
      <symbol id="sm-d9e">
         <name>f_unlink</name>
         <value>0x20006989</value>
         <object_component_ref idref="oc-2dd"/>
      </symbol>
      <symbol id="sm-d9f">
         <name>f_closedir</name>
         <value>0x20006603</value>
         <object_component_ref idref="oc-2dd"/>
      </symbol>
      <symbol id="sm-da0">
         <name>f_mkdir</name>
         <value>0x20006a8d</value>
         <object_component_ref idref="oc-2dd"/>
      </symbol>
      <symbol id="sm-da1">
         <name>f_chmod</name>
         <value>0x20006c73</value>
         <object_component_ref idref="oc-2dd"/>
      </symbol>
      <symbol id="sm-da2">
         <name>f_utime</name>
         <value>0x20006e53</value>
         <object_component_ref idref="oc-2dd"/>
      </symbol>
      <symbol id="sm-da3">
         <name>f_sync</name>
         <value>0x200061fd</value>
         <object_component_ref idref="oc-2dd"/>
      </symbol>
      <symbol id="sm-da4">
         <name>clust2sect</name>
         <value>0x200046b9</value>
         <object_component_ref idref="oc-2dd"/>
      </symbol>
      <symbol id="sm-da5">
         <name>put_fat</name>
         <value>0x20004823</value>
         <object_component_ref idref="oc-2dd"/>
      </symbol>
      <symbol id="sm-da6">
         <name>f_write</name>
         <value>0x20005f6b</value>
         <object_component_ref idref="oc-2dd"/>
      </symbol>
      <symbol id="sm-da7">
         <name>f_opendir</name>
         <value>0x2000655b</value>
         <object_component_ref idref="oc-2dd"/>
      </symbol>
      <symbol id="sm-da8">
         <name>f_truncate</name>
         <value>0x20006861</value>
         <object_component_ref idref="oc-2dd"/>
      </symbol>
      <symbol id="sm-da9">
         <name>f_close</name>
         <value>0x200062f9</value>
         <object_component_ref idref="oc-2dd"/>
      </symbol>
      <symbol id="sm-daa">
         <name>f_rename</name>
         <value>0x20006d03</value>
         <object_component_ref idref="oc-2dd"/>
      </symbol>
      <symbol id="sm-dab">
         <name>f_open</name>
         <value>0x20005b15</value>
         <object_component_ref idref="oc-2dd"/>
      </symbol>
      <symbol id="sm-dac">
         <name>f_lseek</name>
         <value>0x20006329</value>
         <object_component_ref idref="oc-2dd"/>
      </symbol>
      <symbol id="sm-dad">
         <name>f_stat</name>
         <value>0x200066af</value>
         <object_component_ref idref="oc-2dd"/>
      </symbol>
      <symbol id="sm-dae">
         <name>f_mount</name>
         <value>0x20005a97</value>
         <object_component_ref idref="oc-2dd"/>
      </symbol>
      <symbol id="sm-daf">
         <name>f_readdir</name>
         <value>0x20006623</value>
         <object_component_ref idref="oc-2dd"/>
      </symbol>
      <symbol id="sm-db0">
         <name>get_fat</name>
         <value>0x200046e9</value>
         <object_component_ref idref="oc-2dd"/>
      </symbol>
      <symbol id="sm-dcc">
         <name>GPIOPinRead</name>
         <value>0x2000fee1</value>
         <object_component_ref idref="oc-2f0"/>
      </symbol>
      <symbol id="sm-dcd">
         <name>GPIODirModeSet</name>
         <value>0x2000f979</value>
         <object_component_ref idref="oc-25a"/>
      </symbol>
      <symbol id="sm-dce">
         <name>GPIOPinWrite</name>
         <value>0x2000fcb1</value>
         <object_component_ref idref="oc-2cb"/>
      </symbol>
      <symbol id="sm-e38">
         <name>I2CMasterDataPut</name>
         <value>0x2000ffb9</value>
         <object_component_ref idref="oc-4af"/>
      </symbol>
      <symbol id="sm-e39">
         <name>I2CMasterInitExpClk</name>
         <value>0x2000ef1d</value>
         <object_component_ref idref="oc-4bb"/>
      </symbol>
      <symbol id="sm-e3a">
         <name>I2CMasterIntClearEx</name>
         <value>0x2001009f</value>
         <object_component_ref idref="oc-2be"/>
      </symbol>
      <symbol id="sm-e3b">
         <name>I2CMasterSlaveAddrSet</name>
         <value>0x2000fc6d</value>
         <object_component_ref idref="oc-4a9"/>
      </symbol>
      <symbol id="sm-e3c">
         <name>I2CMasterDataGet</name>
         <value>0x200100f7</value>
         <object_component_ref idref="oc-4b5"/>
      </symbol>
      <symbol id="sm-e3d">
         <name>I2CMasterErr</name>
         <value>0x2000fa43</value>
         <object_component_ref idref="oc-4a3"/>
      </symbol>
      <symbol id="sm-e3e">
         <name>I2CMasterTimeoutSet</name>
         <value>0x200100b1</value>
         <object_component_ref idref="oc-497"/>
      </symbol>
      <symbol id="sm-e3f">
         <name>I2CMasterControl</name>
         <value>0x2001008d</value>
         <object_component_ref idref="oc-49d"/>
      </symbol>
      <symbol id="sm-e40">
         <name>I2CMasterBusy</name>
         <value>0x2000fef9</value>
         <object_component_ref idref="oc-316"/>
      </symbol>
      <symbol id="sm-e41">
         <name>I2CMasterEnable</name>
         <value>0x2000ffcf</value>
         <object_component_ref idref="oc-2c4"/>
      </symbol>
      <symbol id="sm-e42">
         <name>I2CMasterIntStatusEx</name>
         <value>0x2000fd31</value>
         <object_component_ref idref="oc-491"/>
      </symbol>
      <symbol id="sm-eba">
         <name>IntPrioritySet</name>
         <value>0x2000f5c1</value>
         <object_component_ref idref="oc-358"/>
      </symbol>
      <symbol id="sm-ebb">
         <name>IntVTableBaseSet</name>
         <value>0x20010051</value>
         <object_component_ref idref="oc-235"/>
      </symbol>
      <symbol id="sm-ebc">
         <name>IntEnable</name>
         <value>0x2000ea95</value>
         <object_component_ref idref="oc-241"/>
      </symbol>
      <symbol id="sm-ebd">
         <name>IntDisable</name>
         <value>0x2000e9ed</value>
         <object_component_ref idref="oc-50a"/>
      </symbol>
      <symbol id="sm-ebe">
         <name>IntRegister</name>
         <value>0x2000fcd1</value>
         <object_component_ref idref="oc-486"/>
      </symbol>
      <symbol id="sm-ebf">
         <name>IntUnregister</name>
         <value>0x2000fb95</value>
         <object_component_ref idref="oc-510"/>
      </symbol>
      <symbol id="sm-ec0">
         <name>IntMasterEnable</name>
         <value>0x20010113</value>
         <object_component_ref idref="oc-23b"/>
      </symbol>
      <symbol id="sm-f08">
         <name>PinTypeI2C</name>
         <value>0x2000fe21</value>
         <object_component_ref idref="oc-278"/>
      </symbol>
      <symbol id="sm-f09">
         <name>PinTypeUART</name>
         <value>0x2000fec7</value>
         <object_component_ref idref="oc-272"/>
      </symbol>
      <symbol id="sm-f0a">
         <name>PinDirModeSet</name>
         <value>0x2000f8cd</value>
         <object_component_ref idref="oc-266"/>
      </symbol>
      <symbol id="sm-f0b">
         <name>PinTypeSDHost</name>
         <value>0x2000fead</value>
         <object_component_ref idref="oc-260"/>
      </symbol>
      <symbol id="sm-f0c">
         <name>PinConfigSet</name>
         <value>0x2000ed01</value>
         <object_component_ref idref="oc-26c"/>
      </symbol>
      <symbol id="sm-f0d">
         <name>PinModeSet</name>
         <value>0x2000f7d1</value>
         <object_component_ref idref="oc-24e"/>
      </symbol>
      <symbol id="sm-f93">
         <name>PRCMPeripheralReset</name>
         <value>0x2000f511</value>
         <object_component_ref idref="oc-2b2"/>
      </symbol>
      <symbol id="sm-f94">
         <name>PRCMPeripheralClkEnable</name>
         <value>0x2000f891</value>
         <object_component_ref idref="oc-254"/>
      </symbol>
      <symbol id="sm-f95">
         <name>PRCMPeripheralClockGet</name>
         <value>0x2000ebd9</value>
         <object_component_ref idref="oc-1ca"/>
      </symbol>
      <symbol id="sm-f96">
         <name>PRCMCC3200MCUInit</name>
         <value>0x2000dbd1</value>
         <object_component_ref idref="oc-247"/>
      </symbol>
      <symbol id="sm-f97">
         <name>PRCMHIBRegWrite</name>
         <value>0x2000fffb</value>
         <object_component_ref idref="oc-45f"/>
      </symbol>
      <symbol id="sm-f98">
         <name>PRCMSysResetCauseGet</name>
         <value>0x2000fa71</value>
         <object_component_ref idref="oc-453"/>
      </symbol>
      <symbol id="sm-f99">
         <name>PRCMPeripheralClkDisable</name>
         <value>0x2000fb1d</value>
         <object_component_ref idref="oc-465"/>
      </symbol>
      <symbol id="sm-f9a">
         <name>PRCMHIBRegRead</name>
         <value>0x2000ffe5</value>
         <object_component_ref idref="oc-459"/>
      </symbol>
      <symbol id="sm-1004">
         <name>SDHostDataWrite</name>
         <value>0x2000fd4f</value>
         <object_component_ref idref="oc-5d3"/>
      </symbol>
      <symbol id="sm-1005">
         <name>SDHostInit</name>
         <value>0x2000efa1</value>
         <object_component_ref idref="oc-2d1"/>
      </symbol>
      <symbol id="sm-1006">
         <name>SDHostBlockSizeSet</name>
         <value>0x2000fb45</value>
         <object_component_ref idref="oc-5be"/>
      </symbol>
      <symbol id="sm-1007">
         <name>SDHostIntStatus</name>
         <value>0x2000fa9d</value>
         <object_component_ref idref="oc-5ac"/>
      </symbol>
      <symbol id="sm-1008">
         <name>SDHostBlockCountSet</name>
         <value>0x2000fb6d</value>
         <object_component_ref idref="oc-5c4"/>
      </symbol>
      <symbol id="sm-1009">
         <name>SDHostSetExpClk</name>
         <value>0x2000f32d</value>
         <object_component_ref idref="oc-2d7"/>
      </symbol>
      <symbol id="sm-100a">
         <name>SDHostIntClear</name>
         <value>0x2000fbb9</value>
         <object_component_ref idref="oc-5a0"/>
      </symbol>
      <symbol id="sm-100b">
         <name>SDHostCmdSend</name>
         <value>0x2000f851</value>
         <object_component_ref idref="oc-5a6"/>
      </symbol>
      <symbol id="sm-100c">
         <name>SDHostRespGet</name>
         <value>0x2000f9af</value>
         <object_component_ref idref="oc-5b8"/>
      </symbol>
      <symbol id="sm-100d">
         <name>SDHostDataRead</name>
         <value>0x2000fcf1</value>
         <object_component_ref idref="oc-5ca"/>
      </symbol>
      <symbol id="sm-100e">
         <name>SDHostCmdReset</name>
         <value>0x2000fc8f</value>
         <object_component_ref idref="oc-5b2"/>
      </symbol>
      <symbol id="sm-1093">
         <name>TimerLoadSet</name>
         <value>0x2000fac9</value>
         <object_component_ref idref="oc-376"/>
      </symbol>
      <symbol id="sm-1094">
         <name>TimerDisable</name>
         <value>0x2000fd6d</value>
         <object_component_ref idref="oc-382"/>
      </symbol>
      <symbol id="sm-1095">
         <name>TimerIntRegister</name>
         <value>0x2000f10d</value>
         <object_component_ref idref="oc-35e"/>
      </symbol>
      <symbol id="sm-1096">
         <name>TimerEnable</name>
         <value>0x2000fd8b</value>
         <object_component_ref idref="oc-37c"/>
      </symbol>
      <symbol id="sm-1097">
         <name>TimerIntUnregister</name>
         <value>0x2000f2c5</value>
         <object_component_ref idref="oc-38e"/>
      </symbol>
      <symbol id="sm-1098">
         <name>TimerIntStatus</name>
         <value>0x2000fda9</value>
         <object_component_ref idref="oc-36a"/>
      </symbol>
      <symbol id="sm-1099">
         <name>TimerIntDisable</name>
         <value>0x2000ff11</value>
         <object_component_ref idref="oc-388"/>
      </symbol>
      <symbol id="sm-109a">
         <name>TimerValueGet</name>
         <value>0x2000fe3d</value>
         <object_component_ref idref="oc-394"/>
      </symbol>
      <symbol id="sm-109b">
         <name>TimerPrescaleSet</name>
         <value>0x2000faf3</value>
         <object_component_ref idref="oc-352"/>
      </symbol>
      <symbol id="sm-109c">
         <name>TimerIntEnable</name>
         <value>0x2000ff29</value>
         <object_component_ref idref="oc-364"/>
      </symbol>
      <symbol id="sm-109d">
         <name>TimerConfigure</name>
         <value>0x2000f749</value>
         <object_component_ref idref="oc-34c"/>
      </symbol>
      <symbol id="sm-109e">
         <name>TimerIntClear</name>
         <value>0x200100c3</value>
         <object_component_ref idref="oc-370"/>
      </symbol>
      <symbol id="sm-1138">
         <name>UARTCharPutNonBlocking</name>
         <value>0x2000fbdd</value>
         <object_component_ref idref="oc-30c"/>
      </symbol>
      <symbol id="sm-1139">
         <name>UARTConfigSetExpClk</name>
         <value>0x2000f097</value>
         <object_component_ref idref="oc-1d0"/>
      </symbol>
      <symbol id="sm-113a">
         <name>UARTDisable</name>
         <value>0x2000f9e5</value>
         <object_component_ref idref="oc-3db"/>
      </symbol>
      <symbol id="sm-113b">
         <name>UARTIntEnable</name>
         <value>0x2000ff89</value>
         <object_component_ref idref="oc-291"/>
      </symbol>
      <symbol id="sm-113c">
         <name>UARTCharsAvail</name>
         <value>0x2000ff41</value>
         <object_component_ref idref="oc-1e2"/>
      </symbol>
      <symbol id="sm-113d">
         <name>UARTCharGetNonBlocking</name>
         <value>0x2000fe59</value>
         <object_component_ref idref="oc-1e8"/>
      </symbol>
      <symbol id="sm-113e">
         <name>UARTIntDisable</name>
         <value>0x2000ff71</value>
         <object_component_ref idref="oc-28b"/>
      </symbol>
      <symbol id="sm-113f">
         <name>UARTCharPut</name>
         <value>0x2000fdc7</value>
         <object_component_ref idref="oc-1d6"/>
      </symbol>
      <symbol id="sm-1140">
         <name>UARTEnable</name>
         <value>0x2000fc01</value>
         <object_component_ref idref="oc-2a9"/>
      </symbol>
      <symbol id="sm-1141">
         <name>UARTFIFOEnable</name>
         <value>0x20010011</value>
         <object_component_ref idref="oc-29d"/>
      </symbol>
      <symbol id="sm-1142">
         <name>UARTIntClear</name>
         <value>0x200100d5</value>
         <object_component_ref idref="oc-285"/>
      </symbol>
      <symbol id="sm-1143">
         <name>UARTIntStatus</name>
         <value>0x2000fe03</value>
         <object_component_ref idref="oc-27f"/>
      </symbol>
      <symbol id="sm-1144">
         <name>UARTFIFOLevelSet</name>
         <value>0x2000ff59</value>
         <object_component_ref idref="oc-297"/>
      </symbol>
      <symbol id="sm-1145">
         <name>UARTIntRegister</name>
         <value>0x2000fde5</value>
         <object_component_ref idref="oc-2a3"/>
      </symbol>
      <symbol id="sm-114a">
         <name>UtilsDelay</name>
         <value>0x20010125</value>
         <object_component_ref idref="oc-2ef"/>
      </symbol>
      <symbol id="sm-1155">
         <name>CPUcpsie</name>
         <value>0x2001003d</value>
         <object_component_ref idref="oc-448"/>
      </symbol>
      <symbol id="sm-1157">
         <name>__TI_static_base__</name>
         <value>0x200108e8</value>
      </symbol>
      <symbol id="sm-115a">
         <name>SHT$$INIT_ARRAY$$Limit</name>
         <value>0x0</value>
      </symbol>
      <symbol id="sm-115b">
         <name>SHT$$INIT_ARRAY$$Base</name>
         <value>0x0</value>
      </symbol>
   </symbol_table>
   <title>Link successful</title>
</link_info>
