******************************************************************************
                  TI ARM Linker PC v15.12.3                    
******************************************************************************
>> Linked Wed Mar 22 22:06:18 2017

OUTPUT FILE NAME:   <GPS-INS-NAV.out>
ENTRY POINT SYMBOL: "_c_int00"  address: 20010295


MEMORY CONFIGURATION

         name            origin    length      used     unused   attr    fill
----------------------  --------  ---------  --------  --------  ----  --------
  SRAM_CODE             20004000   00012fff  0000d612  000059ed  RW X
  SRAM_DATA             20017000   00019000  000087ac  00010854  RW X


SEGMENT ALLOCATION MAP

run origin  load origin   length   init length attrs members
----------  ----------- ---------- ----------- ----- -------
20004000    20004000    0000d614   0000d614    r-x
  20004000    20004000    00000400   00000400    r-- .intvecs
  20004400    20004400    0000c856   0000c856    r-x .text
  20010c58    20010c58    00000818   00000818    r-- .const
  20011470    20011470    000001a4   000001a4    r-- .cinit
20017000    20017000    0000829a   00000000    rw-
  20017000    20017000    00008000   00000000    rw- .sysmem
  2001f000    2001f000    000001bc   00000000    rw- .data
  2001f1bc    2001f1bc    000000de   00000000    rw- .bss
2002faec    2002faec    00000512   00000000    rw-
  2002faec    2002faec    00000512   00000000    rw- .stack


SECTION ALLOCATION MAP

 output                                  attributes/
section   page    origin      length       input sections
--------  ----  ----------  ----------   ----------------
.intvecs   0    20004000    00000400     
                  20004000    00000400     startup_ccs.obj (.intvecs)

.init_array 
*          0    20004000    00000000     UNINITIALIZED

.text      0    20004400    0000c856     
                  20004400    00002ad6     fatfs.a : ff.obj (.text)
                  20006ed6    00000002     driverlib.a : interrupt.obj (.text:IntDefaultHandler)
                  20006ed8    000010fc     rtsv7M4_T_le_eabi.lib : _printfi.obj (.text)
                  20007fd4    00000b28     GPS.obj (.text)
                  20008afc    00000a10     INS.obj (.text)
                  2000950c    000009a4     rtsv7M4_T_le_eabi.lib : e_pow.obj (.text)
                  20009eb0    00000798     infrastructure.obj (.text)
                  2000a648    0000071c     rtsv7M4_T_le_eabi.lib : k_rem_pio2.obj (.text)
                  2000ad64    000005c4                           : s_sin.obj (.text)
                  2000b328    000005c0                           : s_cos.obj (.text)
                  2000b8e8    0000054e     matrix_manipulation.obj (.text)
                  2000be36    00000002     rtsv7M4_T_le_eabi.lib : mpu_init.obj (.text)
                  2000be38    000004c0     diskio.obj (.text)
                  2000c2f8    000003dc     rtsv7M4_T_le_eabi.lib : memory.obj (.text)
                  2000c6d4    00000388     main.obj (.text)
                  2000ca5c    000002ec     rtsv7M4_T_le_eabi.lib : s_atan.obj (.text)
                  2000cd48    000002b8     local_uart_if.obj (.text)
                  2000d000    000002b4     DS2401.obj (.text)
                  2000d2b4    00000290     i2c_if.obj (.text)
                  2000d544    00000280     uart_if.obj (.text)
                  2000d7c4    00000264     ADXL345.obj (.text)
                  2000da28    0000024c     HMC5883.obj (.text)
                  2000dc74    00000240     ITG3200.obj (.text)
                  2000deb4    00000238     rtsv7M4_T_le_eabi.lib : strtod.obj (.text)
                  2000e0ec    000001f4                           : ull_div_t2.obj (.text)
                  2000e2e0    000001d4                           : e_atan2.obj (.text)
                  2000e4b4    000001b6                           : fd_add_t2.obj (.text)
                  2000e66a    00000002                           : startup.obj (.text)
                  2000e66c    000001a8     kalman_filter.obj (.text)
                  2000e814    00000198     timer_if.obj (.text)
                  2000e9ac    00000178     driverlib.a : prcm.obj (.text:PRCMCC3200MCUInit)
                  2000eb24    00000170     rtsv7M4_T_le_eabi.lib : e_sqrt.obj (.text)
                  2000ec94    00000168     pinmux.obj (.text)
                  2000edfc    00000168     rtsv7M4_T_le_eabi.lib : k_sin.obj (.text)
                  2000ef64    00000160                           : k_cos.obj (.text)
                  2000f0c4    00000136                           : fd_div_t2.obj (.text)
                  2000f1fa    00000002     --HOLE-- [fill = 0]
                  2000f1fc    00000108     SD_card.obj (.text)
                  2000f304    000000fc     rtsv7M4_T_le_eabi.lib : fd_mul_t2.obj (.text)
                  2000f400    000000f4                           : s_floor.obj (.text)
                  2000f4f4    000000d0                           : s_scalbn.obj (.text)
                  2000f5c4    000000a8     driverlib.a : interrupt.obj (.text:IntDisable)
                  2000f66c    000000a8                 : interrupt.obj (.text:IntEnable)
                  2000f714    0000009c     rtsv7M4_T_le_eabi.lib : memcpy_t2.obj (.text)
                  2000f7b0    00000094     driverlib.a : prcm.obj (.text:PRCMPeripheralClockGet)
                  2000f844    00000088                 : pin.obj (.text:PinConfigSet)
                  2000f8cc    00000088     rtsv7M4_T_le_eabi.lib : vsnprintf.obj (.text)
                  2000f954    00000086                           : fd_cmp_t2.obj (.text:__aeabi_cdcmple)
                  2000f9da    00000086                           : fd_cmp_t2.obj (.text:__aeabi_cdrcmple)
                  2000fa60    00000084     driverlib.a : i2c.obj (.text:I2CMasterInitExpClk)
                  2000fae4    0000007c                 : sdhost.obj (.text:SDHostInit)
                  2000fb60    0000007a     rtsv7M4_T_le_eabi.lib : memset_t2.obj (.text)
                  2000fbda    00000076     driverlib.a : uart.obj (.text:UARTConfigSetExpClk)
                  2000fc50    00000070                 : timer.obj (.text:TimerIntRegister)
                  2000fcc0    00000070     rtsv7M4_T_le_eabi.lib : autoinit.obj (.text)
                  2000fd30    0000006e                           : fd_tos_t2.obj (.text)
                  2000fd9e    0000006a                           : copy_decompress_rle.obj (.text)
                  2000fe08    00000068     driverlib.a : timer.obj (.text:TimerIntUnregister)
                  2000fe70    00000066                 : sdhost.obj (.text:SDHostSetExpClk)
                  2000fed6    00000002     --HOLE-- [fill = 0]
                  2000fed8    00000060     rtsv7M4_T_le_eabi.lib : sprintf.obj (.text)
                  2000ff38    0000005c                           : s_frexp.obj (.text)
                  2000ff94    00000058     driverlib.a : prcm.obj (.text:PRCMPeripheralReset)
                  2000ffec    00000056     rtsv7M4_T_le_eabi.lib : ltoa.obj (.text)
                  20010042    00000002     --HOLE-- [fill = 0]
                  20010044    00000054     driverlib.a : interrupt.obj (.text:IntPrioritySet)
                  20010098    00000054     rtsv7M4_T_le_eabi.lib : exit.obj (.text)
                  200100ec    0000004c                           : atoi.obj (.text)
                  20010138    0000004c                           : cpy_tbl.obj (.text)
                  20010184    00000048                           : fd_toi_t2.obj (.text)
                  200101cc    00000044     driverlib.a : timer.obj (.text:TimerConfigure)
                  20010210    00000044                 : uart.obj (.text:UARTIntNumberGet)
                  20010254    00000040                 : pin.obj (.text:PinModeSet)
                  20010294    00000040     rtsv7M4_T_le_eabi.lib : boot.obj (.text)
                  200102d4    00000040                           : strtok.obj (.text)
                  20010314    0000003e     driverlib.a : sdhost.obj (.text:SDHostCmdSend)
                  20010352    00000002     --HOLE-- [fill = 0]
                  20010354    0000003c                 : prcm.obj (.text:PRCMPeripheralClkEnable)
                  20010390    0000003c                 : pin.obj (.text:PinDirModeSet)
                  200103cc    00000038     rtsv7M4_T_le_eabi.lib : fs_tod_t2.obj (.text)
                  20010404    00000036     driverlib.a : gpio.obj (.text:GPIODirModeSet)
                  2001043a    00000034                 : sdhost.obj (.text:SDHostRespGet)
                  2001046e    00000002     --HOLE-- [fill = 0]
                  20010470    00000030                 : uart.obj (.text:UARTDisable)
                  200104a0    00000030     rtsv7M4_T_le_eabi.lib : strncpy.obj (.text)
                  200104d0    0000002e                           : i_tofd_t2.obj (.text)
                  200104fe    0000002c     driverlib.a : i2c.obj (.text:I2CMasterErr)
                  2001052a    00000002     --HOLE-- [fill = 0]
                  2001052c    0000002c                 : prcm.obj (.text:PRCMSysResetCauseGet)
                  20010558    0000002c                 : sdhost.obj (.text:SDHostIntStatus)
                  20010584    0000002c     local_i2c_if.obj (.text)
                  200105b0    0000002a     driverlib.a : timer.obj (.text:TimerLoadSet)
                  200105da    0000002a                 : timer.obj (.text:TimerPrescaleSet)
                  20010604    0000002a     rtsv7M4_T_le_eabi.lib : strspn.obj (.text)
                  2001062e    00000002     --HOLE-- [fill = 0]
                  20010630    00000028     driverlib.a : prcm.obj (.text:PRCMPeripheralClkDisable)
                  20010658    00000028                 : sdhost.obj (.text:SDHostBlockSizeSet)
                  20010680    00000026                 : sdhost.obj (.text:SDHostBlockCountSet)
                  200106a6    00000002     --HOLE-- [fill = 0]
                  200106a8    00000024                 : interrupt.obj (.text:IntUnregister)
                  200106cc    00000024                 : sdhost.obj (.text:SDHostIntClear)
                  200106f0    00000024                 : uart.obj (.text:UARTEnable)
                  20010714    00000024     rtsv7M4_T_le_eabi.lib : memmov.obj (.text)
                  20010738    00000024                           : strcspn.obj (.text)
                  2001075c    00000022     driverlib.a : i2c.obj (.text:I2CMasterSlaveAddrSet)
                  2001077e    00000022                 : sdhost.obj (.text:SDHostCmdReset)
                  200107a0    00000020                 : gpio.obj (.text:GPIOPinWrite)
                  200107c0    00000020                 : interrupt.obj (.text:IntRegister)
                  200107e0    00000020                 : sdhost.obj (.text:SDHostDataRead)
                  20010800    00000020     rtsv7M4_T_le_eabi.lib : u_tofd_t2.obj (.text)
                  20010820    0000001e     driverlib.a : i2c.obj (.text:I2CMasterIntStatusEx)
                  2001083e    0000001e                 : sdhost.obj (.text:SDHostDataWrite)
                  2001085c    0000001e                 : timer.obj (.text:TimerDisable)
                  2001087a    0000001e                 : timer.obj (.text:TimerEnable)
                  20010898    0000001e                 : timer.obj (.text:TimerIntStatus)
                  200108b6    0000001e                 : uart.obj (.text:UARTCharPut)
                  200108d4    0000001e                 : uart.obj (.text:UARTIntRegister)
                  200108f2    0000001e                 : uart.obj (.text:UARTIntStatus)
                  20010910    0000001c                 : pin.obj (.text:PinTypeI2C)
                  2001092c    0000001c                 : timer.obj (.text:TimerValueGet)
                  20010948    0000001c                 : uart.obj (.text:UARTCharGetNonBlocking)
                  20010964    0000001c     board.obj (.text)
                  20010980    0000001c     rtsv7M4_T_le_eabi.lib : memccpy.obj (.text)
                  2001099c    0000001a     driverlib.a : pin.obj (.text:PinTypeSDHost)
                  200109b6    0000001a                 : pin.obj (.text:PinTypeUART)
                  200109d0    00000018                 : gpio.obj (.text:GPIOPinRead)
                  200109e8    00000018                 : i2c.obj (.text:I2CMasterBusy)
                  20010a00    00000018                 : timer.obj (.text:TimerIntDisable)
                  20010a18    00000018                 : timer.obj (.text:TimerIntEnable)
                  20010a30    00000018                 : uart.obj (.text:UARTCharsAvail)
                  20010a48    00000018                 : uart.obj (.text:UARTFIFOLevelSet)
                  20010a60    00000018                 : uart.obj (.text:UARTIntDisable)
                  20010a78    00000018                 : uart.obj (.text:UARTIntEnable)
                  20010a90    00000018     rtsv7M4_T_le_eabi.lib : args_main.obj (.text)
                  20010aa8    00000016     driverlib.a : i2c.obj (.text:I2CMasterDataPut)
                  20010abe    00000016                 : i2c.obj (.text:I2CMasterEnable)
                  20010ad4    00000016                 : prcm.obj (.text:PRCMHIBRegRead)
                  20010aea    00000016                 : prcm.obj (.text:PRCMHIBRegWrite)
                  20010b00    00000016                 : uart.obj (.text:UARTCharGet)
                  20010b16    00000016                 : uart.obj (.text:UARTFIFOEnable)
                  20010b2c    00000016     rtsv7M4_T_le_eabi.lib : strchr.obj (.text)
                  20010b42    00000014     driverlib.a : cpu.obj (.text:CPUcpsie)
                  20010b56    00000002     --HOLE-- [fill = 0]
                  20010b58    00000014                 : interrupt.obj (.text:IntVTableBaseSet)
                  20010b6c    00000014     rtsv7M4_T_le_eabi.lib : _lock.obj (.text)
                  20010b80    00000014                           : strcpy.obj (.text)
                  20010b94    00000014                           : strlen.obj (.text)
                  20010ba8    00000012     driverlib.a : i2c.obj (.text:I2CMasterControl)
                  20010bba    00000012                 : i2c.obj (.text:I2CMasterIntClearEx)
                  20010bcc    00000012                 : i2c.obj (.text:I2CMasterTimeoutSet)
                  20010bde    00000012                 : timer.obj (.text:TimerIntClear)
                  20010bf0    00000012                 : uart.obj (.text:UARTIntClear)
                  20010c02    00000010     startup_ccs.obj (.text)
                  20010c12    0000000e     driverlib.a : i2c.obj (.text:I2CMasterDataGet)
                  20010c20    0000000e     rtsv7M4_T_le_eabi.lib : copy_decompress_none.obj (.text:decompress:none)
                  20010c2e    0000000a     driverlib.a : interrupt.obj (.text:IntMasterEnable)
                  20010c38    00000008     rtsv7M4_T_le_eabi.lib : s_copysign.obj (.text)
                  20010c40    00000006     driverlib.a : utils.obj (.text:UtilsDelay)
                  20010c46    00000006     rtsv7M4_T_le_eabi.lib : copy_decompress_rle.obj (.text:decompress:rle24)
                  20010c4c    00000006                           : atof.obj (.text)
                  20010c52    00000004                           : pre_init.obj (.text)

.const     0    20010c58    00000818     
                  20010c58    00000158     rtsv7M4_T_le_eabi.lib : k_rem_pio2.obj (.const:$O1$$)
                  20010db0    00000101                           : ctype.obj (.const:.string:_ctypes_)
                  20010eb1    00000003     GPS.obj (.const:.string:$P$T3$4)
                  20010eb4    00000100     driverlib.a : pin.obj (.const:g_ulPinToPadMap)
                  20010fb4    000000d4                 : interrupt.obj (.const:g_pulRegs)
                  20011088    000000a8                 : prcm.obj (.const:PRCM_PeriphRegsList)
                  20011130    00000098     rtsv7M4_T_le_eabi.lib : s_atan.obj (.const:$O1$$)
                  200111c8    00000098                           : strtod.obj (.const:$O1$$)
                  20011260    00000048     kalman_filter.obj (.const:$P$T0$1)
                  200112a8    00000048     main.obj (.const:$P$T3$4)
                  200112f0    00000048     main.obj (.const:$P$T4$5)
                  20011338    00000040     GPS.obj (.const:.string:$P$T1$2)
                  20011378    00000030     rtsv7M4_T_le_eabi.lib : e_pow.obj (.const:$O1$$)
                  200113a8    00000027     main.obj (.const:.string:$P$T5$6)
                  200113cf    00000001     --HOLE-- [fill = 0]
                  200113d0    00000018     main.obj (.const:$P$T0$1)
                  200113e8    00000018     main.obj (.const:$P$T1$2)
                  20011400    00000018     main.obj (.const:$P$T2$3)
                  20011418    00000018     driverlib.a : interrupt.obj (.const:g_pulDisRegs)
                  20011430    00000018                 : interrupt.obj (.const:g_pulEnRegs)
                  20011448    00000014     GPS.obj (.const:.string:$P$T0$1)
                  2001145c    00000010     driverlib.a : uart.obj (.const:g_ppulUARTIntMap)
                  2001146c    00000004     GPS.obj (.const:.string:$P$T2$3)

.cinit     0    20011470    000001a4     
                  20011470    0000017c     (.cinit..data.load) [load image, compression = rle]
                  200115ec    00000004     --HOLE-- [fill = 0]
                  200115f0    00000009     (.cinit..bss.load) [load image, compression = rle]
                  200115f9    00000003     --HOLE-- [fill = 0]
                  200115fc    00000008     (__TI_handler_table)
                  20011604    00000010     (__TI_cinit_table)

.sysmem    0    20017000    00008000     UNINITIALIZED
                  20017000    00000008     rtsv7M4_T_le_eabi.lib : memory.obj (.sysmem)
                  20017008    00007ff8     --HOLE--

.data      0    2001f000    000001bc     UNINITIALIZED
                  2001f000    00000100     DS2401.obj (.data:ds2401_crc8_table)
                  2001f100    0000004a     local_uart_if.obj (.data:static_NMEA_msg)
                  2001f14a    00000002     --HOLE--
                  2001f14c    0000002c     HMC5883.obj (.data)
                  2001f178    00000018     diskio.obj (.data:g_sDisk)
                  2001f190    0000000c     rtsv7M4_T_le_eabi.lib : exit.obj (.data:$O1$$)
                  2001f19c    0000000c                           : memory.obj (.data:$O1$$)
                  2001f1a8    00000008                           : _lock.obj (.data:$O1$$)
                  2001f1b0    00000004                           : errno.obj (.data)
                  2001f1b4    00000004                           : stkdepth_vars.obj (.data)
                  2001f1b8    00000004                           : strtok.obj (.data)

.bss       0    2001f1bc    000000de     UNINITIALIZED
                  2001f1bc    00000078     (.common:NMEA_msg)
                  2001f234    0000001c     (.common:nav_posecef_msg)
                  2001f250    00000018     (.common:nav_status_msg)
                  2001f268    0000000c     (.common:ack_msg)
                  2001f274    00000004     uart_if.obj (.bss)
                  2001f278    00000004     (.common:FatFs)
                  2001f27c    00000004     (.common:UART_STATUS)
                  2001f280    00000004     (.common:boot_time)
                  2001f284    00000004     (.common:fixOk)
                  2001f288    00000004     (.common:new_ack_msg)
                  2001f28c    00000004     (.common:new_fix_msg)
                  2001f290    00000004     (.common:new_gps_msg)
                  2001f294    00000004     (.common:new_nav_msg)
                  2001f298    00000002     (.common:Fsid)

.stack     0    2002faec    00000512     UNINITIALIZED
                  2002faec    00000512     --HOLE--

MODULE SUMMARY

       Module                     code    ro data   rw data
       ------                     ----    -------   -------
    .\
       infrastructure.obj         1944    0         212    
       main.obj                   904     255       0      
    +--+--------------------------+-------+---------+---------+
       Total:                     2848    255       212    
                                                           
    .\INS\
       INS.obj                    2576    0         0      
       matrix_manipulation.obj    1358    0         0      
       kalman_filter.obj          424     72        0      
    +--+--------------------------+-------+---------+---------+
       Total:                     4358    72        0      
                                                           
    .\Sensors\
       GPS.obj                    2856    91        0      
       HMC5883.obj                588     0         44     
       ADXL345.obj                612     0         0      
       ITG3200.obj                576     0         0      
    +--+--------------------------+-------+---------+---------+
       Total:                     4632    91        44     
                                                           
    .\board\
       DS2401.obj                 692     0         256    
       pinmux.obj                 360     0         0      
       SD_card.obj                264     0         0      
       board.obj                  28      0         0      
    +--+--------------------------+-------+---------+---------+
       Total:                     1344    0         256    
                                                           
    .\common\
       startup_ccs.obj            16      1024      0      
       i2c_if.obj                 656     0         0      
       uart_if.obj                640     0         4      
       timer_if.obj               408     0         0      
    +--+--------------------------+-------+---------+---------+
       Total:                     1720    1024      4      
                                                           
    .\interfaces\
       diskio.obj                 1216    0         24     
       local_uart_if.obj          696     0         74     
       local_i2c_if.obj           44      0         0      
    +--+--------------------------+-------+---------+---------+
       Total:                     1956    0         98     
                                                           
    C:/TI/CC3200SDK_1.2.0/cc3200-sdk/driverlib/ccs/Release/driverlib.a
       prcm.obj                   800     168       0      
       interrupt.obj              520     260       0      
       pin.obj                    340     256       0      
       sdhost.obj                 594     0         0      
       uart.obj                   546     16        0      
       timer.obj                  552     0         0      
       i2c.obj                    376     0         0      
       gpio.obj                   110     0         0      
       cpu.obj                    20      0         0      
       utils.obj                  6       0         0      
    +--+--------------------------+-------+---------+---------+
       Total:                     3864    700       0      
                                                           
    C:/TI/CC3200SDK_1.2.0/cc3200-sdk/third_party/fatfs/ccs/Release/fatfs.a
       ff.obj                     10966   0         6      
    +--+--------------------------+-------+---------+---------+
       Total:                     10966   0         6      
                                                           
    C:\TI\ccsv6\tools\compiler\arm_15.12.3.LTS\lib\rtsv7M4_T_le_eabi.lib
       _printfi.obj               4348    0         0      
       e_pow.obj                  2468    48        0      
       k_rem_pio2.obj             1820    344       0      
       s_sin.obj                  1476    0         0      
       s_cos.obj                  1472    0         0      
       memory.obj                 988     0         12     
       s_atan.obj                 748     152       0      
       strtod.obj                 568     152       0      
       ull_div_t2.obj             500     0         0      
       e_atan2.obj                468     0         0      
       fd_add_t2.obj              438     0         0      
       e_sqrt.obj                 368     0         0      
       k_sin.obj                  360     0         0      
       k_cos.obj                  352     0         0      
       fd_div_t2.obj              310     0         0      
       fd_cmp_t2.obj              268     0         0      
       ctype.obj                  0       257       0      
       fd_mul_t2.obj              252     0         0      
       s_floor.obj                244     0         0      
       s_scalbn.obj               208     0         0      
       memcpy_t2.obj              156     0         0      
       vsnprintf.obj              136     0         0      
       memset_t2.obj              122     0         0      
       autoinit.obj               112     0         0      
       copy_decompress_rle.obj    112     0         0      
       fd_tos_t2.obj              110     0         0      
       exit.obj                   84      0         12     
       sprintf.obj                96      0         0      
       s_frexp.obj                92      0         0      
       ltoa.obj                   86      0         0      
       atoi.obj                   76      0         0      
       cpy_tbl.obj                76      0         0      
       fd_toi_t2.obj              72      0         0      
       strtok.obj                 64      0         4      
       boot.obj                   64      0         0      
       fs_tod_t2.obj              56      0         0      
       strncpy.obj                48      0         0      
       i_tofd_t2.obj              46      0         0      
       strspn.obj                 42      0         0      
       memmov.obj                 36      0         0      
       strcspn.obj                36      0         0      
       u_tofd_t2.obj              32      0         0      
       _lock.obj                  20      0         8      
       memccpy.obj                28      0         0      
       args_main.obj              24      0         0      
       strchr.obj                 22      0         0      
       strcpy.obj                 20      0         0      
       strlen.obj                 20      0         0      
       copy_decompress_none.obj   14      0         0      
       s_copysign.obj             8       0         0      
       atof.obj                   6       0         0      
       errno.obj                  0       0         4      
       pre_init.obj               4       0         0      
       stkdepth_vars.obj          0       0         4      
       mpu_init.obj               2       0         0      
       startup.obj                2       0         0      
    +--+--------------------------+-------+---------+---------+
       Total:                     19580   953       44     
                                                           
       Heap:                      0       0         32768  
       Stack:                     0       0         1298   
       Linker Generated:          0       413       0      
    +--+--------------------------+-------+---------+---------+
       Grand Total:               51268   3508      34730  


LINKER GENERATED COPY TABLES

__TI_cinit_table @ 20011604 records: 2, size/record: 8, table size: 16
	.data: load addr=20011470, load size=0000017c bytes, run addr=2001f000, run size=000001bc bytes, compression=rle
	.bss: load addr=200115f0, load size=00000009 bytes, run addr=2001f1bc, run size=000000de bytes, compression=rle


LINKER GENERATED HANDLER TABLE

__TI_handler_table @ 200115fc records: 2, size/record: 4, table size: 8
	index: 0, handler: __TI_decompress_rle24
	index: 1, handler: __TI_decompress_none


GLOBAL SYMBOLS: SORTED ALPHABETICALLY BY Name 

address   name                                      
-------   ----                                      
2000d939  ADXL345_read_accdata                      
20010965  BoardInit                                 
20010099  C$$EXIT                                   
20010b43  CPUcpsie                                  
2000d585  ClearTerm                                 
2000d057  DS2401_Funcs_get                          
2000d027  DS2401_Funcs_set                          
2000d58f  Error                                     
20010405  GPIODirModeSet                            
200109d1  GPIOPinRead                               
200107a1  GPIOPinWrite                              
20008043  GPS_off                                   
20008035  GPS_on                                    
2000d5c7  GetCmd                                    
2000db8f  HMC5883_read_magdata                      
200109e9  I2CMasterBusy                             
20010ba9  I2CMasterControl                          
20010c13  I2CMasterDataGet                          
20010aa9  I2CMasterDataPut                          
20010abf  I2CMasterEnable                           
200104ff  I2CMasterErr                              
2000fa61  I2CMasterInitExpClk                       
20010bbb  I2CMasterIntClearEx                       
20010821  I2CMasterIntStatusEx                      
2001075d  I2CMasterSlaveAddrSet                     
20010bcd  I2CMasterTimeoutSet                       
2000d52d  I2C_IF_Close                              
2000d4e5  I2C_IF_Open                               
2000d3df  I2C_IF_Read                               
2000d49b  I2C_IF_ReadFrom                           
2000d329  I2C_IF_Write                              
20008ff1  INS_calc                                  
20008c05  INS_init                                  
2000ddc3  ITG3200_read_gyrdata                      
2000d545  InitTerm                                  
2000f5c5  IntDisable                                
2000f66d  IntEnable                                 
20010c2f  IntMasterEnable                           
20010045  IntPrioritySet                            
200107c1  IntRegister                               
200106a9  IntUnregister                             
20010b59  IntVTableBaseSet                          
2000d563  Message                                   
2001f1bc  NMEA_msg                                  
2000e9ad  PRCMCC3200MCUInit                         
20010ad5  PRCMHIBRegRead                            
20010aeb  PRCMHIBRegWrite                           
20010631  PRCMPeripheralClkDisable                  
20010355  PRCMPeripheralClkEnable                   
2000f7b1  PRCMPeripheralClockGet                    
2000ff95  PRCMPeripheralReset                       
2001052d  PRCMSysResetCauseGet                      
2000f845  PinConfigSet                              
20010391  PinDirModeSet                             
20010255  PinModeSet                                
2000ec95  PinMuxConfig                              
20010911  PinTypeI2C                                
2001099d  PinTypeSDHost                             
200109b7  PinTypeUART                               
2000d705  Report                                    
20010c03  ResetISR                                  
20010681  SDHostBlockCountSet                       
20010659  SDHostBlockSizeSet                        
2001077f  SDHostCmdReset                            
20010315  SDHostCmdSend                             
200107e1  SDHostDataRead                            
2001083f  SDHostDataWrite                           
2000fae5  SDHostInit                                
200106cd  SDHostIntClear                            
20010559  SDHostIntStatus                           
2001043b  SDHostRespGet                             
2000fe71  SDHostSetExpClk                           
2000f20b  SD_off                                    
2000f1fd  SD_on                                     
2000f241  SD_write_file                             
UNDEFED   SHT$$INIT_ARRAY$$Base                     
UNDEFED   SHT$$INIT_ARRAY$$Limit                    
200101cd  TimerConfigure                            
2001085d  TimerDisable                              
2001087b  TimerEnable                               
20010bdf  TimerIntClear                             
20010a01  TimerIntDisable                           
20010a19  TimerIntEnable                            
2000fc51  TimerIntRegister                          
20010899  TimerIntStatus                            
2000fe09  TimerIntUnregister                        
200105b1  TimerLoadSet                              
200105db  TimerPrescaleSet                          
2001092d  TimerValueGet                             
2000e95b  Timer_IF_DeInit                           
2000e98d  Timer_IF_GetCount                         
2000e895  Timer_IF_Init                             
2000e8c7  Timer_IF_IntSetup                         
2000e913  Timer_IF_InterruptClear                   
2000e975  Timer_IF_ReLoad                           
2000e92b  Timer_IF_Start                            
2000e94b  Timer_IF_Stop                             
2000d66d  TrimSpace                                 
20010b01  UARTCharGet                               
20010949  UARTCharGetNonBlocking                    
200108b7  UARTCharPut                               
20010a31  UARTCharsAvail                            
2000fbdb  UARTConfigSetExpClk                       
20010471  UARTDisable                               
200106f1  UARTEnable                                
20010b17  UARTFIFOEnable                            
20010a49  UARTFIFOLevelSet                          
20010bf1  UARTIntClear                              
20010a61  UARTIntDisable                            
20010a79  UARTIntEnable                             
200108d5  UARTIntRegister                           
200108f3  UARTIntStatus                             
2001f27c  UART_STATUS                               
20010c41  UtilsDelay                                
2001f160  Xmax                                      
2001f14c  Xmcal                                     
2001f16c  Xmin                                      
2001f154  Xmoff                                     
2001f164  Ymax                                      
2001f14e  Ymcal                                     
2001f170  Ymin                                      
2001f158  Ymoff                                     
2001f168  Zmax                                      
2001f150  Zmcal                                     
2001f174  Zmin                                      
2001f15c  Zmoff                                     
2002fffe  __STACK_END                               
00000512  __STACK_SIZE                              
00008000  __SYSMEM_SIZE                             
20011604  __TI_CINIT_Base                           
20011614  __TI_CINIT_Limit                          
200115fc  __TI_Handler_Table_Base                   
20011604  __TI_Handler_Table_Limit                  
2000fcc1  __TI_auto_init                            
2001f190  __TI_cleanup_ptr                          
20010c21  __TI_decompress_none                      
20010c47  __TI_decompress_rle24                     
2001f194  __TI_dtors_ptr                            
2001f198  __TI_enable_exit_profile_output           
ffffffff  __TI_pprof_out_hndl                       
20007ccf  __TI_printfi                              
ffffffff  __TI_prof_data_size                       
ffffffff  __TI_prof_data_start                      
20011470  __TI_static_base__                        
2000f955  __aeabi_cdcmpeq                           
2000f955  __aeabi_cdcmple                           
2000f9db  __aeabi_cdrcmple                          
2000fd31  __aeabi_d2f                               
20010185  __aeabi_d2iz                              
2000e4bf  __aeabi_dadd                              
2000f0c5  __aeabi_ddiv                              
2000f305  __aeabi_dmul                              
2000e4b5  __aeabi_dsub                              
200103cd  __aeabi_f2d                               
200104d1  __aeabi_i2d                               
2000fb61  __aeabi_memclr                            
2000fb61  __aeabi_memclr4                           
2000fb61  __aeabi_memclr8                           
2000f715  __aeabi_memcpy                            
2000f715  __aeabi_memcpy4                           
2000f715  __aeabi_memcpy8                           
2000fb63  __aeabi_memset                            
2000fb63  __aeabi_memset4                           
2000fb63  __aeabi_memset8                           
20010801  __aeabi_ui2d                              
2000e0ed  __aeabi_uldivmod                          
ffffffff  __binit__                                 
ffffffff  __c_args__                                
2000ef65  __kernel_cos                              
2000a649  __kernel_rem_pio2                         
2000edfd  __kernel_sin                              
2000be37  __mpu_init                                
2002faec  __stack                                   
20010a91  _args_main                                
20010295  _c_int00                                  
20010db0  _ctypes_                                  
2001f1a8  _lock                                     
20010b7b  _nop                                      
20010b73  _register_lock                            
20010b6d  _register_unlock                          
20017000  _sys_memory                               
2000e66b  _system_post_cinit                        
20010c53  _system_pre_init                          
2001f1ac  _unlock                                   
2001009d  abort                                     
2001f268  ack_msg                                   
2000883d  ascii_2_num                               
2000ca5d  atan                                      
2000e2e1  atan2                                     
2000e2e1  atan2l                                    
2000ca5d  atanl                                     
20010c4d  atof                                      
200100ed  atoi                                      
ffffffff  binit                                     
2001f280  boot_time                                 
200080db  build_NMEA_cfg_msg                        
2000845d  build_gps_ubx_msg                         
200085cd  calc_msg_checksum                         
2000c6a1  calloc                                    
2000817d  cfg_NMEA_if                               
20008051  cfg_gps_uart_and_protocol                 
200046b9  clust2sect                                
2000a037  copy_and_convert_acc_data_2_algorithm     
2000a389  copy_and_convert_gps_data_2_algorithm     
2000a3f3  copy_and_convert_gps_data_2_algorithm_NMEA
2000a2e9  copy_and_convert_gyr_data_2_algorithm     
20009fbf  copy_and_convert_mag_data_2_algorithm     
20008599  copy_char_arr                             
20010139  copy_in                                   
20010c39  copysign                                  
20010c39  copysignl                                 
2000b329  cos                                       
2000b329  cosl                                      
2000b8e9  determinant                               
20008205  disable_ubx_periodic                      
2000bf37  disk_initialize                           
2000c28d  disk_ioctl                                
2000c085  disk_read                                 
2000c067  disk_status                               
2000c169  disk_write                                
2000d23f  ds2401_get_id_long                        
2000d1b7  ds2401_get_number                         
2000d1ad  ds2401_init                               
200082cb  enable_ubx_periodic                       
2001f1b0  errno                                     
200100a5  exit                                      
20006c73  f_chmod                                   
200062f9  f_close                                   
20006603  f_closedir                                
20006703  f_getfree                                 
20006329  f_lseek                                   
20006a8d  f_mkdir                                   
20005a97  f_mount                                   
20005b15  f_open                                    
2000655b  f_opendir                                 
20005d31  f_read                                    
20006623  f_readdir                                 
20006d03  f_rename                                  
200066af  f_stat                                    
200061fd  f_sync                                    
20006861  f_truncate                                
20006989  f_unlink                                  
20006e53  f_utime                                   
20005f6b  f_write                                   
2001f284  fixOk                                     
2000f401  floor                                     
2000f401  floorl                                    
2000c3ef  free                                      
2000ff39  frexp                                     
2000ff39  frexpl                                    
20004000  g_pfnVectors                              
20009ffb  get_acc_data                              
200046e9  get_fat                                   
2000c2d1  get_fattime                               
20008013  get_fixed_pos                             
2000a33d  get_gps_data                              
2000a08b  get_gyr_data                              
20008a89  get_lon_lat                               
20009f8f  get_mag_data                              
20008909  gga_2_llh                                 
2000d7c5  init_ADXL345                              
2000da29  init_HMC5883                              
2000dc75  init_ITG3200                              
2000f219  init_SD_card                              
20009eb1  init_board_and_sensors                    
2000d2a7  init_ds2401                               
20007fd5  init_gps                                  
20010585  init_i2c                                  
2000cf67  init_uart                                 
2000e66d  kalman_filter                             
2000f4f5  ldexp                                     
2000f4f5  ldexpl                                    
2000a5d5  light_all_init_led                        
2000ffed  ltoa                                      
2000c6d5  main                                      
2001f1b4  main_func_sp                              
200087f3  make_ltl_end                              
2000c387  malloc                                    
20008afd  mat_dot_vec                               
2000bd33  matrix_add_3x3                            
2000ba41  matrix_inverse_3x3                        
2000bc65  matrix_product_3x3                        
2000bdb9  matrix_sub_3x3                            
2000c5bd  memalign                                  
20010981  memccpy                                   
2000f715  memcpy                                    
20010715  memmove                                   
2000fb69  memset                                    
2000c2f9  minit                                     
2001f234  nav_posecef_msg                           
2001f250  nav_status_msg                            
2001f288  new_ack_msg                               
2001f28c  new_fix_msg                               
2001f290  new_gps_msg                               
2001f294  new_nav_msg                               
2000cd99  parse_recieved_msg                        
20008659  parse_ubx_nav_msg                         
2000950d  pow                                       
2000950d  powl                                      
200080a5  print_msg                                 
20004823  put_fat                                   
2000c4b1  realloc                                   
2000cd49  reset_global_int                          
2000f4f5  scalbn                                    
2000f4f5  scalbnl                                   
200086f9  send_uart_message                         
2000ad65  sin                                       
2000ad65  sinl                                      
2000fed9  sprintf                                   
2000eb25  sqrt                                      
2000eb25  sqrtl                                     
2001f100  static_NMEA_msg                           
20010b2d  strchr                                    
20010b81  strcpy                                    
20010739  strcspn                                   
20010b95  strlen                                    
200104a1  strncpy                                   
20010605  strspn                                    
2000deb5  strtod                                    
200102d5  strtok                                    
2000deb5  strtold                                   
2000cd63  uart_int_handler                          
2000d001  udelay                                    
2000a52d  update_acc_timer                          
2000a581  update_gyr_timer                          
20008793  verify_message                            
2000f8cd  vsnprintf                                 


GLOBAL SYMBOLS: SORTED BY Symbol Address 

address   name                                      
-------   ----                                      
00000512  __STACK_SIZE                              
00008000  __SYSMEM_SIZE                             
20004000  g_pfnVectors                              
200046b9  clust2sect                                
200046e9  get_fat                                   
20004823  put_fat                                   
20005a97  f_mount                                   
20005b15  f_open                                    
20005d31  f_read                                    
20005f6b  f_write                                   
200061fd  f_sync                                    
200062f9  f_close                                   
20006329  f_lseek                                   
2000655b  f_opendir                                 
20006603  f_closedir                                
20006623  f_readdir                                 
200066af  f_stat                                    
20006703  f_getfree                                 
20006861  f_truncate                                
20006989  f_unlink                                  
20006a8d  f_mkdir                                   
20006c73  f_chmod                                   
20006d03  f_rename                                  
20006e53  f_utime                                   
20007ccf  __TI_printfi                              
20007fd5  init_gps                                  
20008013  get_fixed_pos                             
20008035  GPS_on                                    
20008043  GPS_off                                   
20008051  cfg_gps_uart_and_protocol                 
200080a5  print_msg                                 
200080db  build_NMEA_cfg_msg                        
2000817d  cfg_NMEA_if                               
20008205  disable_ubx_periodic                      
200082cb  enable_ubx_periodic                       
2000845d  build_gps_ubx_msg                         
20008599  copy_char_arr                             
200085cd  calc_msg_checksum                         
20008659  parse_ubx_nav_msg                         
200086f9  send_uart_message                         
20008793  verify_message                            
200087f3  make_ltl_end                              
2000883d  ascii_2_num                               
20008909  gga_2_llh                                 
20008a89  get_lon_lat                               
20008afd  mat_dot_vec                               
20008c05  INS_init                                  
20008ff1  INS_calc                                  
2000950d  pow                                       
2000950d  powl                                      
20009eb1  init_board_and_sensors                    
20009f8f  get_mag_data                              
20009fbf  copy_and_convert_mag_data_2_algorithm     
20009ffb  get_acc_data                              
2000a037  copy_and_convert_acc_data_2_algorithm     
2000a08b  get_gyr_data                              
2000a2e9  copy_and_convert_gyr_data_2_algorithm     
2000a33d  get_gps_data                              
2000a389  copy_and_convert_gps_data_2_algorithm     
2000a3f3  copy_and_convert_gps_data_2_algorithm_NMEA
2000a52d  update_acc_timer                          
2000a581  update_gyr_timer                          
2000a5d5  light_all_init_led                        
2000a649  __kernel_rem_pio2                         
2000ad65  sin                                       
2000ad65  sinl                                      
2000b329  cos                                       
2000b329  cosl                                      
2000b8e9  determinant                               
2000ba41  matrix_inverse_3x3                        
2000bc65  matrix_product_3x3                        
2000bd33  matrix_add_3x3                            
2000bdb9  matrix_sub_3x3                            
2000be37  __mpu_init                                
2000bf37  disk_initialize                           
2000c067  disk_status                               
2000c085  disk_read                                 
2000c169  disk_write                                
2000c28d  disk_ioctl                                
2000c2d1  get_fattime                               
2000c2f9  minit                                     
2000c387  malloc                                    
2000c3ef  free                                      
2000c4b1  realloc                                   
2000c5bd  memalign                                  
2000c6a1  calloc                                    
2000c6d5  main                                      
2000ca5d  atan                                      
2000ca5d  atanl                                     
2000cd49  reset_global_int                          
2000cd63  uart_int_handler                          
2000cd99  parse_recieved_msg                        
2000cf67  init_uart                                 
2000d001  udelay                                    
2000d027  DS2401_Funcs_set                          
2000d057  DS2401_Funcs_get                          
2000d1ad  ds2401_init                               
2000d1b7  ds2401_get_number                         
2000d23f  ds2401_get_id_long                        
2000d2a7  init_ds2401                               
2000d329  I2C_IF_Write                              
2000d3df  I2C_IF_Read                               
2000d49b  I2C_IF_ReadFrom                           
2000d4e5  I2C_IF_Open                               
2000d52d  I2C_IF_Close                              
2000d545  InitTerm                                  
2000d563  Message                                   
2000d585  ClearTerm                                 
2000d58f  Error                                     
2000d5c7  GetCmd                                    
2000d66d  TrimSpace                                 
2000d705  Report                                    
2000d7c5  init_ADXL345                              
2000d939  ADXL345_read_accdata                      
2000da29  init_HMC5883                              
2000db8f  HMC5883_read_magdata                      
2000dc75  init_ITG3200                              
2000ddc3  ITG3200_read_gyrdata                      
2000deb5  strtod                                    
2000deb5  strtold                                   
2000e0ed  __aeabi_uldivmod                          
2000e2e1  atan2                                     
2000e2e1  atan2l                                    
2000e4b5  __aeabi_dsub                              
2000e4bf  __aeabi_dadd                              
2000e66b  _system_post_cinit                        
2000e66d  kalman_filter                             
2000e895  Timer_IF_Init                             
2000e8c7  Timer_IF_IntSetup                         
2000e913  Timer_IF_InterruptClear                   
2000e92b  Timer_IF_Start                            
2000e94b  Timer_IF_Stop                             
2000e95b  Timer_IF_DeInit                           
2000e975  Timer_IF_ReLoad                           
2000e98d  Timer_IF_GetCount                         
2000e9ad  PRCMCC3200MCUInit                         
2000eb25  sqrt                                      
2000eb25  sqrtl                                     
2000ec95  PinMuxConfig                              
2000edfd  __kernel_sin                              
2000ef65  __kernel_cos                              
2000f0c5  __aeabi_ddiv                              
2000f1fd  SD_on                                     
2000f20b  SD_off                                    
2000f219  init_SD_card                              
2000f241  SD_write_file                             
2000f305  __aeabi_dmul                              
2000f401  floor                                     
2000f401  floorl                                    
2000f4f5  ldexp                                     
2000f4f5  ldexpl                                    
2000f4f5  scalbn                                    
2000f4f5  scalbnl                                   
2000f5c5  IntDisable                                
2000f66d  IntEnable                                 
2000f715  __aeabi_memcpy                            
2000f715  __aeabi_memcpy4                           
2000f715  __aeabi_memcpy8                           
2000f715  memcpy                                    
2000f7b1  PRCMPeripheralClockGet                    
2000f845  PinConfigSet                              
2000f8cd  vsnprintf                                 
2000f955  __aeabi_cdcmpeq                           
2000f955  __aeabi_cdcmple                           
2000f9db  __aeabi_cdrcmple                          
2000fa61  I2CMasterInitExpClk                       
2000fae5  SDHostInit                                
2000fb61  __aeabi_memclr                            
2000fb61  __aeabi_memclr4                           
2000fb61  __aeabi_memclr8                           
2000fb63  __aeabi_memset                            
2000fb63  __aeabi_memset4                           
2000fb63  __aeabi_memset8                           
2000fb69  memset                                    
2000fbdb  UARTConfigSetExpClk                       
2000fc51  TimerIntRegister                          
2000fcc1  __TI_auto_init                            
2000fd31  __aeabi_d2f                               
2000fe09  TimerIntUnregister                        
2000fe71  SDHostSetExpClk                           
2000fed9  sprintf                                   
2000ff39  frexp                                     
2000ff39  frexpl                                    
2000ff95  PRCMPeripheralReset                       
2000ffed  ltoa                                      
20010045  IntPrioritySet                            
20010099  C$$EXIT                                   
2001009d  abort                                     
200100a5  exit                                      
200100ed  atoi                                      
20010139  copy_in                                   
20010185  __aeabi_d2iz                              
200101cd  TimerConfigure                            
20010255  PinModeSet                                
20010295  _c_int00                                  
200102d5  strtok                                    
20010315  SDHostCmdSend                             
20010355  PRCMPeripheralClkEnable                   
20010391  PinDirModeSet                             
200103cd  __aeabi_f2d                               
20010405  GPIODirModeSet                            
2001043b  SDHostRespGet                             
20010471  UARTDisable                               
200104a1  strncpy                                   
200104d1  __aeabi_i2d                               
200104ff  I2CMasterErr                              
2001052d  PRCMSysResetCauseGet                      
20010559  SDHostIntStatus                           
20010585  init_i2c                                  
200105b1  TimerLoadSet                              
200105db  TimerPrescaleSet                          
20010605  strspn                                    
20010631  PRCMPeripheralClkDisable                  
20010659  SDHostBlockSizeSet                        
20010681  SDHostBlockCountSet                       
200106a9  IntUnregister                             
200106cd  SDHostIntClear                            
200106f1  UARTEnable                                
20010715  memmove                                   
20010739  strcspn                                   
2001075d  I2CMasterSlaveAddrSet                     
2001077f  SDHostCmdReset                            
200107a1  GPIOPinWrite                              
200107c1  IntRegister                               
200107e1  SDHostDataRead                            
20010801  __aeabi_ui2d                              
20010821  I2CMasterIntStatusEx                      
2001083f  SDHostDataWrite                           
2001085d  TimerDisable                              
2001087b  TimerEnable                               
20010899  TimerIntStatus                            
200108b7  UARTCharPut                               
200108d5  UARTIntRegister                           
200108f3  UARTIntStatus                             
20010911  PinTypeI2C                                
2001092d  TimerValueGet                             
20010949  UARTCharGetNonBlocking                    
20010965  BoardInit                                 
20010981  memccpy                                   
2001099d  PinTypeSDHost                             
200109b7  PinTypeUART                               
200109d1  GPIOPinRead                               
200109e9  I2CMasterBusy                             
20010a01  TimerIntDisable                           
20010a19  TimerIntEnable                            
20010a31  UARTCharsAvail                            
20010a49  UARTFIFOLevelSet                          
20010a61  UARTIntDisable                            
20010a79  UARTIntEnable                             
20010a91  _args_main                                
20010aa9  I2CMasterDataPut                          
20010abf  I2CMasterEnable                           
20010ad5  PRCMHIBRegRead                            
20010aeb  PRCMHIBRegWrite                           
20010b01  UARTCharGet                               
20010b17  UARTFIFOEnable                            
20010b2d  strchr                                    
20010b43  CPUcpsie                                  
20010b59  IntVTableBaseSet                          
20010b6d  _register_unlock                          
20010b73  _register_lock                            
20010b7b  _nop                                      
20010b81  strcpy                                    
20010b95  strlen                                    
20010ba9  I2CMasterControl                          
20010bbb  I2CMasterIntClearEx                       
20010bcd  I2CMasterTimeoutSet                       
20010bdf  TimerIntClear                             
20010bf1  UARTIntClear                              
20010c03  ResetISR                                  
20010c13  I2CMasterDataGet                          
20010c21  __TI_decompress_none                      
20010c2f  IntMasterEnable                           
20010c39  copysign                                  
20010c39  copysignl                                 
20010c41  UtilsDelay                                
20010c47  __TI_decompress_rle24                     
20010c4d  atof                                      
20010c53  _system_pre_init                          
20010db0  _ctypes_                                  
20011470  __TI_static_base__                        
200115fc  __TI_Handler_Table_Base                   
20011604  __TI_CINIT_Base                           
20011604  __TI_Handler_Table_Limit                  
20011614  __TI_CINIT_Limit                          
20017000  _sys_memory                               
2001f100  static_NMEA_msg                           
2001f14c  Xmcal                                     
2001f14e  Ymcal                                     
2001f150  Zmcal                                     
2001f154  Xmoff                                     
2001f158  Ymoff                                     
2001f15c  Zmoff                                     
2001f160  Xmax                                      
2001f164  Ymax                                      
2001f168  Zmax                                      
2001f16c  Xmin                                      
2001f170  Ymin                                      
2001f174  Zmin                                      
2001f190  __TI_cleanup_ptr                          
2001f194  __TI_dtors_ptr                            
2001f198  __TI_enable_exit_profile_output           
2001f1a8  _lock                                     
2001f1ac  _unlock                                   
2001f1b0  errno                                     
2001f1b4  main_func_sp                              
2001f1bc  NMEA_msg                                  
2001f234  nav_posecef_msg                           
2001f250  nav_status_msg                            
2001f268  ack_msg                                   
2001f27c  UART_STATUS                               
2001f280  boot_time                                 
2001f284  fixOk                                     
2001f288  new_ack_msg                               
2001f28c  new_fix_msg                               
2001f290  new_gps_msg                               
2001f294  new_nav_msg                               
2002faec  __stack                                   
2002fffe  __STACK_END                               
ffffffff  __TI_pprof_out_hndl                       
ffffffff  __TI_prof_data_size                       
ffffffff  __TI_prof_data_start                      
ffffffff  __binit__                                 
ffffffff  __c_args__                                
ffffffff  binit                                     
UNDEFED   SHT$$INIT_ARRAY$$Base                     
UNDEFED   SHT$$INIT_ARRAY$$Limit                    

[327 symbols]
