<?xml version="1.0"?>
<link_info>
   <banner>TI ARM Linker PC v15.12.3.LTS</banner>
   <copyright>Copyright (c) 1996-2015 Texas Instruments Incorporated</copyright>
   <link_time>0x58828769</link_time>
   <link_errors>0x0</link_errors>
   <output_file>GPS-INS-NAV.out</output_file>
   <entry_point>
      <name>_c_int00</name>
      <address>0x2000f62d</address>
   </entry_point>
   <input_file_list>
      <input_file id="fl-2">
         <path>.\</path>
         <kind>object</kind>
         <file>infrastructure.obj</file>
         <name>infrastructure.obj</name>
      </input_file>
      <input_file id="fl-3">
         <path>.\</path>
         <kind>object</kind>
         <file>main.obj</file>
         <name>main.obj</name>
      </input_file>
      <input_file id="fl-4">
         <path>.\INS\</path>
         <kind>object</kind>
         <file>INS.obj</file>
         <name>INS.obj</name>
      </input_file>
      <input_file id="fl-5">
         <path>.\INS\</path>
         <kind>object</kind>
         <file>kalman_filter.obj</file>
         <name>kalman_filter.obj</name>
      </input_file>
      <input_file id="fl-6">
         <path>.\INS\</path>
         <kind>object</kind>
         <file>matrix_manipulation.obj</file>
         <name>matrix_manipulation.obj</name>
      </input_file>
      <input_file id="fl-7">
         <path>.\Sensors\</path>
         <kind>object</kind>
         <file>ADXL345.obj</file>
         <name>ADXL345.obj</name>
      </input_file>
      <input_file id="fl-8">
         <path>.\Sensors\</path>
         <kind>object</kind>
         <file>GPS.obj</file>
         <name>GPS.obj</name>
      </input_file>
      <input_file id="fl-9">
         <path>.\Sensors\</path>
         <kind>object</kind>
         <file>HMC5883.obj</file>
         <name>HMC5883.obj</name>
      </input_file>
      <input_file id="fl-a">
         <path>.\Sensors\</path>
         <kind>object</kind>
         <file>ITG3200.obj</file>
         <name>ITG3200.obj</name>
      </input_file>
      <input_file id="fl-b">
         <path>.\Sensors\</path>
         <kind>object</kind>
         <file>MPL115A2.obj</file>
         <name>MPL115A2.obj</name>
      </input_file>
      <input_file id="fl-c">
         <path>.\board\</path>
         <kind>object</kind>
         <file>DS2401.obj</file>
         <name>DS2401.obj</name>
      </input_file>
      <input_file id="fl-d">
         <path>.\board\</path>
         <kind>object</kind>
         <file>SD_card.obj</file>
         <name>SD_card.obj</name>
      </input_file>
      <input_file id="fl-e">
         <path>.\board\</path>
         <kind>object</kind>
         <file>board.obj</file>
         <name>board.obj</name>
      </input_file>
      <input_file id="fl-f">
         <path>.\board\</path>
         <kind>object</kind>
         <file>pinmux.obj</file>
         <name>pinmux.obj</name>
      </input_file>
      <input_file id="fl-10">
         <path>.\common\</path>
         <kind>object</kind>
         <file>button_if.obj</file>
         <name>button_if.obj</name>
      </input_file>
      <input_file id="fl-11">
         <path>.\common\</path>
         <kind>object</kind>
         <file>gpio_if.obj</file>
         <name>gpio_if.obj</name>
      </input_file>
      <input_file id="fl-12">
         <path>.\common\</path>
         <kind>object</kind>
         <file>i2c_if.obj</file>
         <name>i2c_if.obj</name>
      </input_file>
      <input_file id="fl-13">
         <path>.\common\</path>
         <kind>object</kind>
         <file>i2s_if.obj</file>
         <name>i2s_if.obj</name>
      </input_file>
      <input_file id="fl-14">
         <path>.\common\</path>
         <kind>object</kind>
         <file>network_common.obj</file>
         <name>network_common.obj</name>
      </input_file>
      <input_file id="fl-15">
         <path>.\common\</path>
         <kind>object</kind>
         <file>network_if.obj</file>
         <name>network_if.obj</name>
      </input_file>
      <input_file id="fl-16">
         <path>.\common\</path>
         <kind>object</kind>
         <file>startup_ccs.obj</file>
         <name>startup_ccs.obj</name>
      </input_file>
      <input_file id="fl-17">
         <path>.\common\</path>
         <kind>object</kind>
         <file>timer_if.obj</file>
         <name>timer_if.obj</name>
      </input_file>
      <input_file id="fl-18">
         <path>.\common\</path>
         <kind>object</kind>
         <file>uart_if.obj</file>
         <name>uart_if.obj</name>
      </input_file>
      <input_file id="fl-19">
         <path>.\common\</path>
         <kind>object</kind>
         <file>utils_if.obj</file>
         <name>utils_if.obj</name>
      </input_file>
      <input_file id="fl-1a">
         <path>.\common\</path>
         <kind>object</kind>
         <file>wdt_if.obj</file>
         <name>wdt_if.obj</name>
      </input_file>
      <input_file id="fl-1b">
         <path>.\interfaces\</path>
         <kind>object</kind>
         <file>diskio.obj</file>
         <name>diskio.obj</name>
      </input_file>
      <input_file id="fl-1c">
         <path>.\interfaces\</path>
         <kind>object</kind>
         <file>local_i2c_if.obj</file>
         <name>local_i2c_if.obj</name>
      </input_file>
      <input_file id="fl-1d">
         <path>.\interfaces\</path>
         <kind>object</kind>
         <file>local_uart_if.obj</file>
         <name>local_uart_if.obj</name>
      </input_file>
      <input_file id="fl-1e">
         <path>.\interfaces\</path>
         <kind>object</kind>
         <file>terninal.obj</file>
         <name>terninal.obj</name>
      </input_file>
      <input_file id="fl-dc">
         <path>C:\TI\ccsv6\tools\compiler\arm_15.12.3.LTS\lib\</path>
         <kind>archive</kind>
         <file>rtsv7M4_T_le_eabi.lib</file>
         <name>boot.obj</name>
      </input_file>
      <input_file id="fl-dd">
         <path>C:\TI\ccsv6\tools\compiler\arm_15.12.3.LTS\lib\</path>
         <kind>archive</kind>
         <file>rtsv7M4_T_le_eabi.lib</file>
         <name>copy_decompress_none.obj</name>
      </input_file>
      <input_file id="fl-de">
         <path>C:\TI\ccsv6\tools\compiler\arm_15.12.3.LTS\lib\</path>
         <kind>archive</kind>
         <file>rtsv7M4_T_le_eabi.lib</file>
         <name>copy_decompress_rle.obj</name>
      </input_file>
      <input_file id="fl-df">
         <path>C:\TI\ccsv6\tools\compiler\arm_15.12.3.LTS\lib\</path>
         <kind>archive</kind>
         <file>rtsv7M4_T_le_eabi.lib</file>
         <name>copy_zero_init.obj</name>
      </input_file>
      <input_file id="fl-e0">
         <path>C:\TI\ccsv6\tools\compiler\arm_15.12.3.LTS\lib\</path>
         <kind>archive</kind>
         <file>rtsv7M4_T_le_eabi.lib</file>
         <name>e_atan2.obj</name>
      </input_file>
      <input_file id="fl-e1">
         <path>C:\TI\ccsv6\tools\compiler\arm_15.12.3.LTS\lib\</path>
         <kind>archive</kind>
         <file>rtsv7M4_T_le_eabi.lib</file>
         <name>e_pow.obj</name>
      </input_file>
      <input_file id="fl-e2">
         <path>C:\TI\ccsv6\tools\compiler\arm_15.12.3.LTS\lib\</path>
         <kind>archive</kind>
         <file>rtsv7M4_T_le_eabi.lib</file>
         <name>e_sqrt.obj</name>
      </input_file>
      <input_file id="fl-e3">
         <path>C:\TI\ccsv6\tools\compiler\arm_15.12.3.LTS\lib\</path>
         <kind>archive</kind>
         <file>rtsv7M4_T_le_eabi.lib</file>
         <name>errno.obj</name>
      </input_file>
      <input_file id="fl-e4">
         <path>C:\TI\ccsv6\tools\compiler\arm_15.12.3.LTS\lib\</path>
         <kind>archive</kind>
         <file>rtsv7M4_T_le_eabi.lib</file>
         <name>exit.obj</name>
      </input_file>
      <input_file id="fl-e5">
         <path>C:\TI\ccsv6\tools\compiler\arm_15.12.3.LTS\lib\</path>
         <kind>archive</kind>
         <file>rtsv7M4_T_le_eabi.lib</file>
         <name>fd_add_t2.obj</name>
      </input_file>
      <input_file id="fl-e6">
         <path>C:\TI\ccsv6\tools\compiler\arm_15.12.3.LTS\lib\</path>
         <kind>archive</kind>
         <file>rtsv7M4_T_le_eabi.lib</file>
         <name>fd_cmp_t2.obj</name>
      </input_file>
      <input_file id="fl-e7">
         <path>C:\TI\ccsv6\tools\compiler\arm_15.12.3.LTS\lib\</path>
         <kind>archive</kind>
         <file>rtsv7M4_T_le_eabi.lib</file>
         <name>fd_div_t2.obj</name>
      </input_file>
      <input_file id="fl-e8">
         <path>C:\TI\ccsv6\tools\compiler\arm_15.12.3.LTS\lib\</path>
         <kind>archive</kind>
         <file>rtsv7M4_T_le_eabi.lib</file>
         <name>fd_mul_t2.obj</name>
      </input_file>
      <input_file id="fl-e9">
         <path>C:\TI\ccsv6\tools\compiler\arm_15.12.3.LTS\lib\</path>
         <kind>archive</kind>
         <file>rtsv7M4_T_le_eabi.lib</file>
         <name>fd_toi_t2.obj</name>
      </input_file>
      <input_file id="fl-ea">
         <path>C:\TI\ccsv6\tools\compiler\arm_15.12.3.LTS\lib\</path>
         <kind>archive</kind>
         <file>rtsv7M4_T_le_eabi.lib</file>
         <name>fd_tos_t2.obj</name>
      </input_file>
      <input_file id="fl-eb">
         <path>C:\TI\ccsv6\tools\compiler\arm_15.12.3.LTS\lib\</path>
         <kind>archive</kind>
         <file>rtsv7M4_T_le_eabi.lib</file>
         <name>fs_add_t2.obj</name>
      </input_file>
      <input_file id="fl-ec">
         <path>C:\TI\ccsv6\tools\compiler\arm_15.12.3.LTS\lib\</path>
         <kind>archive</kind>
         <file>rtsv7M4_T_le_eabi.lib</file>
         <name>fs_cmp_t2.obj</name>
      </input_file>
      <input_file id="fl-ed">
         <path>C:\TI\ccsv6\tools\compiler\arm_15.12.3.LTS\lib\</path>
         <kind>archive</kind>
         <file>rtsv7M4_T_le_eabi.lib</file>
         <name>fs_div_t2.obj</name>
      </input_file>
      <input_file id="fl-ee">
         <path>C:\TI\ccsv6\tools\compiler\arm_15.12.3.LTS\lib\</path>
         <kind>archive</kind>
         <file>rtsv7M4_T_le_eabi.lib</file>
         <name>fs_tod_t2.obj</name>
      </input_file>
      <input_file id="fl-ef">
         <path>C:\TI\ccsv6\tools\compiler\arm_15.12.3.LTS\lib\</path>
         <kind>archive</kind>
         <file>rtsv7M4_T_le_eabi.lib</file>
         <name>i_tofd_t2.obj</name>
      </input_file>
      <input_file id="fl-f0">
         <path>C:\TI\ccsv6\tools\compiler\arm_15.12.3.LTS\lib\</path>
         <kind>archive</kind>
         <file>rtsv7M4_T_le_eabi.lib</file>
         <name>i_tofs_t2.obj</name>
      </input_file>
      <input_file id="fl-f1">
         <path>C:\TI\ccsv6\tools\compiler\arm_15.12.3.LTS\lib\</path>
         <kind>archive</kind>
         <file>rtsv7M4_T_le_eabi.lib</file>
         <name>memcpy_t2.obj</name>
      </input_file>
      <input_file id="fl-f2">
         <path>C:\TI\ccsv6\tools\compiler\arm_15.12.3.LTS\lib\</path>
         <kind>archive</kind>
         <file>rtsv7M4_T_le_eabi.lib</file>
         <name>memmov.obj</name>
      </input_file>
      <input_file id="fl-f3">
         <path>C:\TI\ccsv6\tools\compiler\arm_15.12.3.LTS\lib\</path>
         <kind>archive</kind>
         <file>rtsv7M4_T_le_eabi.lib</file>
         <name>memory.obj</name>
      </input_file>
      <input_file id="fl-f4">
         <path>C:\TI\ccsv6\tools\compiler\arm_15.12.3.LTS\lib\</path>
         <kind>archive</kind>
         <file>rtsv7M4_T_le_eabi.lib</file>
         <name>memset_t2.obj</name>
      </input_file>
      <input_file id="fl-f5">
         <path>C:\TI\ccsv6\tools\compiler\arm_15.12.3.LTS\lib\</path>
         <kind>archive</kind>
         <file>rtsv7M4_T_le_eabi.lib</file>
         <name>mpu_init.obj</name>
      </input_file>
      <input_file id="fl-f6">
         <path>C:\TI\ccsv6\tools\compiler\arm_15.12.3.LTS\lib\</path>
         <kind>archive</kind>
         <file>rtsv7M4_T_le_eabi.lib</file>
         <name>pre_init.obj</name>
      </input_file>
      <input_file id="fl-f7">
         <path>C:\TI\ccsv6\tools\compiler\arm_15.12.3.LTS\lib\</path>
         <kind>archive</kind>
         <file>rtsv7M4_T_le_eabi.lib</file>
         <name>s_atan.obj</name>
      </input_file>
      <input_file id="fl-f8">
         <path>C:\TI\ccsv6\tools\compiler\arm_15.12.3.LTS\lib\</path>
         <kind>archive</kind>
         <file>rtsv7M4_T_le_eabi.lib</file>
         <name>s_cos.obj</name>
      </input_file>
      <input_file id="fl-f9">
         <path>C:\TI\ccsv6\tools\compiler\arm_15.12.3.LTS\lib\</path>
         <kind>archive</kind>
         <file>rtsv7M4_T_le_eabi.lib</file>
         <name>s_scalbn.obj</name>
      </input_file>
      <input_file id="fl-fa">
         <path>C:\TI\ccsv6\tools\compiler\arm_15.12.3.LTS\lib\</path>
         <kind>archive</kind>
         <file>rtsv7M4_T_le_eabi.lib</file>
         <name>s_sin.obj</name>
      </input_file>
      <input_file id="fl-fb">
         <path>C:\TI\ccsv6\tools\compiler\arm_15.12.3.LTS\lib\</path>
         <kind>archive</kind>
         <file>rtsv7M4_T_le_eabi.lib</file>
         <name>sprintf.obj</name>
      </input_file>
      <input_file id="fl-fc">
         <path>C:\TI\ccsv6\tools\compiler\arm_15.12.3.LTS\lib\</path>
         <kind>archive</kind>
         <file>rtsv7M4_T_le_eabi.lib</file>
         <name>stkdepth_vars.obj</name>
      </input_file>
      <input_file id="fl-fd">
         <path>C:\TI\ccsv6\tools\compiler\arm_15.12.3.LTS\lib\</path>
         <kind>archive</kind>
         <file>rtsv7M4_T_le_eabi.lib</file>
         <name>strlen.obj</name>
      </input_file>
      <input_file id="fl-fe">
         <path>C:\TI\ccsv6\tools\compiler\arm_15.12.3.LTS\lib\</path>
         <kind>archive</kind>
         <file>rtsv7M4_T_le_eabi.lib</file>
         <name>strncpy.obj</name>
      </input_file>
      <input_file id="fl-ff">
         <path>C:\TI\ccsv6\tools\compiler\arm_15.12.3.LTS\lib\</path>
         <kind>archive</kind>
         <file>rtsv7M4_T_le_eabi.lib</file>
         <name>u_tofd_t2.obj</name>
      </input_file>
      <input_file id="fl-100">
         <path>C:\TI\ccsv6\tools\compiler\arm_15.12.3.LTS\lib\</path>
         <kind>archive</kind>
         <file>rtsv7M4_T_le_eabi.lib</file>
         <name>vsnprintf.obj</name>
      </input_file>
      <input_file id="fl-101">
         <path>C:\TI\ccsv6\tools\compiler\arm_15.12.3.LTS\lib\</path>
         <kind>archive</kind>
         <file>rtsv7M4_T_le_eabi.lib</file>
         <name>_lock.obj</name>
      </input_file>
      <input_file id="fl-102">
         <path>C:\TI\ccsv6\tools\compiler\arm_15.12.3.LTS\lib\</path>
         <kind>archive</kind>
         <file>rtsv7M4_T_le_eabi.lib</file>
         <name>_printfi.obj</name>
      </input_file>
      <input_file id="fl-103">
         <path>C:\TI\ccsv6\tools\compiler\arm_15.12.3.LTS\lib\</path>
         <kind>archive</kind>
         <file>rtsv7M4_T_le_eabi.lib</file>
         <name>args_main.obj</name>
      </input_file>
      <input_file id="fl-104">
         <path>C:\TI\ccsv6\tools\compiler\arm_15.12.3.LTS\lib\</path>
         <kind>archive</kind>
         <file>rtsv7M4_T_le_eabi.lib</file>
         <name>atoi.obj</name>
      </input_file>
      <input_file id="fl-105">
         <path>C:\TI\ccsv6\tools\compiler\arm_15.12.3.LTS\lib\</path>
         <kind>archive</kind>
         <file>rtsv7M4_T_le_eabi.lib</file>
         <name>autoinit.obj</name>
      </input_file>
      <input_file id="fl-106">
         <path>C:\TI\ccsv6\tools\compiler\arm_15.12.3.LTS\lib\</path>
         <kind>archive</kind>
         <file>rtsv7M4_T_le_eabi.lib</file>
         <name>cpy_tbl.obj</name>
      </input_file>
      <input_file id="fl-107">
         <path>C:\TI\ccsv6\tools\compiler\arm_15.12.3.LTS\lib\</path>
         <kind>archive</kind>
         <file>rtsv7M4_T_le_eabi.lib</file>
         <name>ctype.obj</name>
      </input_file>
      <input_file id="fl-108">
         <path>C:\TI\ccsv6\tools\compiler\arm_15.12.3.LTS\lib\</path>
         <kind>archive</kind>
         <file>rtsv7M4_T_le_eabi.lib</file>
         <name>k_cos.obj</name>
      </input_file>
      <input_file id="fl-109">
         <path>C:\TI\ccsv6\tools\compiler\arm_15.12.3.LTS\lib\</path>
         <kind>archive</kind>
         <file>rtsv7M4_T_le_eabi.lib</file>
         <name>k_rem_pio2.obj</name>
      </input_file>
      <input_file id="fl-10a">
         <path>C:\TI\ccsv6\tools\compiler\arm_15.12.3.LTS\lib\</path>
         <kind>archive</kind>
         <file>rtsv7M4_T_le_eabi.lib</file>
         <name>k_sin.obj</name>
      </input_file>
      <input_file id="fl-10b">
         <path>C:\TI\ccsv6\tools\compiler\arm_15.12.3.LTS\lib\</path>
         <kind>archive</kind>
         <file>rtsv7M4_T_le_eabi.lib</file>
         <name>ltoa.obj</name>
      </input_file>
      <input_file id="fl-10c">
         <path>C:\TI\ccsv6\tools\compiler\arm_15.12.3.LTS\lib\</path>
         <kind>archive</kind>
         <file>rtsv7M4_T_le_eabi.lib</file>
         <name>memccpy.obj</name>
      </input_file>
      <input_file id="fl-10d">
         <path>C:\TI\ccsv6\tools\compiler\arm_15.12.3.LTS\lib\</path>
         <kind>archive</kind>
         <file>rtsv7M4_T_le_eabi.lib</file>
         <name>s_copysign.obj</name>
      </input_file>
      <input_file id="fl-10e">
         <path>C:\TI\ccsv6\tools\compiler\arm_15.12.3.LTS\lib\</path>
         <kind>archive</kind>
         <file>rtsv7M4_T_le_eabi.lib</file>
         <name>s_floor.obj</name>
      </input_file>
      <input_file id="fl-10f">
         <path>C:\TI\ccsv6\tools\compiler\arm_15.12.3.LTS\lib\</path>
         <kind>archive</kind>
         <file>rtsv7M4_T_le_eabi.lib</file>
         <name>s_frexp.obj</name>
      </input_file>
      <input_file id="fl-110">
         <path>C:\TI\ccsv6\tools\compiler\arm_15.12.3.LTS\lib\</path>
         <kind>archive</kind>
         <file>rtsv7M4_T_le_eabi.lib</file>
         <name>startup.obj</name>
      </input_file>
      <input_file id="fl-111">
         <path>C:\TI\ccsv6\tools\compiler\arm_15.12.3.LTS\lib\</path>
         <kind>archive</kind>
         <file>rtsv7M4_T_le_eabi.lib</file>
         <name>strchr.obj</name>
      </input_file>
      <input_file id="fl-112">
         <path>C:\TI\ccsv6\tools\compiler\arm_15.12.3.LTS\lib\</path>
         <kind>archive</kind>
         <file>rtsv7M4_T_le_eabi.lib</file>
         <name>ull_div_t2.obj</name>
      </input_file>
      <input_file id="fl-113">
         <path>C:\TI\CC3200SDK_1.2.0\cc3200-sdk\simplelink\ccs\NON_OS\</path>
         <kind>archive</kind>
         <file>simplelink.a</file>
         <name>device.obj</name>
      </input_file>
      <input_file id="fl-114">
         <path>C:\TI\CC3200SDK_1.2.0\cc3200-sdk\simplelink\ccs\NON_OS\</path>
         <kind>archive</kind>
         <file>simplelink.a</file>
         <name>driver.obj</name>
      </input_file>
      <input_file id="fl-115">
         <path>C:\TI\CC3200SDK_1.2.0\cc3200-sdk\simplelink\ccs\NON_OS\</path>
         <kind>archive</kind>
         <file>simplelink.a</file>
         <name>netapp.obj</name>
      </input_file>
      <input_file id="fl-116">
         <path>C:\TI\CC3200SDK_1.2.0\cc3200-sdk\simplelink\ccs\NON_OS\</path>
         <kind>archive</kind>
         <file>simplelink.a</file>
         <name>netcfg.obj</name>
      </input_file>
      <input_file id="fl-117">
         <path>C:\TI\CC3200SDK_1.2.0\cc3200-sdk\simplelink\ccs\NON_OS\</path>
         <kind>archive</kind>
         <file>simplelink.a</file>
         <name>nonos.obj</name>
      </input_file>
      <input_file id="fl-118">
         <path>C:\TI\CC3200SDK_1.2.0\cc3200-sdk\simplelink\ccs\NON_OS\</path>
         <kind>archive</kind>
         <file>simplelink.a</file>
         <name>socket.obj</name>
      </input_file>
      <input_file id="fl-119">
         <path>C:\TI\CC3200SDK_1.2.0\cc3200-sdk\simplelink\ccs\NON_OS\</path>
         <kind>archive</kind>
         <file>simplelink.a</file>
         <name>wlan.obj</name>
      </input_file>
      <input_file id="fl-11a">
         <path>C:\TI\CC3200SDK_1.2.0\cc3200-sdk\simplelink\ccs\NON_OS\</path>
         <kind>archive</kind>
         <file>simplelink.a</file>
         <name>cc_pal.obj</name>
      </input_file>
      <input_file id="fl-11b">
         <path>C:\TI\CC3200SDK_1.2.0\cc3200-sdk\third_party\fatfs\ccs\Release\</path>
         <kind>archive</kind>
         <file>fatfs.a</file>
         <name>ff.obj</name>
      </input_file>
      <input_file id="fl-11c">
         <path>C:\TI\CC3200SDK_1.2.0\cc3200-sdk\driverlib\ccs\Release\</path>
         <kind>archive</kind>
         <file>driverlib.a</file>
         <name>gpio.obj</name>
      </input_file>
      <input_file id="fl-11d">
         <path>C:\TI\CC3200SDK_1.2.0\cc3200-sdk\driverlib\ccs\Release\</path>
         <kind>archive</kind>
         <file>driverlib.a</file>
         <name>hwspinlock.obj</name>
      </input_file>
      <input_file id="fl-11e">
         <path>C:\TI\CC3200SDK_1.2.0\cc3200-sdk\driverlib\ccs\Release\</path>
         <kind>archive</kind>
         <file>driverlib.a</file>
         <name>i2c.obj</name>
      </input_file>
      <input_file id="fl-11f">
         <path>C:\TI\CC3200SDK_1.2.0\cc3200-sdk\driverlib\ccs\Release\</path>
         <kind>archive</kind>
         <file>driverlib.a</file>
         <name>i2s.obj</name>
      </input_file>
      <input_file id="fl-120">
         <path>C:\TI\CC3200SDK_1.2.0\cc3200-sdk\driverlib\ccs\Release\</path>
         <kind>archive</kind>
         <file>driverlib.a</file>
         <name>interrupt.obj</name>
      </input_file>
      <input_file id="fl-121">
         <path>C:\TI\CC3200SDK_1.2.0\cc3200-sdk\driverlib\ccs\Release\</path>
         <kind>archive</kind>
         <file>driverlib.a</file>
         <name>pin.obj</name>
      </input_file>
      <input_file id="fl-122">
         <path>C:\TI\CC3200SDK_1.2.0\cc3200-sdk\driverlib\ccs\Release\</path>
         <kind>archive</kind>
         <file>driverlib.a</file>
         <name>prcm.obj</name>
      </input_file>
      <input_file id="fl-123">
         <path>C:\TI\CC3200SDK_1.2.0\cc3200-sdk\driverlib\ccs\Release\</path>
         <kind>archive</kind>
         <file>driverlib.a</file>
         <name>sdhost.obj</name>
      </input_file>
      <input_file id="fl-124">
         <path>C:\TI\CC3200SDK_1.2.0\cc3200-sdk\driverlib\ccs\Release\</path>
         <kind>archive</kind>
         <file>driverlib.a</file>
         <name>spi.obj</name>
      </input_file>
      <input_file id="fl-125">
         <path>C:\TI\CC3200SDK_1.2.0\cc3200-sdk\driverlib\ccs\Release\</path>
         <kind>archive</kind>
         <file>driverlib.a</file>
         <name>timer.obj</name>
      </input_file>
      <input_file id="fl-126">
         <path>C:\TI\CC3200SDK_1.2.0\cc3200-sdk\driverlib\ccs\Release\</path>
         <kind>archive</kind>
         <file>driverlib.a</file>
         <name>uart.obj</name>
      </input_file>
      <input_file id="fl-127">
         <path>C:\TI\CC3200SDK_1.2.0\cc3200-sdk\driverlib\ccs\Release\</path>
         <kind>archive</kind>
         <file>driverlib.a</file>
         <name>udma.obj</name>
      </input_file>
      <input_file id="fl-128">
         <path>C:\TI\CC3200SDK_1.2.0\cc3200-sdk\driverlib\ccs\Release\</path>
         <kind>archive</kind>
         <file>driverlib.a</file>
         <name>utils.obj</name>
      </input_file>
      <input_file id="fl-129">
         <path>C:\TI\CC3200SDK_1.2.0\cc3200-sdk\driverlib\ccs\Release\</path>
         <kind>archive</kind>
         <file>driverlib.a</file>
         <name>wdt.obj</name>
      </input_file>
      <input_file id="fl-12a">
         <path>C:\TI\CC3200SDK_1.2.0\cc3200-sdk\driverlib\ccs\Release\</path>
         <kind>archive</kind>
         <file>driverlib.a</file>
         <name>cpu.obj</name>
      </input_file>
      <input_file id="fl-12b">
         <path>C:\TI\CC3200SDK_1.2.0\cc3200-sdk\driverlib\ccs\Release\</path>
         <kind>archive</kind>
         <file>driverlib.a</file>
         <name>flash.obj</name>
      </input_file>
   </input_file_list>
   <object_component_list>
      <object_component id="oc-f">
         <name>.intvecs</name>
         <load_address>0x20004000</load_address>
         <run_address>0x20004000</run_address>
         <size>0x400</size>
         <input_file_ref idref="fl-16"/>
      </object_component>
      <object_component id="oc-2af">
         <name>.text</name>
         <load_address>0x20004400</load_address>
         <run_address>0x20004400</run_address>
         <size>0x2ad6</size>
         <input_file_ref idref="fl-11b"/>
      </object_component>
      <object_component id="oc-5e5">
         <name>.text:IntDefaultHandler</name>
         <load_address>0x20006ed6</load_address>
         <run_address>0x20006ed6</run_address>
         <size>0x2</size>
         <input_file_ref idref="fl-120"/>
      </object_component>
      <object_component id="oc-1d7">
         <name>.text</name>
         <load_address>0x20006ed8</load_address>
         <run_address>0x20006ed8</run_address>
         <size>0x10fc</size>
         <input_file_ref idref="fl-102"/>
      </object_component>
      <object_component id="oc-3d9">
         <name>.text</name>
         <load_address>0x20007fd4</load_address>
         <run_address>0x20007fd4</run_address>
         <size>0x9a4</size>
         <input_file_ref idref="fl-e1"/>
      </object_component>
      <object_component id="oc-e0">
         <name>.text</name>
         <load_address>0x20008978</load_address>
         <run_address>0x20008978</run_address>
         <size>0x924</size>
         <input_file_ref idref="fl-4"/>
      </object_component>
      <object_component id="oc-3b9">
         <name>.text</name>
         <load_address>0x2000929c</load_address>
         <run_address>0x2000929c</run_address>
         <size>0x71c</size>
         <input_file_ref idref="fl-109"/>
      </object_component>
      <object_component id="oc-1b6">
         <name>.text</name>
         <load_address>0x200099b8</load_address>
         <run_address>0x200099b8</run_address>
         <size>0x5c4</size>
         <input_file_ref idref="fl-fa"/>
      </object_component>
      <object_component id="oc-1bc">
         <name>.text</name>
         <load_address>0x20009f7c</load_address>
         <run_address>0x20009f7c</run_address>
         <size>0x5c0</size>
         <input_file_ref idref="fl-f8"/>
      </object_component>
      <object_component id="oc-1cb">
         <name>.text</name>
         <load_address>0x2000a53c</load_address>
         <run_address>0x2000a53c</run_address>
         <size>0x54e</size>
         <input_file_ref idref="fl-6"/>
      </object_component>
      <object_component id="oc-5b">
         <name>.text</name>
         <load_address>0x2000aa8a</load_address>
         <run_address>0x2000aa8a</run_address>
         <size>0x2</size>
         <input_file_ref idref="fl-f5"/>
      </object_component>
      <object_component id="oc-4ab">
         <name>.text</name>
         <load_address>0x2000aa8c</load_address>
         <run_address>0x2000aa8c</run_address>
         <size>0x4c0</size>
         <input_file_ref idref="fl-1b"/>
      </object_component>
      <object_component id="oc-160">
         <name>.text</name>
         <load_address>0x2000af4c</load_address>
         <run_address>0x2000af4c</run_address>
         <size>0x438</size>
         <input_file_ref idref="fl-8"/>
      </object_component>
      <object_component id="oc-2ea">
         <name>.text</name>
         <load_address>0x2000b384</load_address>
         <run_address>0x2000b384</run_address>
         <size>0x3dc</size>
         <input_file_ref idref="fl-f3"/>
      </object_component>
      <object_component id="oc-da">
         <name>.text</name>
         <load_address>0x2000b760</load_address>
         <run_address>0x2000b760</run_address>
         <size>0x3a8</size>
         <input_file_ref idref="fl-2"/>
      </object_component>
      <object_component id="oc-1c2">
         <name>.text</name>
         <load_address>0x2000bb08</load_address>
         <run_address>0x2000bb08</run_address>
         <size>0x2ec</size>
         <input_file_ref idref="fl-f7"/>
      </object_component>
      <object_component id="oc-178">
         <name>.text</name>
         <load_address>0x2000bdf4</load_address>
         <run_address>0x2000bdf4</run_address>
         <size>0x2cc</size>
         <input_file_ref idref="fl-b"/>
      </object_component>
      <object_component id="oc-154">
         <name>.text</name>
         <load_address>0x2000c0c0</load_address>
         <run_address>0x2000c0c0</run_address>
         <size>0x2b4</size>
         <input_file_ref idref="fl-c"/>
      </object_component>
      <object_component id="oc-28a">
         <name>.text</name>
         <load_address>0x2000c374</load_address>
         <run_address>0x2000c374</run_address>
         <size>0x290</size>
         <input_file_ref idref="fl-12"/>
      </object_component>
      <object_component id="oc-15a">
         <name>.text</name>
         <load_address>0x2000c604</load_address>
         <run_address>0x2000c604</run_address>
         <size>0x280</size>
         <input_file_ref idref="fl-18"/>
      </object_component>
      <object_component id="oc-16c">
         <name>.text</name>
         <load_address>0x2000c884</load_address>
         <run_address>0x2000c884</run_address>
         <size>0x264</size>
         <input_file_ref idref="fl-7"/>
      </object_component>
      <object_component id="oc-166">
         <name>.text</name>
         <load_address>0x2000cae8</load_address>
         <run_address>0x2000cae8</run_address>
         <size>0x24c</size>
         <input_file_ref idref="fl-9"/>
      </object_component>
      <object_component id="oc-172">
         <name>.text</name>
         <load_address>0x2000cd34</load_address>
         <run_address>0x2000cd34</run_address>
         <size>0x23c</size>
         <input_file_ref idref="fl-a"/>
      </object_component>
      <object_component id="oc-3e5">
         <name>.text</name>
         <load_address>0x2000cf70</load_address>
         <run_address>0x2000cf70</run_address>
         <size>0x1f4</size>
         <input_file_ref idref="fl-112"/>
      </object_component>
      <object_component id="oc-1b0">
         <name>.text</name>
         <load_address>0x2000d164</load_address>
         <run_address>0x2000d164</run_address>
         <size>0x1d4</size>
         <input_file_ref idref="fl-e0"/>
      </object_component>
      <object_component id="oc-ac">
         <name>.text</name>
         <load_address>0x2000d338</load_address>
         <run_address>0x2000d338</run_address>
         <size>0x1bc</size>
         <input_file_ref idref="fl-3"/>
      </object_component>
      <object_component id="oc-e6">
         <name>.text</name>
         <load_address>0x2000d4f4</load_address>
         <run_address>0x2000d4f4</run_address>
         <size>0x1b6</size>
         <input_file_ref idref="fl-e5"/>
      </object_component>
      <object_component id="oc-a4">
         <name>.text</name>
         <load_address>0x2000d6aa</load_address>
         <run_address>0x2000d6aa</run_address>
         <size>0x2</size>
         <input_file_ref idref="fl-110"/>
      </object_component>
      <object_component id="oc-eb">
         <name>.text</name>
         <load_address>0x2000d6ac</load_address>
         <run_address>0x2000d6ac</run_address>
         <size>0x1a8</size>
         <input_file_ref idref="fl-5"/>
      </object_component>
      <object_component id="oc-188">
         <name>.text</name>
         <load_address>0x2000d854</load_address>
         <run_address>0x2000d854</run_address>
         <size>0x198</size>
         <input_file_ref idref="fl-17"/>
      </object_component>
      <object_component id="oc-201">
         <name>.text:PRCMCC3200MCUInit</name>
         <load_address>0x2000d9ec</load_address>
         <run_address>0x2000d9ec</run_address>
         <size>0x178</size>
         <input_file_ref idref="fl-122"/>
      </object_component>
      <object_component id="oc-539">
         <name>.text</name>
         <load_address>0x2000db64</load_address>
         <run_address>0x2000db64</run_address>
         <size>0x170</size>
         <input_file_ref idref="fl-e2"/>
      </object_component>
      <object_component id="oc-13c">
         <name>.text</name>
         <load_address>0x2000dcd4</load_address>
         <run_address>0x2000dcd4</run_address>
         <size>0x168</size>
         <input_file_ref idref="fl-f"/>
      </object_component>
      <object_component id="oc-3ae">
         <name>.text</name>
         <load_address>0x2000de3c</load_address>
         <run_address>0x2000de3c</run_address>
         <size>0x168</size>
         <input_file_ref idref="fl-10a"/>
      </object_component>
      <object_component id="oc-3bf">
         <name>.text</name>
         <load_address>0x2000dfa4</load_address>
         <run_address>0x2000dfa4</run_address>
         <size>0x160</size>
         <input_file_ref idref="fl-108"/>
      </object_component>
      <object_component id="oc-183">
         <name>.text</name>
         <load_address>0x2000e104</load_address>
         <run_address>0x2000e104</run_address>
         <size>0x136</size>
         <input_file_ref idref="fl-e7"/>
      </object_component>
      <object_component id="oc-14e">
         <name>.text</name>
         <load_address>0x2000e23c</load_address>
         <run_address>0x2000e23c</run_address>
         <size>0x108</size>
         <input_file_ref idref="fl-d"/>
      </object_component>
      <object_component id="oc-142">
         <name>.text</name>
         <load_address>0x2000e344</load_address>
         <run_address>0x2000e344</run_address>
         <size>0x108</size>
         <input_file_ref idref="fl-1d"/>
      </object_component>
      <object_component id="oc-f1">
         <name>.text</name>
         <load_address>0x2000e44c</load_address>
         <run_address>0x2000e44c</run_address>
         <size>0xfc</size>
         <input_file_ref idref="fl-e8"/>
      </object_component>
      <object_component id="oc-33d">
         <name>.text</name>
         <load_address>0x2000e548</load_address>
         <run_address>0x2000e548</run_address>
         <size>0xfa</size>
         <input_file_ref idref="fl-eb"/>
      </object_component>
      <object_component id="oc-51c">
         <name>.text</name>
         <load_address>0x2000e644</load_address>
         <run_address>0x2000e644</run_address>
         <size>0xf4</size>
         <input_file_ref idref="fl-10e"/>
      </object_component>
      <object_component id="oc-3f6">
         <name>.text</name>
         <load_address>0x2000e738</load_address>
         <run_address>0x2000e738</run_address>
         <size>0xd0</size>
         <input_file_ref idref="fl-f9"/>
      </object_component>
      <object_component id="oc-506">
         <name>.text:IntDisable</name>
         <load_address>0x2000e808</load_address>
         <run_address>0x2000e808</run_address>
         <size>0xa8</size>
         <input_file_ref idref="fl-120"/>
      </object_component>
      <object_component id="oc-1fb">
         <name>.text:IntEnable</name>
         <load_address>0x2000e8b0</load_address>
         <run_address>0x2000e8b0</run_address>
         <size>0xa8</size>
         <input_file_ref idref="fl-120"/>
      </object_component>
      <object_component id="oc-36">
         <name>.text</name>
         <load_address>0x2000e958</load_address>
         <run_address>0x2000e958</run_address>
         <size>0x9c</size>
         <input_file_ref idref="fl-f1"/>
      </object_component>
      <object_component id="oc-25d">
         <name>.text:PRCMPeripheralClockGet</name>
         <load_address>0x2000e9f4</load_address>
         <run_address>0x2000e9f4</run_address>
         <size>0x94</size>
         <input_file_ref idref="fl-122"/>
      </object_component>
      <object_component id="oc-338">
         <name>.text</name>
         <load_address>0x2000ea88</load_address>
         <run_address>0x2000ea88</run_address>
         <size>0x92</size>
         <input_file_ref idref="fl-ed"/>
      </object_component>
      <object_component id="oc-226">
         <name>.text:PinConfigSet</name>
         <load_address>0x2000eb1c</load_address>
         <run_address>0x2000eb1c</run_address>
         <size>0x88</size>
         <input_file_ref idref="fl-121"/>
      </object_component>
      <object_component id="oc-2d8">
         <name>.text</name>
         <load_address>0x2000eba4</load_address>
         <run_address>0x2000eba4</run_address>
         <size>0x88</size>
         <input_file_ref idref="fl-100"/>
      </object_component>
      <object_component id="oc-3b4">
         <name>.text:__aeabi_cdcmple</name>
         <load_address>0x2000ec2c</load_address>
         <run_address>0x2000ec2c</run_address>
         <size>0x86</size>
         <input_file_ref idref="fl-e6"/>
      </object_component>
      <object_component id="oc-3c9">
         <name>.text:__aeabi_cdrcmple</name>
         <load_address>0x2000ecb2</load_address>
         <run_address>0x2000ecb2</run_address>
         <size>0x86</size>
         <input_file_ref idref="fl-e6"/>
      </object_component>
      <object_component id="oc-49e">
         <name>.text:I2CMasterInitExpClk</name>
         <load_address>0x2000ed38</load_address>
         <run_address>0x2000ed38</run_address>
         <size>0x84</size>
         <input_file_ref idref="fl-11e"/>
      </object_component>
      <object_component id="oc-2a3">
         <name>.text:SDHostInit</name>
         <load_address>0x2000edbc</load_address>
         <run_address>0x2000edbc</run_address>
         <size>0x7c</size>
         <input_file_ref idref="fl-123"/>
      </object_component>
      <object_component id="oc-4f">
         <name>.text</name>
         <load_address>0x2000ee38</load_address>
         <run_address>0x2000ee38</run_address>
         <size>0x7a</size>
         <input_file_ref idref="fl-f4"/>
      </object_component>
      <object_component id="oc-263">
         <name>.text:UARTConfigSetExpClk</name>
         <load_address>0x2000eeb2</load_address>
         <run_address>0x2000eeb2</run_address>
         <size>0x76</size>
         <input_file_ref idref="fl-126"/>
      </object_component>
      <object_component id="oc-358">
         <name>.text:TimerIntRegister</name>
         <load_address>0x2000ef28</load_address>
         <run_address>0x2000ef28</run_address>
         <size>0x70</size>
         <input_file_ref idref="fl-125"/>
      </object_component>
      <object_component id="oc-67">
         <name>.text</name>
         <load_address>0x2000ef98</load_address>
         <run_address>0x2000ef98</run_address>
         <size>0x70</size>
         <input_file_ref idref="fl-105"/>
      </object_component>
      <object_component id="oc-324">
         <name>.text</name>
         <load_address>0x2000f008</load_address>
         <run_address>0x2000f008</run_address>
         <size>0x6e</size>
         <input_file_ref idref="fl-ea"/>
      </object_component>
      <object_component id="oc-42">
         <name>.text</name>
         <load_address>0x2000f076</load_address>
         <run_address>0x2000f076</run_address>
         <size>0x6a</size>
         <input_file_ref idref="fl-de"/>
      </object_component>
      <object_component id="oc-388">
         <name>.text:TimerIntUnregister</name>
         <load_address>0x2000f0e0</load_address>
         <run_address>0x2000f0e0</run_address>
         <size>0x68</size>
         <input_file_ref idref="fl-125"/>
      </object_component>
      <object_component id="oc-2a9">
         <name>.text:SDHostSetExpClk</name>
         <load_address>0x2000f148</load_address>
         <run_address>0x2000f148</run_address>
         <size>0x66</size>
         <input_file_ref idref="fl-123"/>
      </object_component>
      <object_component id="oc-329">
         <name>.text:__aeabi_cfcmple</name>
         <load_address>0x2000f1ae</load_address>
         <run_address>0x2000f1ae</run_address>
         <size>0x60</size>
         <input_file_ref idref="fl-ec"/>
      </object_component>
      <object_component id="oc-32e">
         <name>.text:__aeabi_cfrcmple</name>
         <load_address>0x2000f20e</load_address>
         <run_address>0x2000f20e</run_address>
         <size>0x60</size>
         <input_file_ref idref="fl-ec"/>
      </object_component>
      <object_component id="oc-f6">
         <name>.text</name>
         <load_address>0x2000f270</load_address>
         <run_address>0x2000f270</run_address>
         <size>0x60</size>
         <input_file_ref idref="fl-fb"/>
      </object_component>
      <object_component id="oc-3f0">
         <name>.text</name>
         <load_address>0x2000f2d0</load_address>
         <run_address>0x2000f2d0</run_address>
         <size>0x5c</size>
         <input_file_ref idref="fl-10f"/>
      </object_component>
      <object_component id="oc-284">
         <name>.text:PRCMPeripheralReset</name>
         <load_address>0x2000f32c</load_address>
         <run_address>0x2000f32c</run_address>
         <size>0x58</size>
         <input_file_ref idref="fl-122"/>
      </object_component>
      <object_component id="oc-3ea">
         <name>.text</name>
         <load_address>0x2000f384</load_address>
         <run_address>0x2000f384</run_address>
         <size>0x56</size>
         <input_file_ref idref="fl-10b"/>
      </object_component>
      <object_component id="oc-352">
         <name>.text:IntPrioritySet</name>
         <load_address>0x2000f3dc</load_address>
         <run_address>0x2000f3dc</run_address>
         <size>0x54</size>
         <input_file_ref idref="fl-120"/>
      </object_component>
      <object_component id="oc-73">
         <name>.text</name>
         <load_address>0x2000f430</load_address>
         <run_address>0x2000f430</run_address>
         <size>0x54</size>
         <input_file_ref idref="fl-e4"/>
      </object_component>
      <object_component id="oc-408">
         <name>.text</name>
         <load_address>0x2000f484</load_address>
         <run_address>0x2000f484</run_address>
         <size>0x4c</size>
         <input_file_ref idref="fl-104"/>
      </object_component>
      <object_component id="oc-9e">
         <name>.text</name>
         <load_address>0x2000f4d0</load_address>
         <run_address>0x2000f4d0</run_address>
         <size>0x4c</size>
         <input_file_ref idref="fl-106"/>
      </object_component>
      <object_component id="oc-3a9">
         <name>.text</name>
         <load_address>0x2000f51c</load_address>
         <run_address>0x2000f51c</run_address>
         <size>0x48</size>
         <input_file_ref idref="fl-e9"/>
      </object_component>
      <object_component id="oc-346">
         <name>.text:TimerConfigure</name>
         <load_address>0x2000f564</load_address>
         <run_address>0x2000f564</run_address>
         <size>0x44</size>
         <input_file_ref idref="fl-125"/>
      </object_component>
      <object_component id="oc-463">
         <name>.text:UARTIntNumberGet</name>
         <load_address>0x2000f5a8</load_address>
         <run_address>0x2000f5a8</run_address>
         <size>0x44</size>
         <input_file_ref idref="fl-126"/>
      </object_component>
      <object_component id="oc-208">
         <name>.text:PinModeSet</name>
         <load_address>0x2000f5ec</load_address>
         <run_address>0x2000f5ec</run_address>
         <size>0x40</size>
         <input_file_ref idref="fl-121"/>
      </object_component>
      <object_component id="oc-24">
         <name>.text</name>
         <load_address>0x2000f62c</load_address>
         <run_address>0x2000f62c</run_address>
         <size>0x40</size>
         <input_file_ref idref="fl-dc"/>
      </object_component>
      <object_component id="oc-593">
         <name>.text:SDHostCmdSend</name>
         <load_address>0x2000f66c</load_address>
         <run_address>0x2000f66c</run_address>
         <size>0x3e</size>
         <input_file_ref idref="fl-123"/>
      </object_component>
      <object_component id="oc-20e">
         <name>.text:PRCMPeripheralClkEnable</name>
         <load_address>0x2000f6ac</load_address>
         <run_address>0x2000f6ac</run_address>
         <size>0x3c</size>
         <input_file_ref idref="fl-122"/>
      </object_component>
      <object_component id="oc-220">
         <name>.text:PinDirModeSet</name>
         <load_address>0x2000f6e8</load_address>
         <run_address>0x2000f6e8</run_address>
         <size>0x3c</size>
         <input_file_ref idref="fl-121"/>
      </object_component>
      <object_component id="oc-3d4">
         <name>.text</name>
         <load_address>0x2000f724</load_address>
         <run_address>0x2000f724</run_address>
         <size>0x38</size>
         <input_file_ref idref="fl-ee"/>
      </object_component>
      <object_component id="oc-333">
         <name>.text</name>
         <load_address>0x2000f75c</load_address>
         <run_address>0x2000f75c</run_address>
         <size>0x38</size>
         <input_file_ref idref="fl-f0"/>
      </object_component>
      <object_component id="oc-214">
         <name>.text:GPIODirModeSet</name>
         <load_address>0x2000f794</load_address>
         <run_address>0x2000f794</run_address>
         <size>0x36</size>
         <input_file_ref idref="fl-11c"/>
      </object_component>
      <object_component id="oc-5a5">
         <name>.text:SDHostRespGet</name>
         <load_address>0x2000f7ca</load_address>
         <run_address>0x2000f7ca</run_address>
         <size>0x34</size>
         <input_file_ref idref="fl-123"/>
      </object_component>
      <object_component id="oc-45a">
         <name>.text:UARTDisable</name>
         <load_address>0x2000f800</load_address>
         <run_address>0x2000f800</run_address>
         <size>0x30</size>
         <input_file_ref idref="fl-126"/>
      </object_component>
      <object_component id="oc-17e">
         <name>.text</name>
         <load_address>0x2000f830</load_address>
         <run_address>0x2000f830</run_address>
         <size>0x2e</size>
         <input_file_ref idref="fl-ef"/>
      </object_component>
      <object_component id="oc-486">
         <name>.text:I2CMasterErr</name>
         <load_address>0x2000f85e</load_address>
         <run_address>0x2000f85e</run_address>
         <size>0x2c</size>
         <input_file_ref idref="fl-11e"/>
      </object_component>
      <object_component id="oc-42c">
         <name>.text:PRCMSysResetCauseGet</name>
         <load_address>0x2000f88c</load_address>
         <run_address>0x2000f88c</run_address>
         <size>0x2c</size>
         <input_file_ref idref="fl-122"/>
      </object_component>
      <object_component id="oc-599">
         <name>.text:SDHostIntStatus</name>
         <load_address>0x2000f8b8</load_address>
         <run_address>0x2000f8b8</run_address>
         <size>0x2c</size>
         <input_file_ref idref="fl-123"/>
      </object_component>
      <object_component id="oc-370">
         <name>.text:TimerLoadSet</name>
         <load_address>0x2000f8e4</load_address>
         <run_address>0x2000f8e4</run_address>
         <size>0x2a</size>
         <input_file_ref idref="fl-125"/>
      </object_component>
      <object_component id="oc-34c">
         <name>.text:TimerPrescaleSet</name>
         <load_address>0x2000f90e</load_address>
         <run_address>0x2000f90e</run_address>
         <size>0x2a</size>
         <input_file_ref idref="fl-125"/>
      </object_component>
      <object_component id="oc-43e">
         <name>.text:PRCMPeripheralClkDisable</name>
         <load_address>0x2000f938</load_address>
         <run_address>0x2000f938</run_address>
         <size>0x28</size>
         <input_file_ref idref="fl-122"/>
      </object_component>
      <object_component id="oc-5ab">
         <name>.text:SDHostBlockSizeSet</name>
         <load_address>0x2000f960</load_address>
         <run_address>0x2000f960</run_address>
         <size>0x28</size>
         <input_file_ref idref="fl-123"/>
      </object_component>
      <object_component id="oc-5b1">
         <name>.text:SDHostBlockCountSet</name>
         <load_address>0x2000f988</load_address>
         <run_address>0x2000f988</run_address>
         <size>0x26</size>
         <input_file_ref idref="fl-123"/>
      </object_component>
      <object_component id="oc-50c">
         <name>.text:IntUnregister</name>
         <load_address>0x2000f9b0</load_address>
         <run_address>0x2000f9b0</run_address>
         <size>0x24</size>
         <input_file_ref idref="fl-120"/>
      </object_component>
      <object_component id="oc-58d">
         <name>.text:SDHostIntClear</name>
         <load_address>0x2000f9d4</load_address>
         <run_address>0x2000f9d4</run_address>
         <size>0x24</size>
         <input_file_ref idref="fl-123"/>
      </object_component>
      <object_component id="oc-303">
         <name>.text:UARTCharPutNonBlocking</name>
         <load_address>0x2000f9f8</load_address>
         <run_address>0x2000f9f8</run_address>
         <size>0x24</size>
         <input_file_ref idref="fl-126"/>
      </object_component>
      <object_component id="oc-27b">
         <name>.text:UARTEnable</name>
         <load_address>0x2000fa1c</load_address>
         <run_address>0x2000fa1c</run_address>
         <size>0x24</size>
         <input_file_ref idref="fl-126"/>
      </object_component>
      <object_component id="oc-148">
         <name>.text</name>
         <load_address>0x2000fa40</load_address>
         <run_address>0x2000fa40</run_address>
         <size>0x24</size>
         <input_file_ref idref="fl-1c"/>
      </object_component>
      <object_component id="oc-2e4">
         <name>.text</name>
         <load_address>0x2000fa64</load_address>
         <run_address>0x2000fa64</run_address>
         <size>0x24</size>
         <input_file_ref idref="fl-f2"/>
      </object_component>
      <object_component id="oc-48c">
         <name>.text:I2CMasterSlaveAddrSet</name>
         <load_address>0x2000fa88</load_address>
         <run_address>0x2000fa88</run_address>
         <size>0x22</size>
         <input_file_ref idref="fl-11e"/>
      </object_component>
      <object_component id="oc-59f">
         <name>.text:SDHostCmdReset</name>
         <load_address>0x2000faaa</load_address>
         <run_address>0x2000faaa</run_address>
         <size>0x22</size>
         <input_file_ref idref="fl-123"/>
      </object_component>
      <object_component id="oc-29d">
         <name>.text:GPIOPinWrite</name>
         <load_address>0x2000facc</load_address>
         <run_address>0x2000facc</run_address>
         <size>0x20</size>
         <input_file_ref idref="fl-11c"/>
      </object_component>
      <object_component id="oc-469">
         <name>.text:IntRegister</name>
         <load_address>0x2000faec</load_address>
         <run_address>0x2000faec</run_address>
         <size>0x20</size>
         <input_file_ref idref="fl-120"/>
      </object_component>
      <object_component id="oc-5b7">
         <name>.text:SDHostDataRead</name>
         <load_address>0x2000fb0c</load_address>
         <run_address>0x2000fb0c</run_address>
         <size>0x20</size>
         <input_file_ref idref="fl-123"/>
      </object_component>
      <object_component id="oc-18e">
         <name>.text</name>
         <load_address>0x2000fb2c</load_address>
         <run_address>0x2000fb2c</run_address>
         <size>0x20</size>
         <input_file_ref idref="fl-ff"/>
      </object_component>
      <object_component id="oc-474">
         <name>.text:I2CMasterIntStatusEx</name>
         <load_address>0x2000fb4c</load_address>
         <run_address>0x2000fb4c</run_address>
         <size>0x1e</size>
         <input_file_ref idref="fl-11e"/>
      </object_component>
      <object_component id="oc-5c0">
         <name>.text:SDHostDataWrite</name>
         <load_address>0x2000fb6a</load_address>
         <run_address>0x2000fb6a</run_address>
         <size>0x1e</size>
         <input_file_ref idref="fl-123"/>
      </object_component>
      <object_component id="oc-37c">
         <name>.text:TimerDisable</name>
         <load_address>0x2000fb88</load_address>
         <run_address>0x2000fb88</run_address>
         <size>0x1e</size>
         <input_file_ref idref="fl-125"/>
      </object_component>
      <object_component id="oc-376">
         <name>.text:TimerEnable</name>
         <load_address>0x2000fba6</load_address>
         <run_address>0x2000fba6</run_address>
         <size>0x1e</size>
         <input_file_ref idref="fl-125"/>
      </object_component>
      <object_component id="oc-364">
         <name>.text:TimerIntStatus</name>
         <load_address>0x2000fbc4</load_address>
         <run_address>0x2000fbc4</run_address>
         <size>0x1e</size>
         <input_file_ref idref="fl-125"/>
      </object_component>
      <object_component id="oc-2d2">
         <name>.text:UARTCharPut</name>
         <load_address>0x2000fbe2</load_address>
         <run_address>0x2000fbe2</run_address>
         <size>0x1e</size>
         <input_file_ref idref="fl-126"/>
      </object_component>
      <object_component id="oc-275">
         <name>.text:UARTIntRegister</name>
         <load_address>0x2000fc00</load_address>
         <run_address>0x2000fc00</run_address>
         <size>0x1e</size>
         <input_file_ref idref="fl-126"/>
      </object_component>
      <object_component id="oc-239">
         <name>.text:UARTIntStatus</name>
         <load_address>0x2000fc1e</load_address>
         <run_address>0x2000fc1e</run_address>
         <size>0x1e</size>
         <input_file_ref idref="fl-126"/>
      </object_component>
      <object_component id="oc-232">
         <name>.text:PinTypeI2C</name>
         <load_address>0x2000fc3c</load_address>
         <run_address>0x2000fc3c</run_address>
         <size>0x1c</size>
         <input_file_ref idref="fl-121"/>
      </object_component>
      <object_component id="oc-38e">
         <name>.text:TimerValueGet</name>
         <load_address>0x2000fc58</load_address>
         <run_address>0x2000fc58</run_address>
         <size>0x1c</size>
         <input_file_ref idref="fl-125"/>
      </object_component>
      <object_component id="oc-24b">
         <name>.text:UARTCharGetNonBlocking</name>
         <load_address>0x2000fc74</load_address>
         <run_address>0x2000fc74</run_address>
         <size>0x1c</size>
         <input_file_ref idref="fl-126"/>
      </object_component>
      <object_component id="oc-402">
         <name>.text</name>
         <load_address>0x2000fc90</load_address>
         <run_address>0x2000fc90</run_address>
         <size>0x1c</size>
         <input_file_ref idref="fl-10c"/>
      </object_component>
      <object_component id="oc-21a">
         <name>.text:PinTypeSDHost</name>
         <load_address>0x2000fcac</load_address>
         <run_address>0x2000fcac</run_address>
         <size>0x1a</size>
         <input_file_ref idref="fl-121"/>
      </object_component>
      <object_component id="oc-22c">
         <name>.text:PinTypeUART</name>
         <load_address>0x2000fcc6</load_address>
         <run_address>0x2000fcc6</run_address>
         <size>0x1a</size>
         <input_file_ref idref="fl-121"/>
      </object_component>
      <object_component id="oc-2c2">
         <name>.text:GPIOPinRead</name>
         <load_address>0x2000fce0</load_address>
         <run_address>0x2000fce0</run_address>
         <size>0x18</size>
         <input_file_ref idref="fl-11c"/>
      </object_component>
      <object_component id="oc-310">
         <name>.text:I2CMasterBusy</name>
         <load_address>0x2000fcf8</load_address>
         <run_address>0x2000fcf8</run_address>
         <size>0x18</size>
         <input_file_ref idref="fl-11e"/>
      </object_component>
      <object_component id="oc-382">
         <name>.text:TimerIntDisable</name>
         <load_address>0x2000fd10</load_address>
         <run_address>0x2000fd10</run_address>
         <size>0x18</size>
         <input_file_ref idref="fl-125"/>
      </object_component>
      <object_component id="oc-35e">
         <name>.text:TimerIntEnable</name>
         <load_address>0x2000fd28</load_address>
         <run_address>0x2000fd28</run_address>
         <size>0x18</size>
         <input_file_ref idref="fl-125"/>
      </object_component>
      <object_component id="oc-251">
         <name>.text:UARTCharsAvail</name>
         <load_address>0x2000fd40</load_address>
         <run_address>0x2000fd40</run_address>
         <size>0x18</size>
         <input_file_ref idref="fl-126"/>
      </object_component>
      <object_component id="oc-269">
         <name>.text:UARTFIFOLevelSet</name>
         <load_address>0x2000fd58</load_address>
         <run_address>0x2000fd58</run_address>
         <size>0x18</size>
         <input_file_ref idref="fl-126"/>
      </object_component>
      <object_component id="oc-245">
         <name>.text:UARTIntDisable</name>
         <load_address>0x2000fd70</load_address>
         <run_address>0x2000fd70</run_address>
         <size>0x18</size>
         <input_file_ref idref="fl-126"/>
      </object_component>
      <object_component id="oc-257">
         <name>.text:UARTIntEnable</name>
         <load_address>0x2000fd88</load_address>
         <run_address>0x2000fd88</run_address>
         <size>0x18</size>
         <input_file_ref idref="fl-126"/>
      </object_component>
      <object_component id="oc-6d">
         <name>.text</name>
         <load_address>0x2000fda0</load_address>
         <run_address>0x2000fda0</run_address>
         <size>0x18</size>
         <input_file_ref idref="fl-103"/>
      </object_component>
      <object_component id="oc-492">
         <name>.text:I2CMasterDataPut</name>
         <load_address>0x2000fdb8</load_address>
         <run_address>0x2000fdb8</run_address>
         <size>0x16</size>
         <input_file_ref idref="fl-11e"/>
      </object_component>
      <object_component id="oc-296">
         <name>.text:I2CMasterEnable</name>
         <load_address>0x2000fdce</load_address>
         <run_address>0x2000fdce</run_address>
         <size>0x16</size>
         <input_file_ref idref="fl-11e"/>
      </object_component>
      <object_component id="oc-432">
         <name>.text:PRCMHIBRegRead</name>
         <load_address>0x2000fde4</load_address>
         <run_address>0x2000fde4</run_address>
         <size>0x16</size>
         <input_file_ref idref="fl-122"/>
      </object_component>
      <object_component id="oc-438">
         <name>.text:PRCMHIBRegWrite</name>
         <load_address>0x2000fdfa</load_address>
         <run_address>0x2000fdfa</run_address>
         <size>0x16</size>
         <input_file_ref idref="fl-122"/>
      </object_component>
      <object_component id="oc-26f">
         <name>.text:UARTFIFOEnable</name>
         <load_address>0x2000fe10</load_address>
         <run_address>0x2000fe10</run_address>
         <size>0x16</size>
         <input_file_ref idref="fl-126"/>
      </object_component>
      <object_component id="oc-3fc">
         <name>.text</name>
         <load_address>0x2000fe26</load_address>
         <run_address>0x2000fe26</run_address>
         <size>0x16</size>
         <input_file_ref idref="fl-111"/>
      </object_component>
      <object_component id="oc-421">
         <name>.text:CPUcpsie</name>
         <load_address>0x2000fe3c</load_address>
         <run_address>0x2000fe3c</run_address>
         <size>0x14</size>
         <input_file_ref idref="fl-12a"/>
      </object_component>
      <object_component id="oc-123">
         <name>.text</name>
         <load_address>0x2000fe50</load_address>
         <run_address>0x2000fe50</run_address>
         <size>0x14</size>
         <input_file_ref idref="fl-101"/>
      </object_component>
      <object_component id="oc-2de">
         <name>.text</name>
         <load_address>0x2000fe64</load_address>
         <run_address>0x2000fe64</run_address>
         <size>0x14</size>
         <input_file_ref idref="fl-fd"/>
      </object_component>
      <object_component id="oc-480">
         <name>.text:I2CMasterControl</name>
         <load_address>0x2000fe78</load_address>
         <run_address>0x2000fe78</run_address>
         <size>0x12</size>
         <input_file_ref idref="fl-11e"/>
      </object_component>
      <object_component id="oc-290">
         <name>.text:I2CMasterIntClearEx</name>
         <load_address>0x2000fe8a</load_address>
         <run_address>0x2000fe8a</run_address>
         <size>0x12</size>
         <input_file_ref idref="fl-11e"/>
      </object_component>
      <object_component id="oc-47a">
         <name>.text:I2CMasterTimeoutSet</name>
         <load_address>0x2000fe9c</load_address>
         <run_address>0x2000fe9c</run_address>
         <size>0x12</size>
         <input_file_ref idref="fl-11e"/>
      </object_component>
      <object_component id="oc-36a">
         <name>.text:TimerIntClear</name>
         <load_address>0x2000feae</load_address>
         <run_address>0x2000feae</run_address>
         <size>0x12</size>
         <input_file_ref idref="fl-125"/>
      </object_component>
      <object_component id="oc-23f">
         <name>.text:UARTIntClear</name>
         <load_address>0x2000fec0</load_address>
         <run_address>0x2000fec0</run_address>
         <size>0x12</size>
         <input_file_ref idref="fl-126"/>
      </object_component>
      <object_component id="oc-136">
         <name>.text</name>
         <load_address>0x2000fed2</load_address>
         <run_address>0x2000fed2</run_address>
         <size>0x12</size>
         <input_file_ref idref="fl-e"/>
      </object_component>
      <object_component id="oc-498">
         <name>.text:I2CMasterDataGet</name>
         <load_address>0x2000fee4</load_address>
         <run_address>0x2000fee4</run_address>
         <size>0xe</size>
         <input_file_ref idref="fl-11e"/>
      </object_component>
      <object_component id="oc-12">
         <name>.text:decompress:none</name>
         <load_address>0x2000fef2</load_address>
         <run_address>0x2000fef2</run_address>
         <size>0xe</size>
         <input_file_ref idref="fl-dd"/>
      </object_component>
      <object_component id="oc-2d">
         <name>.text</name>
         <load_address>0x2000ff00</load_address>
         <run_address>0x2000ff00</run_address>
         <size>0xe</size>
         <input_file_ref idref="fl-16"/>
      </object_component>
      <object_component id="oc-1f5">
         <name>.text:IntMasterEnable</name>
         <load_address>0x2000ff0e</load_address>
         <run_address>0x2000ff0e</run_address>
         <size>0xa</size>
         <input_file_ref idref="fl-120"/>
      </object_component>
      <object_component id="oc-54f">
         <name>.text</name>
         <load_address>0x2000ff18</load_address>
         <run_address>0x2000ff18</run_address>
         <size>0x8</size>
         <input_file_ref idref="fl-10d"/>
      </object_component>
      <object_component id="oc-2c1">
         <name>.text:UtilsDelay</name>
         <load_address>0x2000ff20</load_address>
         <run_address>0x2000ff20</run_address>
         <size>0x6</size>
         <input_file_ref idref="fl-128"/>
      </object_component>
      <object_component id="oc-18">
         <name>.text:decompress:rle24</name>
         <load_address>0x2000ff26</load_address>
         <run_address>0x2000ff26</run_address>
         <size>0x6</size>
         <input_file_ref idref="fl-de"/>
      </object_component>
      <object_component id="oc-61">
         <name>.text</name>
         <load_address>0x2000ff2c</load_address>
         <run_address>0x2000ff2c</run_address>
         <size>0x4</size>
         <input_file_ref idref="fl-f6"/>
      </object_component>
      <object_component id="oc-522">
         <name>.const:$O1$$</name>
         <load_address>0x2000ff30</load_address>
         <run_address>0x2000ff30</run_address>
         <size>0x158</size>
         <input_file_ref idref="fl-109"/>
      </object_component>
      <object_component id="oc-55b">
         <name>.const:.string:_ctypes_</name>
         <load_address>0x20010088</load_address>
         <run_address>0x20010088</run_address>
         <size>0x101</size>
         <input_file_ref idref="fl-107"/>
      </object_component>
      <object_component id="oc-309">
         <name>.const:.string:$P$T3$4</name>
         <load_address>0x20010189</load_address>
         <run_address>0x20010189</run_address>
         <size>0x3</size>
         <input_file_ref idref="fl-8"/>
      </object_component>
      <object_component id="oc-445">
         <name>.const:g_ulPinToPadMap</name>
         <load_address>0x2001018c</load_address>
         <run_address>0x2001018c</run_address>
         <size>0x100</size>
         <input_file_ref idref="fl-121"/>
      </object_component>
      <object_component id="oc-4f9">
         <name>.const:g_pulRegs</name>
         <load_address>0x2001028c</load_address>
         <run_address>0x2001028c</run_address>
         <size>0xd4</size>
         <input_file_ref idref="fl-120"/>
      </object_component>
      <object_component id="oc-449">
         <name>.const:PRCM_PeriphRegsList</name>
         <load_address>0x20010360</load_address>
         <run_address>0x20010360</run_address>
         <size>0xa8</size>
         <input_file_ref idref="fl-122"/>
      </object_component>
      <object_component id="oc-3ce">
         <name>.const:$O1$$</name>
         <load_address>0x20010408</load_address>
         <run_address>0x20010408</run_address>
         <size>0x98</size>
         <input_file_ref idref="fl-f7"/>
      </object_component>
      <object_component id="oc-1d1">
         <name>.const:$P$T0$1</name>
         <load_address>0x200104a0</load_address>
         <run_address>0x200104a0</run_address>
         <size>0x48</size>
         <input_file_ref idref="fl-5"/>
      </object_component>
      <object_component id="oc-105">
         <name>.const:$P$T3$4</name>
         <load_address>0x200104e8</load_address>
         <run_address>0x200104e8</run_address>
         <size>0x48</size>
         <input_file_ref idref="fl-3"/>
      </object_component>
      <object_component id="oc-108">
         <name>.const:$P$T4$5</name>
         <load_address>0x20010530</load_address>
         <run_address>0x20010530</run_address>
         <size>0x48</size>
         <input_file_ref idref="fl-3"/>
      </object_component>
      <object_component id="oc-2fd">
         <name>.const:.string:$P$T1$2</name>
         <load_address>0x20010578</load_address>
         <run_address>0x20010578</run_address>
         <size>0x40</size>
         <input_file_ref idref="fl-8"/>
      </object_component>
      <object_component id="oc-542">
         <name>.const:$O1$$</name>
         <load_address>0x200105b8</load_address>
         <run_address>0x200105b8</run_address>
         <size>0x30</size>
         <input_file_ref idref="fl-e1"/>
      </object_component>
      <object_component id="oc-30c">
         <name>.const:.string:$P$T4$5</name>
         <load_address>0x200105e8</load_address>
         <run_address>0x200105e8</run_address>
         <size>0x30</size>
         <input_file_ref idref="fl-8"/>
      </object_component>
      <object_component id="oc-10b">
         <name>.const:.string:$P$T5$6</name>
         <load_address>0x20010618</load_address>
         <run_address>0x20010618</run_address>
         <size>0x27</size>
         <input_file_ref idref="fl-3"/>
      </object_component>
      <object_component id="oc-fc">
         <name>.const:$P$T0$1</name>
         <load_address>0x20010640</load_address>
         <run_address>0x20010640</run_address>
         <size>0x18</size>
         <input_file_ref idref="fl-3"/>
      </object_component>
      <object_component id="oc-ff">
         <name>.const:$P$T1$2</name>
         <load_address>0x20010658</load_address>
         <run_address>0x20010658</run_address>
         <size>0x18</size>
         <input_file_ref idref="fl-3"/>
      </object_component>
      <object_component id="oc-102">
         <name>.const:$P$T2$3</name>
         <load_address>0x20010670</load_address>
         <run_address>0x20010670</run_address>
         <size>0x18</size>
         <input_file_ref idref="fl-3"/>
      </object_component>
      <object_component id="oc-5e1">
         <name>.const:g_pulDisRegs</name>
         <load_address>0x20010688</load_address>
         <run_address>0x20010688</run_address>
         <size>0x18</size>
         <input_file_ref idref="fl-120"/>
      </object_component>
      <object_component id="oc-428">
         <name>.const:g_pulEnRegs</name>
         <load_address>0x200106a0</load_address>
         <run_address>0x200106a0</run_address>
         <size>0x18</size>
         <input_file_ref idref="fl-120"/>
      </object_component>
      <object_component id="oc-2fa">
         <name>.const:.string:$P$T0$1</name>
         <load_address>0x200106b8</load_address>
         <run_address>0x200106b8</run_address>
         <size>0x14</size>
         <input_file_ref idref="fl-8"/>
      </object_component>
      <object_component id="oc-575">
         <name>.const:g_ppulUARTIntMap</name>
         <load_address>0x200106cc</load_address>
         <run_address>0x200106cc</run_address>
         <size>0x10</size>
         <input_file_ref idref="fl-126"/>
      </object_component>
      <object_component id="oc-300">
         <name>.const:.string:$P$T2$3</name>
         <load_address>0x200106dc</load_address>
         <run_address>0x200106dc</run_address>
         <size>0x4</size>
         <input_file_ref idref="fl-8"/>
      </object_component>
      <object_component id="oc-655">
         <name>.cinit..data.load</name>
         <load_address>0x200106e0</load_address>
         <run_address>0x200106e0</run_address>
         <size>0x131</size>
      </object_component>
      <object_component id="oc-656">
         <name>.cinit..bss.load</name>
         <load_address>0x20010818</load_address>
         <run_address>0x20010818</run_address>
         <size>0x9</size>
      </object_component>
      <object_component id="oc-653">
         <name>__TI_handler_table</name>
         <load_address>0x20010824</load_address>
         <run_address>0x20010824</run_address>
         <size>0x8</size>
      </object_component>
      <object_component id="oc-654">
         <name>__TI_cinit_table</name>
         <load_address>0x2001082c</load_address>
         <run_address>0x2001082c</run_address>
         <size>0x10</size>
      </object_component>
      <object_component id="oc-316">
         <name>.data</name>
         <load_address>0x20017100</load_address>
         <run_address>0x20017100</run_address>
         <size>0x2c</size>
         <input_file_ref idref="fl-9"/>
      </object_component>
      <object_component id="oc-2c8">
         <name>.data:ds2401_crc8_table</name>
         <load_address>0x20017000</load_address>
         <run_address>0x20017000</run_address>
         <size>0x100</size>
         <input_file_ref idref="fl-c"/>
      </object_component>
      <object_component id="oc-5bd">
         <name>.data:g_sDisk</name>
         <load_address>0x2001712c</load_address>
         <run_address>0x2001712c</run_address>
         <size>0x18</size>
         <input_file_ref idref="fl-1b"/>
      </object_component>
      <object_component id="oc-53f">
         <name>.data</name>
         <load_address>0x20017164</load_address>
         <run_address>0x20017164</run_address>
         <size>0x4</size>
         <input_file_ref idref="fl-e3"/>
      </object_component>
      <object_component id="oc-b4">
         <name>.data:$O1$$</name>
         <load_address>0x20017144</load_address>
         <run_address>0x20017144</run_address>
         <size>0xc</size>
         <input_file_ref idref="fl-e4"/>
      </object_component>
      <object_component id="oc-4d1">
         <name>.data:$O1$$</name>
         <load_address>0x20017150</load_address>
         <run_address>0x20017150</run_address>
         <size>0xc</size>
         <input_file_ref idref="fl-f3"/>
      </object_component>
      <object_component id="oc-79">
         <name>.data</name>
         <load_address>0x20017168</load_address>
         <run_address>0x20017168</run_address>
         <size>0x4</size>
         <input_file_ref idref="fl-fc"/>
      </object_component>
      <object_component id="oc-b7">
         <name>.data:$O1$$</name>
         <load_address>0x2001715c</load_address>
         <run_address>0x2001715c</run_address>
         <size>0x8</size>
         <input_file_ref idref="fl-101"/>
      </object_component>
      <object_component id="oc-2f0">
         <name>.bss</name>
         <uninitialized>true</uninitialized>
         <run_address>0x20017198</run_address>
         <size>0x4</size>
         <input_file_ref idref="fl-18"/>
      </object_component>
      <object_component id="oc-4b1">
         <name>.bss:FatFs</name>
         <uninitialized>true</uninitialized>
         <run_address>0x20017194</run_address>
         <size>0x4</size>
         <input_file_ref idref="fl-11b"/>
      </object_component>
      <object_component id="oc-4b4">
         <name>.bss</name>
         <uninitialized>true</uninitialized>
         <run_address>0x200171a4</run_address>
         <size>0x2</size>
         <input_file_ref idref="fl-11b"/>
      </object_component>
      <object_component id="oc-281">
         <name>.common:ack_msg</name>
         <uninitialized>true</uninitialized>
         <run_address>0x20017188</run_address>
         <size>0xc</size>
      </object_component>
      <object_component id="oc-19a">
         <name>.common:nav_msg</name>
         <uninitialized>true</uninitialized>
         <run_address>0x2001716c</run_address>
         <size>0x1c</size>
      </object_component>
      <object_component id="oc-282">
         <name>.common:new_ack_msg</name>
         <uninitialized>true</uninitialized>
         <run_address>0x2001719c</run_address>
         <size>0x4</size>
      </object_component>
      <object_component id="oc-193">
         <name>.common:new_nav_msg</name>
         <uninitialized>true</uninitialized>
         <run_address>0x200171a0</run_address>
         <size>0x4</size>
      </object_component>
      <object_component id="oc-2a">
         <name>.sysmem</name>
         <uninitialized>true</uninitialized>
         <run_address>0x200171a8</run_address>
         <size>0x8</size>
         <input_file_ref idref="fl-f3"/>
      </object_component>
      <object_component id="oc-658">
         <name>.sysmem</name>
         <uninitialized>true</uninitialized>
         <run_address>0x200171a8</run_address>
         <size>0x0</size>
      </object_component>
      <object_component id="oc-29">
         <name>.stack</name>
         <uninitialized>true</uninitialized>
         <run_address>0x2002faec</run_address>
         <size>0x0</size>
         <input_file_ref idref="fl-dc"/>
      </object_component>
      <object_component id="oc-657">
         <name>.stack</name>
         <uninitialized>true</uninitialized>
         <run_address>0x2002faec</run_address>
         <size>0x0</size>
      </object_component>
      <object_component id="oc-194">
         <name>.debug_info</name>
         <load_address>0x0</load_address>
         <run_address>0x0</run_address>
         <size>0x6a3</size>
         <input_file_ref idref="fl-2"/>
      </object_component>
      <object_component id="oc-db">
         <name>.debug_info</name>
         <load_address>0x6a3</load_address>
         <run_address>0x6a3</run_address>
         <size>0xd83</size>
         <input_file_ref idref="fl-2"/>
      </object_component>
      <object_component id="oc-2b7">
         <name>.debug_info</name>
         <load_address>0x1426</load_address>
         <run_address>0x1426</run_address>
         <size>0x4b1</size>
         <input_file_ref idref="fl-2"/>
      </object_component>
      <object_component id="oc-1a6">
         <name>.debug_info</name>
         <load_address>0x18d7</load_address>
         <run_address>0x18d7</run_address>
         <size>0x72</size>
         <input_file_ref idref="fl-2"/>
      </object_component>
      <object_component id="oc-1a1">
         <name>.debug_info</name>
         <load_address>0x1949</load_address>
         <run_address>0x1949</run_address>
         <size>0x72</size>
         <input_file_ref idref="fl-2"/>
      </object_component>
      <object_component id="oc-1ab">
         <name>.debug_info</name>
         <load_address>0x19bb</load_address>
         <run_address>0x19bb</run_address>
         <size>0x86</size>
         <input_file_ref idref="fl-2"/>
      </object_component>
      <object_component id="oc-19c">
         <name>.debug_info</name>
         <load_address>0x1a41</load_address>
         <run_address>0x1a41</run_address>
         <size>0x7f</size>
         <input_file_ref idref="fl-2"/>
      </object_component>
      <object_component id="oc-115">
         <name>.debug_info</name>
         <load_address>0x1ac0</load_address>
         <run_address>0x1ac0</run_address>
         <size>0x1a7</size>
         <input_file_ref idref="fl-2"/>
      </object_component>
      <object_component id="oc-57e">
         <name>.debug_info</name>
         <load_address>0x1c67</load_address>
         <run_address>0x1c67</run_address>
         <size>0x62</size>
         <input_file_ref idref="fl-2"/>
      </object_component>
      <object_component id="oc-84">
         <name>.debug_info</name>
         <load_address>0x1cc9</load_address>
         <run_address>0x1cc9</run_address>
         <size>0x84</size>
         <input_file_ref idref="fl-2"/>
      </object_component>
      <object_component id="oc-2cd">
         <name>.debug_info</name>
         <load_address>0x1d4d</load_address>
         <run_address>0x1d4d</run_address>
         <size>0x18b</size>
         <input_file_ref idref="fl-2"/>
      </object_component>
      <object_component id="oc-2bc">
         <name>.debug_info</name>
         <load_address>0x1ed8</load_address>
         <run_address>0x1ed8</run_address>
         <size>0x87</size>
         <input_file_ref idref="fl-2"/>
      </object_component>
      <object_component id="oc-39b">
         <name>.debug_info</name>
         <load_address>0x1f5f</load_address>
         <run_address>0x1f5f</run_address>
         <size>0x2c</size>
         <input_file_ref idref="fl-2"/>
      </object_component>
      <object_component id="oc-94">
         <name>.debug_info</name>
         <load_address>0x1f8b</load_address>
         <run_address>0x1f8b</run_address>
         <size>0x2c</size>
         <input_file_ref idref="fl-2"/>
      </object_component>
      <object_component id="oc-1df">
         <name>.debug_info</name>
         <load_address>0x1fb7</load_address>
         <run_address>0x1fb7</run_address>
         <size>0x4e</size>
         <input_file_ref idref="fl-2"/>
      </object_component>
      <object_component id="oc-114">
         <name>.debug_info</name>
         <load_address>0x2005</load_address>
         <run_address>0x2005</run_address>
         <size>0x314</size>
         <input_file_ref idref="fl-3"/>
      </object_component>
      <object_component id="oc-fd">
         <name>.debug_info</name>
         <load_address>0x2319</load_address>
         <run_address>0x2319</run_address>
         <size>0xcf</size>
         <input_file_ref idref="fl-3"/>
      </object_component>
      <object_component id="oc-100">
         <name>.debug_info</name>
         <load_address>0x23e8</load_address>
         <run_address>0x23e8</run_address>
         <size>0xcf</size>
         <input_file_ref idref="fl-3"/>
      </object_component>
      <object_component id="oc-103">
         <name>.debug_info</name>
         <load_address>0x24b7</load_address>
         <run_address>0x24b7</run_address>
         <size>0xcf</size>
         <input_file_ref idref="fl-3"/>
[...]
      </symbol>
      <symbol id="sm-8df">
         <name>__aeabi_ui2d</name>
         <value>0x2000fb2d</value>
         <object_component_ref idref="oc-18e"/>
      </symbol>
      <symbol id="sm-8fb">
         <name>vsnprintf</name>
         <value>0x2000eba5</value>
         <object_component_ref idref="oc-2d8"/>
      </symbol>
      <symbol id="sm-914">
         <name>_nop</name>
         <value>0x2000fe5f</value>
         <object_component_ref idref="oc-123"/>
      </symbol>
      <symbol id="sm-915">
         <name>_lock</name>
         <value>0x2001715c</value>
         <object_component_ref idref="oc-b7"/>
      </symbol>
      <symbol id="sm-916">
         <name>_unlock</name>
         <value>0x20017160</value>
         <object_component_ref idref="oc-b7"/>
      </symbol>
      <symbol id="sm-917">
         <name>_register_lock</name>
         <value>0x2000fe57</value>
         <object_component_ref idref="oc-123"/>
      </symbol>
      <symbol id="sm-918">
         <name>_register_unlock</name>
         <value>0x2000fe51</value>
         <object_component_ref idref="oc-123"/>
      </symbol>
      <symbol id="sm-a1f">
         <name>__TI_printfi</name>
         <value>0x20007ccf</value>
         <object_component_ref idref="oc-1d7"/>
      </symbol>
      <symbol id="sm-a33">
         <name>_args_main</name>
         <value>0x2000fda1</value>
         <object_component_ref idref="oc-6d"/>
      </symbol>
      <symbol id="sm-a49">
         <name>atoi</name>
         <value>0x2000f485</value>
         <object_component_ref idref="oc-408"/>
      </symbol>
      <symbol id="sm-a6e">
         <name>__TI_auto_init</name>
         <value>0x2000ef99</value>
         <object_component_ref idref="oc-67"/>
      </symbol>
      <symbol id="sm-a88">
         <name>copy_in</name>
         <value>0x2000f4d1</value>
         <object_component_ref idref="oc-9e"/>
      </symbol>
      <symbol id="sm-a93">
         <name>_ctypes_</name>
         <value>0x20010088</value>
         <object_component_ref idref="oc-55b"/>
      </symbol>
      <symbol id="sm-aa9">
         <name>__kernel_cos</name>
         <value>0x2000dfa5</value>
         <object_component_ref idref="oc-3bf"/>
      </symbol>
      <symbol id="sm-b0c">
         <name>__kernel_rem_pio2</name>
         <value>0x2000929d</value>
         <object_component_ref idref="oc-3b9"/>
      </symbol>
      <symbol id="sm-b23">
         <name>__kernel_sin</name>
         <value>0x2000de3d</value>
         <object_component_ref idref="oc-3ae"/>
      </symbol>
      <symbol id="sm-b32">
         <name>ltoa</name>
         <value>0x2000f385</value>
         <object_component_ref idref="oc-3ea"/>
      </symbol>
      <symbol id="sm-b42">
         <name>memccpy</name>
         <value>0x2000fc91</value>
         <object_component_ref idref="oc-402"/>
      </symbol>
      <symbol id="sm-b4c">
         <name>copysign</name>
         <value>0x2000ff19</value>
         <object_component_ref idref="oc-54f"/>
      </symbol>
      <symbol id="sm-b4d">
         <name>copysignl</name>
         <value>0x2000ff19</value>
         <object_component_ref idref="oc-54f"/>
      </symbol>
      <symbol id="sm-b6a">
         <name>floorl</name>
         <value>0x2000e645</value>
         <object_component_ref idref="oc-51c"/>
      </symbol>
      <symbol id="sm-b6b">
         <name>floor</name>
         <value>0x2000e645</value>
         <object_component_ref idref="oc-51c"/>
      </symbol>
      <symbol id="sm-b7f">
         <name>frexpl</name>
         <value>0x2000f2d1</value>
         <object_component_ref idref="oc-3f0"/>
      </symbol>
      <symbol id="sm-b80">
         <name>frexp</name>
         <value>0x2000f2d1</value>
         <object_component_ref idref="oc-3f0"/>
      </symbol>
      <symbol id="sm-b8a">
         <name>_system_post_cinit</name>
         <value>0x2000d6ab</value>
         <object_component_ref idref="oc-a4"/>
      </symbol>
      <symbol id="sm-b9a">
         <name>strchr</name>
         <value>0x2000fe27</value>
         <object_component_ref idref="oc-3fc"/>
      </symbol>
      <symbol id="sm-bb6">
         <name>__aeabi_uldivmod</name>
         <value>0x2000cf71</value>
         <object_component_ref idref="oc-3e5"/>
      </symbol>
      <symbol id="sm-d9f">
         <name>f_getfree</name>
         <value>0x20006703</value>
         <object_component_ref idref="oc-2af"/>
      </symbol>
      <symbol id="sm-da0">
         <name>f_read</name>
         <value>0x20005d31</value>
         <object_component_ref idref="oc-2af"/>
      </symbol>
      <symbol id="sm-da1">
         <name>f_unlink</name>
         <value>0x20006989</value>
         <object_component_ref idref="oc-2af"/>
      </symbol>
      <symbol id="sm-da2">
         <name>f_closedir</name>
         <value>0x20006603</value>
         <object_component_ref idref="oc-2af"/>
      </symbol>
      <symbol id="sm-da3">
         <name>f_mkdir</name>
         <value>0x20006a8d</value>
         <object_component_ref idref="oc-2af"/>
      </symbol>
      <symbol id="sm-da4">
         <name>f_chmod</name>
         <value>0x20006c73</value>
         <object_component_ref idref="oc-2af"/>
      </symbol>
      <symbol id="sm-da5">
         <name>f_utime</name>
         <value>0x20006e53</value>
         <object_component_ref idref="oc-2af"/>
      </symbol>
      <symbol id="sm-da6">
         <name>f_sync</name>
         <value>0x200061fd</value>
         <object_component_ref idref="oc-2af"/>
      </symbol>
      <symbol id="sm-da7">
         <name>clust2sect</name>
         <value>0x200046b9</value>
         <object_component_ref idref="oc-2af"/>
      </symbol>
      <symbol id="sm-da8">
         <name>put_fat</name>
         <value>0x20004823</value>
         <object_component_ref idref="oc-2af"/>
      </symbol>
      <symbol id="sm-da9">
         <name>f_write</name>
         <value>0x20005f6b</value>
         <object_component_ref idref="oc-2af"/>
      </symbol>
      <symbol id="sm-daa">
         <name>f_opendir</name>
         <value>0x2000655b</value>
         <object_component_ref idref="oc-2af"/>
      </symbol>
      <symbol id="sm-dab">
         <name>f_truncate</name>
         <value>0x20006861</value>
         <object_component_ref idref="oc-2af"/>
      </symbol>
      <symbol id="sm-dac">
         <name>f_close</name>
         <value>0x200062f9</value>
         <object_component_ref idref="oc-2af"/>
      </symbol>
      <symbol id="sm-dad">
         <name>f_rename</name>
         <value>0x20006d03</value>
         <object_component_ref idref="oc-2af"/>
      </symbol>
      <symbol id="sm-dae">
         <name>f_open</name>
         <value>0x20005b15</value>
         <object_component_ref idref="oc-2af"/>
      </symbol>
      <symbol id="sm-daf">
         <name>f_lseek</name>
         <value>0x20006329</value>
         <object_component_ref idref="oc-2af"/>
      </symbol>
      <symbol id="sm-db0">
         <name>f_stat</name>
         <value>0x200066af</value>
         <object_component_ref idref="oc-2af"/>
      </symbol>
      <symbol id="sm-db1">
         <name>f_mount</name>
         <value>0x20005a97</value>
         <object_component_ref idref="oc-2af"/>
      </symbol>
      <symbol id="sm-db2">
         <name>f_readdir</name>
         <value>0x20006623</value>
         <object_component_ref idref="oc-2af"/>
      </symbol>
      <symbol id="sm-db3">
         <name>get_fat</name>
         <value>0x200046e9</value>
         <object_component_ref idref="oc-2af"/>
      </symbol>
      <symbol id="sm-dcf">
         <name>GPIOPinRead</name>
         <value>0x2000fce1</value>
         <object_component_ref idref="oc-2c2"/>
      </symbol>
      <symbol id="sm-dd0">
         <name>GPIODirModeSet</name>
         <value>0x2000f795</value>
         <object_component_ref idref="oc-214"/>
      </symbol>
      <symbol id="sm-dd1">
         <name>GPIOPinWrite</name>
         <value>0x2000facd</value>
         <object_component_ref idref="oc-29d"/>
      </symbol>
      <symbol id="sm-e3b">
         <name>I2CMasterDataPut</name>
         <value>0x2000fdb9</value>
         <object_component_ref idref="oc-492"/>
      </symbol>
      <symbol id="sm-e3c">
         <name>I2CMasterInitExpClk</name>
         <value>0x2000ed39</value>
         <object_component_ref idref="oc-49e"/>
      </symbol>
      <symbol id="sm-e3d">
         <name>I2CMasterIntClearEx</name>
         <value>0x2000fe8b</value>
         <object_component_ref idref="oc-290"/>
      </symbol>
      <symbol id="sm-e3e">
         <name>I2CMasterSlaveAddrSet</name>
         <value>0x2000fa89</value>
         <object_component_ref idref="oc-48c"/>
      </symbol>
      <symbol id="sm-e3f">
         <name>I2CMasterDataGet</name>
         <value>0x2000fee5</value>
         <object_component_ref idref="oc-498"/>
      </symbol>
      <symbol id="sm-e40">
         <name>I2CMasterErr</name>
         <value>0x2000f85f</value>
         <object_component_ref idref="oc-486"/>
      </symbol>
      <symbol id="sm-e41">
         <name>I2CMasterTimeoutSet</name>
         <value>0x2000fe9d</value>
         <object_component_ref idref="oc-47a"/>
      </symbol>
      <symbol id="sm-e42">
         <name>I2CMasterControl</name>
         <value>0x2000fe79</value>
         <object_component_ref idref="oc-480"/>
      </symbol>
      <symbol id="sm-e43">
         <name>I2CMasterBusy</name>
         <value>0x2000fcf9</value>
         <object_component_ref idref="oc-310"/>
      </symbol>
      <symbol id="sm-e44">
         <name>I2CMasterEnable</name>
         <value>0x2000fdcf</value>
         <object_component_ref idref="oc-296"/>
      </symbol>
      <symbol id="sm-e45">
         <name>I2CMasterIntStatusEx</name>
         <value>0x2000fb4d</value>
         <object_component_ref idref="oc-474"/>
      </symbol>
      <symbol id="sm-eb3">
         <name>IntPrioritySet</name>
         <value>0x2000f3dd</value>
         <object_component_ref idref="oc-352"/>
      </symbol>
      <symbol id="sm-eb4">
         <name>IntEnable</name>
         <value>0x2000e8b1</value>
         <object_component_ref idref="oc-1fb"/>
      </symbol>
      <symbol id="sm-eb5">
         <name>IntDisable</name>
         <value>0x2000e809</value>
         <object_component_ref idref="oc-506"/>
      </symbol>
      <symbol id="sm-eb6">
         <name>IntRegister</name>
         <value>0x2000faed</value>
         <object_component_ref idref="oc-469"/>
      </symbol>
      <symbol id="sm-eb7">
         <name>IntUnregister</name>
         <value>0x2000f9b1</value>
         <object_component_ref idref="oc-50c"/>
      </symbol>
      <symbol id="sm-eb8">
         <name>IntMasterEnable</name>
         <value>0x2000ff0f</value>
         <object_component_ref idref="oc-1f5"/>
      </symbol>
      <symbol id="sm-f00">
         <name>PinTypeI2C</name>
         <value>0x2000fc3d</value>
         <object_component_ref idref="oc-232"/>
      </symbol>
      <symbol id="sm-f01">
         <name>PinTypeUART</name>
         <value>0x2000fcc7</value>
         <object_component_ref idref="oc-22c"/>
      </symbol>
      <symbol id="sm-f02">
         <name>PinDirModeSet</name>
         <value>0x2000f6e9</value>
         <object_component_ref idref="oc-220"/>
      </symbol>
      <symbol id="sm-f03">
         <name>PinTypeSDHost</name>
         <value>0x2000fcad</value>
         <object_component_ref idref="oc-21a"/>
      </symbol>
      <symbol id="sm-f04">
         <name>PinConfigSet</name>
         <value>0x2000eb1d</value>
         <object_component_ref idref="oc-226"/>
      </symbol>
      <symbol id="sm-f05">
         <name>PinModeSet</name>
         <value>0x2000f5ed</value>
         <object_component_ref idref="oc-208"/>
      </symbol>
      <symbol id="sm-f8b">
         <name>PRCMPeripheralReset</name>
         <value>0x2000f32d</value>
         <object_component_ref idref="oc-284"/>
      </symbol>
      <symbol id="sm-f8c">
         <name>PRCMPeripheralClkEnable</name>
         <value>0x2000f6ad</value>
         <object_component_ref idref="oc-20e"/>
      </symbol>
      <symbol id="sm-f8d">
         <name>PRCMPeripheralClockGet</name>
         <value>0x2000e9f5</value>
         <object_component_ref idref="oc-25d"/>
      </symbol>
      <symbol id="sm-f8e">
         <name>PRCMCC3200MCUInit</name>
         <value>0x2000d9ed</value>
         <object_component_ref idref="oc-201"/>
      </symbol>
      <symbol id="sm-f8f">
         <name>PRCMHIBRegWrite</name>
         <value>0x2000fdfb</value>
         <object_component_ref idref="oc-438"/>
      </symbol>
      <symbol id="sm-f90">
         <name>PRCMSysResetCauseGet</name>
         <value>0x2000f88d</value>
         <object_component_ref idref="oc-42c"/>
      </symbol>
      <symbol id="sm-f91">
         <name>PRCMPeripheralClkDisable</name>
         <value>0x2000f939</value>
         <object_component_ref idref="oc-43e"/>
      </symbol>
      <symbol id="sm-f92">
         <name>PRCMHIBRegRead</name>
         <value>0x2000fde5</value>
         <object_component_ref idref="oc-432"/>
      </symbol>
      <symbol id="sm-ffc">
         <name>SDHostDataWrite</name>
         <value>0x2000fb6b</value>
         <object_component_ref idref="oc-5c0"/>
      </symbol>
      <symbol id="sm-ffd">
         <name>SDHostInit</name>
         <value>0x2000edbd</value>
         <object_component_ref idref="oc-2a3"/>
      </symbol>
      <symbol id="sm-ffe">
         <name>SDHostBlockSizeSet</name>
         <value>0x2000f961</value>
         <object_component_ref idref="oc-5ab"/>
      </symbol>
      <symbol id="sm-fff">
         <name>SDHostIntStatus</name>
         <value>0x2000f8b9</value>
         <object_component_ref idref="oc-599"/>
      </symbol>
      <symbol id="sm-1000">
         <name>SDHostBlockCountSet</name>
         <value>0x2000f989</value>
         <object_component_ref idref="oc-5b1"/>
      </symbol>
      <symbol id="sm-1001">
         <name>SDHostSetExpClk</name>
         <value>0x2000f149</value>
         <object_component_ref idref="oc-2a9"/>
      </symbol>
      <symbol id="sm-1002">
         <name>SDHostIntClear</name>
         <value>0x2000f9d5</value>
         <object_component_ref idref="oc-58d"/>
      </symbol>
      <symbol id="sm-1003">
         <name>SDHostCmdSend</name>
         <value>0x2000f66d</value>
         <object_component_ref idref="oc-593"/>
      </symbol>
      <symbol id="sm-1004">
         <name>SDHostRespGet</name>
         <value>0x2000f7cb</value>
         <object_component_ref idref="oc-5a5"/>
      </symbol>
      <symbol id="sm-1005">
         <name>SDHostDataRead</name>
         <value>0x2000fb0d</value>
         <object_component_ref idref="oc-5b7"/>
      </symbol>
      <symbol id="sm-1006">
         <name>SDHostCmdReset</name>
         <value>0x2000faab</value>
         <object_component_ref idref="oc-59f"/>
      </symbol>
      <symbol id="sm-108b">
         <name>TimerLoadSet</name>
         <value>0x2000f8e5</value>
         <object_component_ref idref="oc-370"/>
      </symbol>
      <symbol id="sm-108c">
         <name>TimerDisable</name>
         <value>0x2000fb89</value>
         <object_component_ref idref="oc-37c"/>
      </symbol>
      <symbol id="sm-108d">
         <name>TimerIntRegister</name>
         <value>0x2000ef29</value>
         <object_component_ref idref="oc-358"/>
      </symbol>
      <symbol id="sm-108e">
         <name>TimerEnable</name>
         <value>0x2000fba7</value>
         <object_component_ref idref="oc-376"/>
      </symbol>
      <symbol id="sm-108f">
         <name>TimerIntUnregister</name>
         <value>0x2000f0e1</value>
         <object_component_ref idref="oc-388"/>
      </symbol>
      <symbol id="sm-1090">
         <name>TimerIntStatus</name>
         <value>0x2000fbc5</value>
         <object_component_ref idref="oc-364"/>
      </symbol>
      <symbol id="sm-1091">
         <name>TimerIntDisable</name>
         <value>0x2000fd11</value>
         <object_component_ref idref="oc-382"/>
      </symbol>
      <symbol id="sm-1092">
         <name>TimerValueGet</name>
         <value>0x2000fc59</value>
         <object_component_ref idref="oc-38e"/>
      </symbol>
      <symbol id="sm-1093">
         <name>TimerPrescaleSet</name>
         <value>0x2000f90f</value>
         <object_component_ref idref="oc-34c"/>
      </symbol>
      <symbol id="sm-1094">
         <name>TimerIntEnable</name>
         <value>0x2000fd29</value>
         <object_component_ref idref="oc-35e"/>
      </symbol>
      <symbol id="sm-1095">
         <name>TimerConfigure</name>
         <value>0x2000f565</value>
         <object_component_ref idref="oc-346"/>
      </symbol>
      <symbol id="sm-1096">
         <name>TimerIntClear</name>
         <value>0x2000feaf</value>
         <object_component_ref idref="oc-36a"/>
      </symbol>
      <symbol id="sm-1130">
         <name>UARTCharPutNonBlocking</name>
         <value>0x2000f9f9</value>
         <object_component_ref idref="oc-303"/>
      </symbol>
      <symbol id="sm-1131">
         <name>UARTConfigSetExpClk</name>
         <value>0x2000eeb3</value>
         <object_component_ref idref="oc-263"/>
      </symbol>
      <symbol id="sm-1132">
         <name>UARTDisable</name>
         <value>0x2000f801</value>
         <object_component_ref idref="oc-45a"/>
      </symbol>
      <symbol id="sm-1133">
         <name>UARTIntEnable</name>
         <value>0x2000fd89</value>
         <object_component_ref idref="oc-257"/>
      </symbol>
      <symbol id="sm-1134">
         <name>UARTCharsAvail</name>
         <value>0x2000fd41</value>
         <object_component_ref idref="oc-251"/>
      </symbol>
      <symbol id="sm-1135">
         <name>UARTCharGetNonBlocking</name>
         <value>0x2000fc75</value>
         <object_component_ref idref="oc-24b"/>
      </symbol>
      <symbol id="sm-1136">
         <name>UARTIntDisable</name>
         <value>0x2000fd71</value>
         <object_component_ref idref="oc-245"/>
      </symbol>
      <symbol id="sm-1137">
         <name>UARTCharPut</name>
         <value>0x2000fbe3</value>
         <object_component_ref idref="oc-2d2"/>
      </symbol>
      <symbol id="sm-1138">
         <name>UARTEnable</name>
         <value>0x2000fa1d</value>
         <object_component_ref idref="oc-27b"/>
      </symbol>
      <symbol id="sm-1139">
         <name>UARTFIFOEnable</name>
         <value>0x2000fe11</value>
         <object_component_ref idref="oc-26f"/>
      </symbol>
      <symbol id="sm-113a">
         <name>UARTIntClear</name>
         <value>0x2000fec1</value>
         <object_component_ref idref="oc-23f"/>
      </symbol>
      <symbol id="sm-113b">
         <name>UARTIntStatus</name>
         <value>0x2000fc1f</value>
         <object_component_ref idref="oc-239"/>
      </symbol>
      <symbol id="sm-113c">
         <name>UARTFIFOLevelSet</name>
         <value>0x2000fd59</value>
         <object_component_ref idref="oc-269"/>
      </symbol>
      <symbol id="sm-113d">
         <name>UARTIntRegister</name>
         <value>0x2000fc01</value>
         <object_component_ref idref="oc-275"/>
      </symbol>
      <symbol id="sm-1142">
         <name>UtilsDelay</name>
         <value>0x2000ff21</value>
         <object_component_ref idref="oc-2c1"/>
      </symbol>
      <symbol id="sm-114d">
         <name>CPUcpsie</name>
         <value>0x2000fe3d</value>
         <object_component_ref idref="oc-421"/>
      </symbol>
      <symbol id="sm-114f">
         <name>__TI_static_base__</name>
         <value>0x200106e0</value>
      </symbol>
      <symbol id="sm-1152">
         <name>SHT$$INIT_ARRAY$$Limit</name>
         <value>0x0</value>
      </symbol>
      <symbol id="sm-1153">
         <name>SHT$$INIT_ARRAY$$Base</name>
         <value>0x0</value>
      </symbol>
   </symbol_table>
   <title>Link successful</title>
</link_info>
