******************************************************************************
                  TI ARM Linker PC v15.12.3                    
******************************************************************************
>> Linked Fri Jan 20 23:55:53 2017

OUTPUT FILE NAME:   <GPS-INS-NAV.out>
ENTRY POINT SYMBOL: "_c_int00"  address: 2000f62d


MEMORY CONFIGURATION

         name            origin    length      used     unused   attr    fill
----------------------  --------  ---------  --------  --------  ----  --------
  SRAM_CODE             20004000   00012fff  0000c83c  000067c3  RW X
  SRAM_DATA             20017000   00019000  000006c0  00018940  RW X


SEGMENT ALLOCATION MAP

run origin  load origin   length   init length attrs members
----------  ----------- ---------- ----------- ----- -------
20004000    20004000    0000c83c   0000c83c    r-x
  20004000    20004000    00000400   00000400    r-- .intvecs
  20004400    20004400    0000bb30   0000bb30    r-x .text
  2000ff30    2000ff30    000007b0   000007b0    r-- .const
  200106e0    200106e0    0000015c   0000015c    r-- .cinit
20017000    20017000    000001b0   00000000    rw-
  20017000    20017000    0000016c   00000000    rw- .data
  2001716c    2001716c    0000003a   00000000    rw- .bss
  200171a8    200171a8    00000008   00000000    rw- .sysmem
2002faec    2002faec    00000512   00000000    rw-
  2002faec    2002faec    00000512   00000000    rw- .stack


SECTION ALLOCATION MAP

 output                                  attributes/
section   page    origin      length       input sections
--------  ----  ----------  ----------   ----------------
.intvecs   0    20004000    00000400     
                  20004000    00000400     startup_ccs.obj (.intvecs)

.init_array 
*          0    20004000    00000000     UNINITIALIZED

.text      0    20004400    0000bb30     
                  20004400    00002ad6     fatfs.a : ff.obj (.text)
                  20006ed6    00000002     driverlib.a : interrupt.obj (.text:IntDefaultHandler)
                  20006ed8    000010fc     rtsv7M4_T_le_eabi.lib : _printfi.obj (.text)
                  20007fd4    000009a4                           : e_pow.obj (.text)
                  20008978    00000924     INS.obj (.text)
                  2000929c    0000071c     rtsv7M4_T_le_eabi.lib : k_rem_pio2.obj (.text)
                  200099b8    000005c4                           : s_sin.obj (.text)
                  20009f7c    000005c0                           : s_cos.obj (.text)
                  2000a53c    0000054e     matrix_manipulation.obj (.text)
                  2000aa8a    00000002     rtsv7M4_T_le_eabi.lib : mpu_init.obj (.text)
                  2000aa8c    000004c0     diskio.obj (.text)
                  2000af4c    00000438     GPS.obj (.text)
                  2000b384    000003dc     rtsv7M4_T_le_eabi.lib : memory.obj (.text)
                  2000b760    000003a8     infrastructure.obj (.text)
                  2000bb08    000002ec     rtsv7M4_T_le_eabi.lib : s_atan.obj (.text)
                  2000bdf4    000002cc     MPL115A2.obj (.text)
                  2000c0c0    000002b4     DS2401.obj (.text)
                  2000c374    00000290     i2c_if.obj (.text)
                  2000c604    00000280     uart_if.obj (.text)
                  2000c884    00000264     ADXL345.obj (.text)
                  2000cae8    0000024c     HMC5883.obj (.text)
                  2000cd34    0000023c     ITG3200.obj (.text)
                  2000cf70    000001f4     rtsv7M4_T_le_eabi.lib : ull_div_t2.obj (.text)
                  2000d164    000001d4                           : e_atan2.obj (.text)
                  2000d338    000001bc     main.obj (.text)
                  2000d4f4    000001b6     rtsv7M4_T_le_eabi.lib : fd_add_t2.obj (.text)
                  2000d6aa    00000002                           : startup.obj (.text)
                  2000d6ac    000001a8     kalman_filter.obj (.text)
                  2000d854    00000198     timer_if.obj (.text)
                  2000d9ec    00000178     driverlib.a : prcm.obj (.text:PRCMCC3200MCUInit)
                  2000db64    00000170     rtsv7M4_T_le_eabi.lib : e_sqrt.obj (.text)
                  2000dcd4    00000168     pinmux.obj (.text)
                  2000de3c    00000168     rtsv7M4_T_le_eabi.lib : k_sin.obj (.text)
                  2000dfa4    00000160                           : k_cos.obj (.text)
                  2000e104    00000136                           : fd_div_t2.obj (.text)
                  2000e23a    00000002     --HOLE-- [fill = 0]
                  2000e23c    00000108     SD_card.obj (.text)
                  2000e344    00000108     local_uart_if.obj (.text)
                  2000e44c    000000fc     rtsv7M4_T_le_eabi.lib : fd_mul_t2.obj (.text)
                  2000e548    000000fa                           : fs_add_t2.obj (.text)
                  2000e642    00000002     --HOLE-- [fill = 0]
                  2000e644    000000f4                           : s_floor.obj (.text)
                  2000e738    000000d0                           : s_scalbn.obj (.text)
                  2000e808    000000a8     driverlib.a : interrupt.obj (.text:IntDisable)
                  2000e8b0    000000a8                 : interrupt.obj (.text:IntEnable)
                  2000e958    0000009c     rtsv7M4_T_le_eabi.lib : memcpy_t2.obj (.text)
                  2000e9f4    00000094     driverlib.a : prcm.obj (.text:PRCMPeripheralClockGet)
                  2000ea88    00000092     rtsv7M4_T_le_eabi.lib : fs_div_t2.obj (.text)
                  2000eb1a    00000002     --HOLE-- [fill = 0]
                  2000eb1c    00000088     driverlib.a : pin.obj (.text:PinConfigSet)
                  2000eba4    00000088     rtsv7M4_T_le_eabi.lib : vsnprintf.obj (.text)
                  2000ec2c    00000086                           : fd_cmp_t2.obj (.text:__aeabi_cdcmple)
                  2000ecb2    00000086                           : fd_cmp_t2.obj (.text:__aeabi_cdrcmple)
                  2000ed38    00000084     driverlib.a : i2c.obj (.text:I2CMasterInitExpClk)
                  2000edbc    0000007c                 : sdhost.obj (.text:SDHostInit)
                  2000ee38    0000007a     rtsv7M4_T_le_eabi.lib : memset_t2.obj (.text)
                  2000eeb2    00000076     driverlib.a : uart.obj (.text:UARTConfigSetExpClk)
                  2000ef28    00000070                 : timer.obj (.text:TimerIntRegister)
                  2000ef98    00000070     rtsv7M4_T_le_eabi.lib : autoinit.obj (.text)
                  2000f008    0000006e                           : fd_tos_t2.obj (.text)
                  2000f076    0000006a                           : copy_decompress_rle.obj (.text)
                  2000f0e0    00000068     driverlib.a : timer.obj (.text:TimerIntUnregister)
                  2000f148    00000066                 : sdhost.obj (.text:SDHostSetExpClk)
                  2000f1ae    00000060     rtsv7M4_T_le_eabi.lib : fs_cmp_t2.obj (.text:__aeabi_cfcmple)
                  2000f20e    00000060                           : fs_cmp_t2.obj (.text:__aeabi_cfrcmple)
                  2000f26e    00000002     --HOLE-- [fill = 0]
                  2000f270    00000060                           : sprintf.obj (.text)
                  2000f2d0    0000005c                           : s_frexp.obj (.text)
                  2000f32c    00000058     driverlib.a : prcm.obj (.text:PRCMPeripheralReset)
                  2000f384    00000056     rtsv7M4_T_le_eabi.lib : ltoa.obj (.text)
                  2000f3da    00000002     --HOLE-- [fill = 0]
                  2000f3dc    00000054     driverlib.a : interrupt.obj (.text:IntPrioritySet)
                  2000f430    00000054     rtsv7M4_T_le_eabi.lib : exit.obj (.text)
                  2000f484    0000004c                           : atoi.obj (.text)
                  2000f4d0    0000004c                           : cpy_tbl.obj (.text)
                  2000f51c    00000048                           : fd_toi_t2.obj (.text)
                  2000f564    00000044     driverlib.a : timer.obj (.text:TimerConfigure)
                  2000f5a8    00000044                 : uart.obj (.text:UARTIntNumberGet)
                  2000f5ec    00000040                 : pin.obj (.text:PinModeSet)
                  2000f62c    00000040     rtsv7M4_T_le_eabi.lib : boot.obj (.text)
                  2000f66c    0000003e     driverlib.a : sdhost.obj (.text:SDHostCmdSend)
                  2000f6aa    00000002     --HOLE-- [fill = 0]
                  2000f6ac    0000003c                 : prcm.obj (.text:PRCMPeripheralClkEnable)
                  2000f6e8    0000003c                 : pin.obj (.text:PinDirModeSet)
                  2000f724    00000038     rtsv7M4_T_le_eabi.lib : fs_tod_t2.obj (.text)
                  2000f75c    00000038                           : i_tofs_t2.obj (.text)
                  2000f794    00000036     driverlib.a : gpio.obj (.text:GPIODirModeSet)
                  2000f7ca    00000034                 : sdhost.obj (.text:SDHostRespGet)
                  2000f7fe    00000002     --HOLE-- [fill = 0]
                  2000f800    00000030                 : uart.obj (.text:UARTDisable)
                  2000f830    0000002e     rtsv7M4_T_le_eabi.lib : i_tofd_t2.obj (.text)
                  2000f85e    0000002c     driverlib.a : i2c.obj (.text:I2CMasterErr)
                  2000f88a    00000002     --HOLE-- [fill = 0]
                  2000f88c    0000002c                 : prcm.obj (.text:PRCMSysResetCauseGet)
                  2000f8b8    0000002c                 : sdhost.obj (.text:SDHostIntStatus)
                  2000f8e4    0000002a                 : timer.obj (.text:TimerLoadSet)
                  2000f90e    0000002a                 : timer.obj (.text:TimerPrescaleSet)
                  2000f938    00000028                 : prcm.obj (.text:PRCMPeripheralClkDisable)
                  2000f960    00000028                 : sdhost.obj (.text:SDHostBlockSizeSet)
                  2000f988    00000026                 : sdhost.obj (.text:SDHostBlockCountSet)
                  2000f9ae    00000002     --HOLE-- [fill = 0]
                  2000f9b0    00000024                 : interrupt.obj (.text:IntUnregister)
                  2000f9d4    00000024                 : sdhost.obj (.text:SDHostIntClear)
                  2000f9f8    00000024                 : uart.obj (.text:UARTCharPutNonBlocking)
                  2000fa1c    00000024                 : uart.obj (.text:UARTEnable)
                  2000fa40    00000024     local_i2c_if.obj (.text)
                  2000fa64    00000024     rtsv7M4_T_le_eabi.lib : memmov.obj (.text)
                  2000fa88    00000022     driverlib.a : i2c.obj (.text:I2CMasterSlaveAddrSet)
                  2000faaa    00000022                 : sdhost.obj (.text:SDHostCmdReset)
                  2000facc    00000020                 : gpio.obj (.text:GPIOPinWrite)
                  2000faec    00000020                 : interrupt.obj (.text:IntRegister)
                  2000fb0c    00000020                 : sdhost.obj (.text:SDHostDataRead)
                  2000fb2c    00000020     rtsv7M4_T_le_eabi.lib : u_tofd_t2.obj (.text)
                  2000fb4c    0000001e     driverlib.a : i2c.obj (.text:I2CMasterIntStatusEx)
                  2000fb6a    0000001e                 : sdhost.obj (.text:SDHostDataWrite)
                  2000fb88    0000001e                 : timer.obj (.text:TimerDisable)
                  2000fba6    0000001e                 : timer.obj (.text:TimerEnable)
                  2000fbc4    0000001e                 : timer.obj (.text:TimerIntStatus)
                  2000fbe2    0000001e                 : uart.obj (.text:UARTCharPut)
                  2000fc00    0000001e                 : uart.obj (.text:UARTIntRegister)
                  2000fc1e    0000001e                 : uart.obj (.text:UARTIntStatus)
                  2000fc3c    0000001c                 : pin.obj (.text:PinTypeI2C)
                  2000fc58    0000001c                 : timer.obj (.text:TimerValueGet)
                  2000fc74    0000001c                 : uart.obj (.text:UARTCharGetNonBlocking)
                  2000fc90    0000001c     rtsv7M4_T_le_eabi.lib : memccpy.obj (.text)
                  2000fcac    0000001a     driverlib.a : pin.obj (.text:PinTypeSDHost)
                  2000fcc6    0000001a                 : pin.obj (.text:PinTypeUART)
                  2000fce0    00000018                 : gpio.obj (.text:GPIOPinRead)
                  2000fcf8    00000018                 : i2c.obj (.text:I2CMasterBusy)
                  2000fd10    00000018                 : timer.obj (.text:TimerIntDisable)
                  2000fd28    00000018                 : timer.obj (.text:TimerIntEnable)
                  2000fd40    00000018                 : uart.obj (.text:UARTCharsAvail)
                  2000fd58    00000018                 : uart.obj (.text:UARTFIFOLevelSet)
                  2000fd70    00000018                 : uart.obj (.text:UARTIntDisable)
                  2000fd88    00000018                 : uart.obj (.text:UARTIntEnable)
                  2000fda0    00000018     rtsv7M4_T_le_eabi.lib : args_main.obj (.text)
                  2000fdb8    00000016     driverlib.a : i2c.obj (.text:I2CMasterDataPut)
                  2000fdce    00000016                 : i2c.obj (.text:I2CMasterEnable)
                  2000fde4    00000016                 : prcm.obj (.text:PRCMHIBRegRead)
                  2000fdfa    00000016                 : prcm.obj (.text:PRCMHIBRegWrite)
                  2000fe10    00000016                 : uart.obj (.text:UARTFIFOEnable)
                  2000fe26    00000016     rtsv7M4_T_le_eabi.lib : strchr.obj (.text)
                  2000fe3c    00000014     driverlib.a : cpu.obj (.text:CPUcpsie)
                  2000fe50    00000014     rtsv7M4_T_le_eabi.lib : _lock.obj (.text)
                  2000fe64    00000014                           : strlen.obj (.text)
                  2000fe78    00000012     driverlib.a : i2c.obj (.text:I2CMasterControl)
                  2000fe8a    00000012                 : i2c.obj (.text:I2CMasterIntClearEx)
                  2000fe9c    00000012                 : i2c.obj (.text:I2CMasterTimeoutSet)
                  2000feae    00000012                 : timer.obj (.text:TimerIntClear)
                  2000fec0    00000012                 : uart.obj (.text:UARTIntClear)
                  2000fed2    00000012     board.obj (.text)
                  2000fee4    0000000e     driverlib.a : i2c.obj (.text:I2CMasterDataGet)
                  2000fef2    0000000e     rtsv7M4_T_le_eabi.lib : copy_decompress_none.obj (.text:decompress:none)
                  2000ff00    0000000e     startup_ccs.obj (.text)
                  2000ff0e    0000000a     driverlib.a : interrupt.obj (.text:IntMasterEnable)
                  2000ff18    00000008     rtsv7M4_T_le_eabi.lib : s_copysign.obj (.text)
                  2000ff20    00000006     driverlib.a : utils.obj (.text:UtilsDelay)
                  2000ff26    00000006     rtsv7M4_T_le_eabi.lib : copy_decompress_rle.obj (.text:decompress:rle24)
                  2000ff2c    00000004                           : pre_init.obj (.text)

.const     0    2000ff30    000007b0     
                  2000ff30    00000158     rtsv7M4_T_le_eabi.lib : k_rem_pio2.obj (.const:$O1$$)
                  20010088    00000101                           : ctype.obj (.const:.string:_ctypes_)
                  20010189    00000003     GPS.obj (.const:.string:$P$T3$4)
                  2001018c    00000100     driverlib.a : pin.obj (.const:g_ulPinToPadMap)
                  2001028c    000000d4                 : interrupt.obj (.const:g_pulRegs)
                  20010360    000000a8                 : prcm.obj (.const:PRCM_PeriphRegsList)
                  20010408    00000098     rtsv7M4_T_le_eabi.lib : s_atan.obj (.const:$O1$$)
                  200104a0    00000048     kalman_filter.obj (.const:$P$T0$1)
                  200104e8    00000048     main.obj (.const:$P$T3$4)
                  20010530    00000048     main.obj (.const:$P$T4$5)
                  20010578    00000040     GPS.obj (.const:.string:$P$T1$2)
                  200105b8    00000030     rtsv7M4_T_le_eabi.lib : e_pow.obj (.const:$O1$$)
                  200105e8    00000030     GPS.obj (.const:.string:$P$T4$5)
                  20010618    00000027     main.obj (.const:.string:$P$T5$6)
                  2001063f    00000001     --HOLE-- [fill = 0]
                  20010640    00000018     main.obj (.const:$P$T0$1)
                  20010658    00000018     main.obj (.const:$P$T1$2)
                  20010670    00000018     main.obj (.const:$P$T2$3)
                  20010688    00000018     driverlib.a : interrupt.obj (.const:g_pulDisRegs)
                  200106a0    00000018                 : interrupt.obj (.const:g_pulEnRegs)
                  200106b8    00000014     GPS.obj (.const:.string:$P$T0$1)
                  200106cc    00000010     driverlib.a : uart.obj (.const:g_ppulUARTIntMap)
                  200106dc    00000004     GPS.obj (.const:.string:$P$T2$3)

.cinit     0    200106e0    0000015c     
                  200106e0    00000131     (.cinit..data.load) [load image, compression = rle]
                  20010811    00000007     --HOLE-- [fill = 0]
                  20010818    00000009     (.cinit..bss.load) [load image, compression = rle]
                  20010821    00000003     --HOLE-- [fill = 0]
                  20010824    00000008     (__TI_handler_table)
                  2001082c    00000010     (__TI_cinit_table)

.data      0    20017000    0000016c     UNINITIALIZED
                  20017000    00000100     DS2401.obj (.data:ds2401_crc8_table)
                  20017100    0000002c     HMC5883.obj (.data)
                  2001712c    00000018     diskio.obj (.data:g_sDisk)
                  20017144    0000000c     rtsv7M4_T_le_eabi.lib : exit.obj (.data:$O1$$)
                  20017150    0000000c                           : memory.obj (.data:$O1$$)
                  2001715c    00000008                           : _lock.obj (.data:$O1$$)
                  20017164    00000004                           : errno.obj (.data)
                  20017168    00000004                           : stkdepth_vars.obj (.data)

.bss       0    2001716c    0000003a     UNINITIALIZED
                  2001716c    0000001c     (.common:nav_msg)
                  20017188    0000000c     (.common:ack_msg)
                  20017194    00000004     fatfs.a : ff.obj (.bss:FatFs)
                  20017198    00000004     uart_if.obj (.bss)
                  2001719c    00000004     (.common:new_ack_msg)
                  200171a0    00000004     (.common:new_nav_msg)
                  200171a4    00000002     fatfs.a : ff.obj (.bss)

.sysmem    0    200171a8    00000008     UNINITIALIZED
                  200171a8    00000008     rtsv7M4_T_le_eabi.lib : memory.obj (.sysmem)

.stack     0    2002faec    00000512     UNINITIALIZED
                  2002faec    00000512     --HOLE--

MODULE SUMMARY

       Module                     code    ro data   rw data
       ------                     ----    -------   -------
    .\
       infrastructure.obj         936     0         48     
       main.obj                   444     255       0      
    +--+--------------------------+-------+---------+---------+
       Total:                     1380    255       48     
                                                           
    .\INS\
       INS.obj                    2340    0         0      
       matrix_manipulation.obj    1358    0         0      
       kalman_filter.obj          424     72        0      
    +--+--------------------------+-------+---------+---------+
       Total:                     4122    72        0      
                                                           
    .\Sensors\
       GPS.obj                    1080    139       0      
       MPL115A2.obj               716     0         0      
       HMC5883.obj                588     0         44     
       ADXL345.obj                612     0         0      
       ITG3200.obj                572     0         0      
    +--+--------------------------+-------+---------+---------+
       Total:                     3568    139       44     
                                                           
    .\board\
       DS2401.obj                 692     0         256    
       pinmux.obj                 360     0         0      
       SD_card.obj                264     0         0      
       board.obj                  18      0         0      
    +--+--------------------------+-------+---------+---------+
       Total:                     1334    0         256    
                                                           
    .\common\
       startup_ccs.obj            14      1024      0      
       i2c_if.obj                 656     0         0      
       uart_if.obj                640     0         4      
       timer_if.obj               408     0         0      
    +--+--------------------------+-------+---------+---------+
       Total:                     1718    1024      4      
                                                           
    .\interfaces\
       diskio.obj                 1216    0         24     
       local_uart_if.obj          264     0         0      
       local_i2c_if.obj           36      0         0      
    +--+--------------------------+-------+---------+---------+
       Total:                     1516    0         24     
                                                           
    C:/TI/CC3200SDK_1.2.0/cc3200-sdk/driverlib/ccs/Release/driverlib.a
       prcm.obj                   800     168       0      
       interrupt.obj              500     260       0      
       pin.obj                    340     256       0      
       sdhost.obj                 594     0         0      
       uart.obj                   560     16        0      
       timer.obj                  552     0         0      
       i2c.obj                    376     0         0      
       gpio.obj                   110     0         0      
       cpu.obj                    20      0         0      
       utils.obj                  6       0         0      
    +--+--------------------------+-------+---------+---------+
       Total:                     3858    700       0      
                                                           
    C:/TI/CC3200SDK_1.2.0/cc3200-sdk/third_party/fatfs/ccs/Release/fatfs.a
       ff.obj                     10966   0         6      
    +--+--------------------------+-------+---------+---------+
       Total:                     10966   0         6      
                                                           
    C:\TI\ccsv6\tools\compiler\arm_15.12.3.LTS\lib\rtsv7M4_T_le_eabi.lib
       _printfi.obj               4348    0         0      
       e_pow.obj                  2468    48        0      
       k_rem_pio2.obj             1820    344       0      
       s_sin.obj                  1476    0         0      
       s_cos.obj                  1472    0         0      
       memory.obj                 988     0         12     
       s_atan.obj                 748     152       0      
       ull_div_t2.obj             500     0         0      
       e_atan2.obj                468     0         0      
       fd_add_t2.obj              438     0         0      
       e_sqrt.obj                 368     0         0      
       k_sin.obj                  360     0         0      
       k_cos.obj                  352     0         0      
       fd_div_t2.obj              310     0         0      
       fd_cmp_t2.obj              268     0         0      
       ctype.obj                  0       257       0      
       fd_mul_t2.obj              252     0         0      
       fs_add_t2.obj              250     0         0      
       s_floor.obj                244     0         0      
       s_scalbn.obj               208     0         0      
       fs_cmp_t2.obj              192     0         0      
       memcpy_t2.obj              156     0         0      
       fs_div_t2.obj              146     0         0      
       vsnprintf.obj              136     0         0      
       memset_t2.obj              122     0         0      
       autoinit.obj               112     0         0      
       copy_decompress_rle.obj    112     0         0      
       fd_tos_t2.obj              110     0         0      
       exit.obj                   84      0         12     
       sprintf.obj                96      0         0      
       s_frexp.obj                92      0         0      
       ltoa.obj                   86      0         0      
       atoi.obj                   76      0         0      
       cpy_tbl.obj                76      0         0      
       fd_toi_t2.obj              72      0         0      
       boot.obj                   64      0         0      
       fs_tod_t2.obj              56      0         0      
       i_tofs_t2.obj              56      0         0      
       i_tofd_t2.obj              46      0         0      
       memmov.obj                 36      0         0      
       u_tofd_t2.obj              32      0         0      
       _lock.obj                  20      0         8      
       memccpy.obj                28      0         0      
       args_main.obj              24      0         0      
       strchr.obj                 22      0         0      
       strlen.obj                 20      0         0      
       copy_decompress_none.obj   14      0         0      
       s_copysign.obj             8       0         0      
       errno.obj                  0       0         4      
       pre_init.obj               4       0         0      
       stkdepth_vars.obj          0       0         4      
       mpu_init.obj               2       0         0      
       startup.obj                2       0         0      
    +--+--------------------------+-------+---------+---------+
       Total:                     19440   801       40     
                                                           
       Heap:                      0       0         8      
       Stack:                     0       0         1298   
       Linker Generated:          0       338       0      
    +--+--------------------------+-------+---------+---------+
       Grand Total:               47902   3329      1728   


LINKER GENERATED COPY TABLES

__TI_cinit_table @ 2001082c records: 2, size/record: 8, table size: 16
	.data: load addr=200106e0, load size=00000131 bytes, run addr=20017000, run size=0000016c bytes, compression=rle
	.bss: load addr=20010818, load size=00000009 bytes, run addr=2001716c, run size=0000003a bytes, compression=rle


LINKER GENERATED HANDLER TABLE

__TI_handler_table @ 20010824 records: 2, size/record: 4, table size: 8
	index: 0, handler: __TI_decompress_rle24
	index: 1, handler: __TI_decompress_none


GLOBAL SYMBOLS: SORTED ALPHABETICALLY BY Name 

address   name                                 
-------   ----                                 
2000c9f9  ADXL345_read_accdata                 
2000fed3  BoardInit                            
2000f431  C$$EXIT                              
2000fe3d  CPUcpsie                             
2000c645  ClearTerm                            
2000c117  DS2401_Funcs_get                     
2000c0e7  DS2401_Funcs_set                     
2000c64f  Error                                
2000f795  GPIODirModeSet                       
2000fce1  GPIOPinRead                          
2000facd  GPIOPinWrite                         
2000af99  GPS_off                              
2000af8b  GPS_on                               
2000c687  GetCmd                               
2000cc4f  HMC5883_read_magdata                 
2000fcf9  I2CMasterBusy                        
2000fe79  I2CMasterControl                     
2000fee5  I2CMasterDataGet                     
2000fdb9  I2CMasterDataPut                     
2000fdcf  I2CMasterEnable                      
2000f85f  I2CMasterErr                         
2000ed39  I2CMasterInitExpClk                  
2000fe8b  I2CMasterIntClearEx                  
2000fb4d  I2CMasterIntStatusEx                 
2000fa89  I2CMasterSlaveAddrSet                
2000fe9d  I2CMasterTimeoutSet                  
2000c5ed  I2C_IF_Close                         
2000c5a5  I2C_IF_Open                          
2000c49f  I2C_IF_Read                          
2000c55b  I2C_IF_ReadFrom                      
2000c3e9  I2C_IF_Write                         
20008e5d  INS_calc                             
20008a81  INS_init                             
2000ce7b  ITG3200_read_gyrdata                 
2000c605  InitTerm                             
2000e809  IntDisable                           
2000e8b1  IntEnable                            
2000ff0f  IntMasterEnable                      
2000f3dd  IntPrioritySet                       
2000faed  IntRegister                          
2000f9b1  IntUnregister                        
2000bdf7  MPL115A2_get_pressure                
2000bfe5  MPL115A2_get_pressure_avg            
2000c623  Message                              
2000d9ed  PRCMCC3200MCUInit                    
2000fde5  PRCMHIBRegRead                       
2000fdfb  PRCMHIBRegWrite                      
2000f939  PRCMPeripheralClkDisable             
2000f6ad  PRCMPeripheralClkEnable              
2000e9f5  PRCMPeripheralClockGet               
2000f32d  PRCMPeripheralReset                  
2000f88d  PRCMSysResetCauseGet                 
2000eb1d  PinConfigSet                         
2000f6e9  PinDirModeSet                        
2000f5ed  PinModeSet                           
2000dcd5  PinMuxConfig                         
2000fc3d  PinTypeI2C                           
2000fcad  PinTypeSDHost                        
2000fcc7  PinTypeUART                          
2000c7c5  Report                               
2000ff01  ResetISR                             
2000f989  SDHostBlockCountSet                  
2000f961  SDHostBlockSizeSet                   
2000faab  SDHostCmdReset                       
2000f66d  SDHostCmdSend                        
2000fb0d  SDHostDataRead                       
2000fb6b  SDHostDataWrite                      
2000edbd  SDHostInit                           
2000f9d5  SDHostIntClear                       
2000f8b9  SDHostIntStatus                      
2000f7cb  SDHostRespGet                        
2000f149  SDHostSetExpClk                      
2000e24b  SD_off                               
2000e23d  SD_on                                
2000e281  SD_write_file                        
UNDEFED   SHT$$INIT_ARRAY$$Base                
UNDEFED   SHT$$INIT_ARRAY$$Limit               
2000f565  TimerConfigure                       
2000fb89  TimerDisable                         
2000fba7  TimerEnable                          
2000feaf  TimerIntClear                        
2000fd11  TimerIntDisable                      
2000fd29  TimerIntEnable                       
2000ef29  TimerIntRegister                     
2000fbc5  TimerIntStatus                       
2000f0e1  TimerIntUnregister                   
2000f8e5  TimerLoadSet                         
2000f90f  TimerPrescaleSet                     
2000fc59  TimerValueGet                        
2000d99b  Timer_IF_DeInit                      
2000d9cd  Timer_IF_GetCount                    
2000d8d5  Timer_IF_Init                        
2000d907  Timer_IF_IntSetup                    
2000d953  Timer_IF_InterruptClear              
2000d9b5  Timer_IF_ReLoad                      
2000d96b  Timer_IF_Start                       
2000d98b  Timer_IF_Stop                        
2000c72d  TrimSpace                            
2000e345  UART1_Handler                        
2000fc75  UARTCharGetNonBlocking               
2000fbe3  UARTCharPut                          
2000f9f9  UARTCharPutNonBlocking               
2000fd41  UARTCharsAvail                       
2000eeb3  UARTConfigSetExpClk                  
2000f801  UARTDisable                          
2000fa1d  UARTEnable                           
2000fe11  UARTFIFOEnable                       
2000fd59  UARTFIFOLevelSet                     
2000fec1  UARTIntClear                         
2000fd71  UARTIntDisable                       
2000fd89  UARTIntEnable                        
2000fc01  UARTIntRegister                      
2000fc1f  UARTIntStatus                        
2000ff21  UtilsDelay                           
20017114  Xmax                                 
20017100  Xmcal                                
20017120  Xmin                                 
20017108  Xmoff                                
20017118  Ymax                                 
20017102  Ymcal                                
20017124  Ymin                                 
2001710c  Ymoff                                
2001711c  Zmax                                 
20017104  Zmcal                                
20017128  Zmin                                 
20017110  Zmoff                                
2002fffe  __STACK_END                          
00000512  __STACK_SIZE                         
00000008  __SYSMEM_SIZE                        
2001082c  __TI_CINIT_Base                      
2001083c  __TI_CINIT_Limit                     
20010824  __TI_Handler_Table_Base              
2001082c  __TI_Handler_Table_Limit             
2000ef99  __TI_auto_init                       
20017144  __TI_cleanup_ptr                     
2000fef3  __TI_decompress_none                 
2000ff27  __TI_decompress_rle24                
20017148  __TI_dtors_ptr                       
2001714c  __TI_enable_exit_profile_output      
ffffffff  __TI_pprof_out_hndl                  
20007ccf  __TI_printfi                         
ffffffff  __TI_prof_data_size                  
ffffffff  __TI_prof_data_start                 
200106e0  __TI_static_base__                   
2000ec2d  __aeabi_cdcmpeq                      
2000ec2d  __aeabi_cdcmple                      
2000ecb3  __aeabi_cdrcmple                     
2000f1af  __aeabi_cfcmpeq                      
2000f1af  __aeabi_cfcmple                      
2000f20f  __aeabi_cfrcmple                     
2000f009  __aeabi_d2f                          
2000f51d  __aeabi_d2iz                         
2000d4ff  __aeabi_dadd                         
2000e105  __aeabi_ddiv                         
2000e44d  __aeabi_dmul                         
2000d4f5  __aeabi_dsub                         
2000f725  __aeabi_f2d                          
2000e54d  __aeabi_fadd                         
2000ea89  __aeabi_fdiv                         
2000e549  __aeabi_fsub                         
2000f831  __aeabi_i2d                          
2000f75d  __aeabi_i2f                          
2000ee39  __aeabi_memclr                       
2000ee39  __aeabi_memclr4                      
2000ee39  __aeabi_memclr8                      
2000e959  __aeabi_memcpy                       
2000e959  __aeabi_memcpy4                      
2000e959  __aeabi_memcpy8                      
2000ee3b  __aeabi_memset                       
2000ee3b  __aeabi_memset4                      
2000ee3b  __aeabi_memset8                      
2000fb2d  __aeabi_ui2d                         
2000cf71  __aeabi_uldivmod                     
ffffffff  __binit__                            
ffffffff  __c_args__                           
2000dfa5  __kernel_cos                         
2000929d  __kernel_rem_pio2                    
2000de3d  __kernel_sin                         
2000aa8b  __mpu_init                           
2002faec  __stack                              
2000fda1  _args_main                           
2000f62d  _c_int00                             
20010088  _ctypes_                             
2001715c  _lock                                
2000fe5f  _nop                                 
2000fe57  _register_lock                       
2000fe51  _register_unlock                     
200171a8  _sys_memory                          
2000d6ab  _system_post_cinit                   
2000ff2d  _system_pre_init                     
20017160  _unlock                              
2000f435  abort                                
20017188  ack_msg                              
2000bb09  atan                                 
2000d165  atan2                                
2000d165  atan2l                               
2000bb09  atanl                                
2000f485  atoi                                 
ffffffff  binit                                
2000b0cf  build_gps_ubx_msg                    
2000b1c9  calc_msg_checksum                    
2000b72d  calloc                               
2000afa7  cfg_gps_uart_and_protocol            
200046b9  clust2sect                           
2000b857  copy_and_convert_acc_data_2_algorithm
2000b967  copy_and_convert_gps_data_2_algorithm
2000b8d7  copy_and_convert_gyr_data_2_algorithm
2000b7f3  copy_and_convert_mag_data_2_algorithm
2000f4d1  copy_in                              
2000ff19  copysign                             
2000ff19  copysignl                            
20009f7d  cos                                  
20009f7d  cosl                                 
2000a53d  determinant                          
2000afd5  disable_ubx_periodic                 
2000ab8b  disk_initialize                      
2000aee1  disk_ioctl                           
2000acd9  disk_read                            
2000acbb  disk_status                          
2000adbd  disk_write                           
2000c2ff  ds2401_get_id_long                   
2000c277  ds2401_get_number                    
2000c26d  ds2401_init                          
2000b05d  enable_ubx_periodic                  
20017164  errno                                
2000f43d  exit                                 
20006c73  f_chmod                              
200062f9  f_close                              
20006603  f_closedir                           
20006703  f_getfree                            
20006329  f_lseek                              
20006a8d  f_mkdir                              
20005a97  f_mount                              
20005b15  f_open                               
2000655b  f_opendir                            
20005d31  f_read                               
20006623  f_readdir                            
20006d03  f_rename                             
200066af  f_stat                               
200061fd  f_sync                               
20006861  f_truncate                           
20006989  f_unlink                             
20006e53  f_utime                              
20005f6b  f_write                              
2000e645  floor                                
2000e645  floorl                               
2000b47b  free                                 
2000f2d1  frexp                                
2000f2d1  frexpl                               
20004000  g_pfnVectors                         
2000b82b  get_acc_data                         
200046e9  get_fat                              
2000af25  get_fattime                          
2000b92b  get_gps_data                         
2000b8ab  get_gyr_data                         
2000b7d3  get_mag_data                         
2000c885  init_ADXL345                         
2000cae9  init_HMC5883                         
2000cd35  init_ITG3200                         
2000bdf5  init_MPL115A2                        
2000e259  init_SD_card                         
2000b761  init_board_and_sensors               
2000c367  init_ds2401                          
2000af4d  init_gps                             
2000fa41  init_i2c                             
2000e3f7  init_uart                            
2000d6ad  kalman_filter                        
2000e739  ldexp                                
2000e739  ldexpl                               
2000f385  ltoa                                 
2000d339  main                                 
20017168  main_func_sp                         
2000b413  malloc                               
20008979  mat_dot_vec                          
2000a987  matrix_add_3x3                       
2000a695  matrix_inverse_3x3                   
2000a8b9  matrix_product_3x3                   
2000aa0d  matrix_sub_3x3                       
2000b649  memalign                             
2000fc91  memccpy                              
2000e959  memcpy                               
2000fa65  memmove                              
2000ee41  memset                               
2000b385  minit                                
2001716c  nav_msg                              
2001719c  new_ack_msg                          
200171a0  new_nav_msg                          
2000b249  parse_ubx_nav_msg                    
20007fd5  pow                                  
20007fd5  powl                                 
20004823  put_fat                              
2000b53d  realloc                              
2000e739  scalbn                               
2000e739  scalbnl                              
2000b2ed  send_uart_message                    
200099b9  sin                                  
200099b9  sinl                                 
2000f271  sprintf                              
2000db65  sqrt                                 
2000db65  sqrtl                                
2000fe27  strchr                               
2000fe65  strlen                               
2000c0c1  udelay                               
2000b9d1  update_acc_timer                     
2000ba31  update_gyr_timer                     
2000b331  verify_message                       
2000eba5  vsnprintf                            


GLOBAL SYMBOLS: SORTED BY Symbol Address 

address   name                                 
-------   ----                                 
00000008  __SYSMEM_SIZE                        
00000512  __STACK_SIZE                         
20004000  g_pfnVectors                         
200046b9  clust2sect                           
200046e9  get_fat                              
20004823  put_fat                              
20005a97  f_mount                              
20005b15  f_open                               
20005d31  f_read                               
20005f6b  f_write                              
200061fd  f_sync                               
200062f9  f_close                              
20006329  f_lseek                              
2000655b  f_opendir                            
20006603  f_closedir                           
20006623  f_readdir                            
200066af  f_stat                               
20006703  f_getfree                            
20006861  f_truncate                           
20006989  f_unlink                             
20006a8d  f_mkdir                              
20006c73  f_chmod                              
20006d03  f_rename                             
20006e53  f_utime                              
20007ccf  __TI_printfi                         
20007fd5  pow                                  
20007fd5  powl                                 
20008979  mat_dot_vec                          
20008a81  INS_init                             
20008e5d  INS_calc                             
2000929d  __kernel_rem_pio2                    
200099b9  sin                                  
200099b9  sinl                                 
20009f7d  cos                                  
20009f7d  cosl                                 
2000a53d  determinant                          
2000a695  matrix_inverse_3x3                   
2000a8b9  matrix_product_3x3                   
2000a987  matrix_add_3x3                       
2000aa0d  matrix_sub_3x3                       
2000aa8b  __mpu_init                           
2000ab8b  disk_initialize                      
2000acbb  disk_status                          
2000acd9  disk_read                            
2000adbd  disk_write                           
2000aee1  disk_ioctl                           
2000af25  get_fattime                          
2000af4d  init_gps                             
2000af8b  GPS_on                               
2000af99  GPS_off                              
2000afa7  cfg_gps_uart_and_protocol            
2000afd5  disable_ubx_periodic                 
2000b05d  enable_ubx_periodic                  
2000b0cf  build_gps_ubx_msg                    
2000b1c9  calc_msg_checksum                    
2000b249  parse_ubx_nav_msg                    
2000b2ed  send_uart_message                    
2000b331  verify_message                       
2000b385  minit                                
2000b413  malloc                               
2000b47b  free                                 
2000b53d  realloc                              
2000b649  memalign                             
2000b72d  calloc                               
2000b761  init_board_and_sensors               
2000b7d3  get_mag_data                         
2000b7f3  copy_and_convert_mag_data_2_algorithm
2000b82b  get_acc_data                         
2000b857  copy_and_convert_acc_data_2_algorithm
2000b8ab  get_gyr_data                         
2000b8d7  copy_and_convert_gyr_data_2_algorithm
2000b92b  get_gps_data                         
2000b967  copy_and_convert_gps_data_2_algorithm
2000b9d1  update_acc_timer                     
2000ba31  update_gyr_timer                     
2000bb09  atan                                 
2000bb09  atanl                                
2000bdf5  init_MPL115A2                        
2000bdf7  MPL115A2_get_pressure                
2000bfe5  MPL115A2_get_pressure_avg            
2000c0c1  udelay                               
2000c0e7  DS2401_Funcs_set                     
2000c117  DS2401_Funcs_get                     
2000c26d  ds2401_init                          
2000c277  ds2401_get_number                    
2000c2ff  ds2401_get_id_long                   
2000c367  init_ds2401                          
2000c3e9  I2C_IF_Write                         
2000c49f  I2C_IF_Read                          
2000c55b  I2C_IF_ReadFrom                      
2000c5a5  I2C_IF_Open                          
2000c5ed  I2C_IF_Close                         
2000c605  InitTerm                             
2000c623  Message                              
2000c645  ClearTerm                            
2000c64f  Error                                
2000c687  GetCmd                               
2000c72d  TrimSpace                            
2000c7c5  Report                               
2000c885  init_ADXL345                         
2000c9f9  ADXL345_read_accdata                 
2000cae9  init_HMC5883                         
2000cc4f  HMC5883_read_magdata                 
2000cd35  init_ITG3200                         
2000ce7b  ITG3200_read_gyrdata                 
2000cf71  __aeabi_uldivmod                     
2000d165  atan2                                
2000d165  atan2l                               
2000d339  main                                 
2000d4f5  __aeabi_dsub                         
2000d4ff  __aeabi_dadd                         
2000d6ab  _system_post_cinit                   
2000d6ad  kalman_filter                        
2000d8d5  Timer_IF_Init                        
2000d907  Timer_IF_IntSetup                    
2000d953  Timer_IF_InterruptClear              
2000d96b  Timer_IF_Start                       
2000d98b  Timer_IF_Stop                        
2000d99b  Timer_IF_DeInit                      
2000d9b5  Timer_IF_ReLoad                      
2000d9cd  Timer_IF_GetCount                    
2000d9ed  PRCMCC3200MCUInit                    
2000db65  sqrt                                 
2000db65  sqrtl                                
2000dcd5  PinMuxConfig                         
2000de3d  __kernel_sin                         
2000dfa5  __kernel_cos                         
2000e105  __aeabi_ddiv                         
2000e23d  SD_on                                
2000e24b  SD_off                               
2000e259  init_SD_card                         
2000e281  SD_write_file                        
2000e345  UART1_Handler                        
2000e3f7  init_uart                            
2000e44d  __aeabi_dmul                         
2000e549  __aeabi_fsub                         
2000e54d  __aeabi_fadd                         
2000e645  floor                                
2000e645  floorl                               
2000e739  ldexp                                
2000e739  ldexpl                               
2000e739  scalbn                               
2000e739  scalbnl                              
2000e809  IntDisable                           
2000e8b1  IntEnable                            
2000e959  __aeabi_memcpy                       
2000e959  __aeabi_memcpy4                      
2000e959  __aeabi_memcpy8                      
2000e959  memcpy                               
2000e9f5  PRCMPeripheralClockGet               
2000ea89  __aeabi_fdiv                         
2000eb1d  PinConfigSet                         
2000eba5  vsnprintf                            
2000ec2d  __aeabi_cdcmpeq                      
2000ec2d  __aeabi_cdcmple                      
2000ecb3  __aeabi_cdrcmple                     
2000ed39  I2CMasterInitExpClk                  
2000edbd  SDHostInit                           
2000ee39  __aeabi_memclr                       
2000ee39  __aeabi_memclr4                      
2000ee39  __aeabi_memclr8                      
2000ee3b  __aeabi_memset                       
2000ee3b  __aeabi_memset4                      
2000ee3b  __aeabi_memset8                      
2000ee41  memset                               
2000eeb3  UARTConfigSetExpClk                  
2000ef29  TimerIntRegister                     
2000ef99  __TI_auto_init                       
2000f009  __aeabi_d2f                          
2000f0e1  TimerIntUnregister                   
2000f149  SDHostSetExpClk                      
2000f1af  __aeabi_cfcmpeq                      
2000f1af  __aeabi_cfcmple                      
2000f20f  __aeabi_cfrcmple                     
2000f271  sprintf                              
2000f2d1  frexp                                
2000f2d1  frexpl                               
2000f32d  PRCMPeripheralReset                  
2000f385  ltoa                                 
2000f3dd  IntPrioritySet                       
2000f431  C$$EXIT                              
2000f435  abort                                
2000f43d  exit                                 
2000f485  atoi                                 
2000f4d1  copy_in                              
2000f51d  __aeabi_d2iz                         
2000f565  TimerConfigure                       
2000f5ed  PinModeSet                           
2000f62d  _c_int00                             
2000f66d  SDHostCmdSend                        
2000f6ad  PRCMPeripheralClkEnable              
2000f6e9  PinDirModeSet                        
2000f725  __aeabi_f2d                          
2000f75d  __aeabi_i2f                          
2000f795  GPIODirModeSet                       
2000f7cb  SDHostRespGet                        
2000f801  UARTDisable                          
2000f831  __aeabi_i2d                          
2000f85f  I2CMasterErr                         
2000f88d  PRCMSysResetCauseGet                 
2000f8b9  SDHostIntStatus                      
2000f8e5  TimerLoadSet                         
2000f90f  TimerPrescaleSet                     
2000f939  PRCMPeripheralClkDisable             
2000f961  SDHostBlockSizeSet                   
2000f989  SDHostBlockCountSet                  
2000f9b1  IntUnregister                        
2000f9d5  SDHostIntClear                       
2000f9f9  UARTCharPutNonBlocking               
2000fa1d  UARTEnable                           
2000fa41  init_i2c                             
2000fa65  memmove                              
2000fa89  I2CMasterSlaveAddrSet                
2000faab  SDHostCmdReset                       
2000facd  GPIOPinWrite                         
2000faed  IntRegister                          
2000fb0d  SDHostDataRead                       
2000fb2d  __aeabi_ui2d                         
2000fb4d  I2CMasterIntStatusEx                 
2000fb6b  SDHostDataWrite                      
2000fb89  TimerDisable                         
2000fba7  TimerEnable                          
2000fbc5  TimerIntStatus                       
2000fbe3  UARTCharPut                          
2000fc01  UARTIntRegister                      
2000fc1f  UARTIntStatus                        
2000fc3d  PinTypeI2C                           
2000fc59  TimerValueGet                        
2000fc75  UARTCharGetNonBlocking               
2000fc91  memccpy                              
2000fcad  PinTypeSDHost                        
2000fcc7  PinTypeUART                          
2000fce1  GPIOPinRead                          
2000fcf9  I2CMasterBusy                        
2000fd11  TimerIntDisable                      
2000fd29  TimerIntEnable                       
2000fd41  UARTCharsAvail                       
2000fd59  UARTFIFOLevelSet                     
2000fd71  UARTIntDisable                       
2000fd89  UARTIntEnable                        
2000fda1  _args_main                           
2000fdb9  I2CMasterDataPut                     
2000fdcf  I2CMasterEnable                      
2000fde5  PRCMHIBRegRead                       
2000fdfb  PRCMHIBRegWrite                      
2000fe11  UARTFIFOEnable                       
2000fe27  strchr                               
2000fe3d  CPUcpsie                             
2000fe51  _register_unlock                     
2000fe57  _register_lock                       
2000fe5f  _nop                                 
2000fe65  strlen                               
2000fe79  I2CMasterControl                     
2000fe8b  I2CMasterIntClearEx                  
2000fe9d  I2CMasterTimeoutSet                  
2000feaf  TimerIntClear                        
2000fec1  UARTIntClear                         
2000fed3  BoardInit                            
2000fee5  I2CMasterDataGet                     
2000fef3  __TI_decompress_none                 
2000ff01  ResetISR                             
2000ff0f  IntMasterEnable                      
2000ff19  copysign                             
2000ff19  copysignl                            
2000ff21  UtilsDelay                           
2000ff27  __TI_decompress_rle24                
2000ff2d  _system_pre_init                     
20010088  _ctypes_                             
200106e0  __TI_static_base__                   
20010824  __TI_Handler_Table_Base              
2001082c  __TI_CINIT_Base                      
2001082c  __TI_Handler_Table_Limit             
2001083c  __TI_CINIT_Limit                     
20017100  Xmcal                                
20017102  Ymcal                                
20017104  Zmcal                                
20017108  Xmoff                                
2001710c  Ymoff                                
20017110  Zmoff                                
20017114  Xmax                                 
20017118  Ymax                                 
2001711c  Zmax                                 
20017120  Xmin                                 
20017124  Ymin                                 
20017128  Zmin                                 
20017144  __TI_cleanup_ptr                     
20017148  __TI_dtors_ptr                       
2001714c  __TI_enable_exit_profile_output      
2001715c  _lock                                
20017160  _unlock                              
20017164  errno                                
20017168  main_func_sp                         
2001716c  nav_msg                              
20017188  ack_msg                              
2001719c  new_ack_msg                          
200171a0  new_nav_msg                          
200171a8  _sys_memory                          
2002faec  __stack                              
2002fffe  __STACK_END                          
ffffffff  __TI_pprof_out_hndl                  
ffffffff  __TI_prof_data_size                  
ffffffff  __TI_prof_data_start                 
ffffffff  __binit__                            
ffffffff  __c_args__                           
ffffffff  binit                                
UNDEFED   SHT$$INIT_ARRAY$$Base                
UNDEFED   SHT$$INIT_ARRAY$$Limit               

[307 symbols]
