******************************************************************************
                  TI ARM Linker PC v15.12.3                    
******************************************************************************
>> Linked Wed Apr 19 20:05:09 2017

OUTPUT FILE NAME:   <GPS-INS-NAV.out>
ENTRY POINT SYMBOL: "_c_int00"  address: 200107d1


MEMORY CONFIGURATION

         name            origin    length      used     unused   attr    fill
----------------------  --------  ---------  --------  --------  ----  --------
  SRAM_CODE             20004000   00012fff  0000dafb  00005504  RW X
  SRAM_DATA             20017000   00019000  000087ac  00010854  RW X


SEGMENT ALLOCATION MAP

run origin  load origin   length   init length attrs members
----------  ----------- ---------- ----------- ----- -------
20004000    20004000    0000db04   0000db04    r-x
  20004000    20004000    00000400   00000400    r-- .intvecs
  20004400    20004400    0000cd5a   0000cd5a    r-x .text
  20011160    20011160    000007fd   000007fd    r-- .const
  20011960    20011960    000001a4   000001a4    r-- .cinit
20017000    20017000    0000829a   00000000    rw-
  20017000    20017000    00008000   00000000    rw- .sysmem
  2001f000    2001f000    000001bc   00000000    rw- .data
  2001f1bc    2001f1bc    000000de   00000000    rw- .bss
2002faec    2002faec    00000512   00000000    rw-
  2002faec    2002faec    00000512   00000000    rw- .stack


SECTION ALLOCATION MAP

 output                                  attributes/
section   page    origin      length       input sections
--------  ----  ----------  ----------   ----------------
.intvecs   0    20004000    00000400     
                  20004000    00000400     startup_ccs.obj (.intvecs)

.init_array 
*          0    20004000    00000000     UNINITIALIZED

.text      0    20004400    0000cd5a     
                  20004400    00002ad6     fatfs.a : ff.obj (.text)
                  20006ed6    00000002     driverlib.a : interrupt.obj (.text:IntDefaultHandler)
                  20006ed8    000010fc     rtsv7M4_T_le_eabi.lib : _printfi.obj (.text)
                  20007fd4    00000da0     INS.obj (.text)
                  20008d74    00000b28     GPS.obj (.text)
                  2000989c    000009a4     rtsv7M4_T_le_eabi.lib : e_pow.obj (.text)
                  2000a240    000007bc     infrastructure.obj (.text)
                  2000a9fc    0000071c     rtsv7M4_T_le_eabi.lib : k_rem_pio2.obj (.text)
                  2000b118    00000644     main.obj (.text)
                  2000b75c    000005c4     rtsv7M4_T_le_eabi.lib : s_sin.obj (.text)
                  2000bd20    000005c0                           : s_cos.obj (.text)
                  2000c2e0    0000054e     matrix_manipulation.obj (.text)
                  2000c82e    00000002     rtsv7M4_T_le_eabi.lib : mpu_init.obj (.text)
                  2000c830    000004c0     diskio.obj (.text)
                  2000ccf0    000003dc     rtsv7M4_T_le_eabi.lib : memory.obj (.text)
                  2000d0cc    000002ec                           : s_atan.obj (.text)
                  2000d3b8    000002d8     local_uart_if.obj (.text)
                  2000d690    000002b4     DS2401.obj (.text)
                  2000d944    00000290     i2c_if.obj (.text)
                  2000dbd4    00000280     uart_if.obj (.text)
                  2000de54    00000264     ADXL345.obj (.text)
                  2000e0b8    0000024c     HMC5883.obj (.text)
                  2000e304    00000240     ITG3200.obj (.text)
                  2000e544    00000238     rtsv7M4_T_le_eabi.lib : strtod.obj (.text)
                  2000e77c    000001f4                           : ull_div_t2.obj (.text)
                  2000e970    000001d4                           : e_atan2.obj (.text)
                  2000eb44    000001c8     SD_card.obj (.text)
                  2000ed0c    000001b6     rtsv7M4_T_le_eabi.lib : fd_add_t2.obj (.text)
                  2000eec2    00000002                           : startup.obj (.text)
                  2000eec4    00000198     timer_if.obj (.text)
                  2000f05c    00000178     driverlib.a : prcm.obj (.text:PRCMCC3200MCUInit)
                  2000f1d4    00000170     rtsv7M4_T_le_eabi.lib : e_sqrt.obj (.text)
                  2000f344    00000168     pinmux.obj (.text)
                  2000f4ac    00000168     rtsv7M4_T_le_eabi.lib : k_sin.obj (.text)
                  2000f614    00000160                           : k_cos.obj (.text)
                  2000f774    00000136                           : fd_div_t2.obj (.text)
                  2000f8aa    000000fc                           : fd_mul_t2.obj (.text)
                  2000f9a6    00000002     --HOLE-- [fill = 0]
                  2000f9a8    000000f4                           : s_floor.obj (.text)
                  2000fa9c    000000d0                           : s_scalbn.obj (.text)
                  2000fb6c    000000a8     driverlib.a : interrupt.obj (.text:IntDisable)
                  2000fc14    000000a8                 : interrupt.obj (.text:IntEnable)
                  2000fcbc    0000009c     rtsv7M4_T_le_eabi.lib : memcpy_t2.obj (.text)
                  2000fd58    00000094     driverlib.a : prcm.obj (.text:PRCMPeripheralClockGet)
                  2000fdec    00000088                 : pin.obj (.text:PinConfigSet)
                  2000fe74    00000088     rtsv7M4_T_le_eabi.lib : vsnprintf.obj (.text)
                  2000fefc    00000086                           : fd_cmp_t2.obj (.text:__aeabi_cdcmple)
                  2000ff82    00000086                           : fd_cmp_t2.obj (.text:__aeabi_cdrcmple)
                  20010008    00000084     driverlib.a : i2c.obj (.text:I2CMasterInitExpClk)
                  2001008c    0000007c                 : sdhost.obj (.text:SDHostInit)
                  20010108    0000007a     rtsv7M4_T_le_eabi.lib : memset_t2.obj (.text)
                  20010182    00000076     driverlib.a : uart.obj (.text:UARTConfigSetExpClk)
                  200101f8    00000070                 : timer.obj (.text:TimerIntRegister)
                  20010268    00000070     rtsv7M4_T_le_eabi.lib : autoinit.obj (.text)
                  200102d8    0000006a                           : copy_decompress_rle.obj (.text)
                  20010342    00000002     --HOLE-- [fill = 0]
                  20010344    00000068     driverlib.a : timer.obj (.text:TimerIntUnregister)
                  200103ac    00000066                 : sdhost.obj (.text:SDHostSetExpClk)
                  20010412    00000002     --HOLE-- [fill = 0]
                  20010414    00000060     rtsv7M4_T_le_eabi.lib : sprintf.obj (.text)
                  20010474    0000005c                           : s_frexp.obj (.text)
                  200104d0    00000058     driverlib.a : prcm.obj (.text:PRCMPeripheralReset)
                  20010528    00000056     rtsv7M4_T_le_eabi.lib : ltoa.obj (.text)
                  2001057e    00000002     --HOLE-- [fill = 0]
                  20010580    00000054     driverlib.a : interrupt.obj (.text:IntPrioritySet)
                  200105d4    00000054     rtsv7M4_T_le_eabi.lib : exit.obj (.text)
                  20010628    0000004c                           : atoi.obj (.text)
                  20010674    0000004c                           : cpy_tbl.obj (.text)
                  200106c0    00000048                           : fd_toi_t2.obj (.text)
                  20010708    00000044     driverlib.a : timer.obj (.text:TimerConfigure)
                  2001074c    00000044                 : uart.obj (.text:UARTIntNumberGet)
                  20010790    00000040                 : pin.obj (.text:PinModeSet)
                  200107d0    00000040     rtsv7M4_T_le_eabi.lib : boot.obj (.text)
                  20010810    00000040                           : strtok.obj (.text)
                  20010850    0000003e     driverlib.a : sdhost.obj (.text:SDHostCmdSend)
                  2001088e    00000002     --HOLE-- [fill = 0]
                  20010890    0000003c                 : prcm.obj (.text:PRCMPeripheralClkEnable)
                  200108cc    0000003c                 : pin.obj (.text:PinDirModeSet)
                  20010908    00000036                 : gpio.obj (.text:GPIODirModeSet)
                  2001093e    00000034                 : sdhost.obj (.text:SDHostRespGet)
                  20010972    00000002     --HOLE-- [fill = 0]
                  20010974    00000030                 : uart.obj (.text:UARTDisable)
                  200109a4    00000030     rtsv7M4_T_le_eabi.lib : strncpy.obj (.text)
                  200109d4    0000002e                           : i_tofd_t2.obj (.text)
                  20010a02    0000002c     driverlib.a : i2c.obj (.text:I2CMasterErr)
                  20010a2e    00000002     --HOLE-- [fill = 0]
                  20010a30    0000002c                 : prcm.obj (.text:PRCMSysResetCauseGet)
                  20010a5c    0000002c                 : sdhost.obj (.text:SDHostIntStatus)
                  20010a88    0000002c     local_i2c_if.obj (.text)
                  20010ab4    0000002a     driverlib.a : timer.obj (.text:TimerLoadSet)
                  20010ade    0000002a                 : timer.obj (.text:TimerPrescaleSet)
                  20010b08    0000002a     rtsv7M4_T_le_eabi.lib : strspn.obj (.text)
                  20010b32    00000002     --HOLE-- [fill = 0]
                  20010b34    00000028     driverlib.a : prcm.obj (.text:PRCMPeripheralClkDisable)
                  20010b5c    00000028                 : sdhost.obj (.text:SDHostBlockSizeSet)
                  20010b84    00000026                 : sdhost.obj (.text:SDHostBlockCountSet)
                  20010baa    00000002     --HOLE-- [fill = 0]
                  20010bac    00000024                 : interrupt.obj (.text:IntUnregister)
                  20010bd0    00000024                 : sdhost.obj (.text:SDHostIntClear)
                  20010bf4    00000024                 : uart.obj (.text:UARTEnable)
                  20010c18    00000024     rtsv7M4_T_le_eabi.lib : memmov.obj (.text)
                  20010c3c    00000024                           : strcspn.obj (.text)
                  20010c60    00000022     driverlib.a : i2c.obj (.text:I2CMasterSlaveAddrSet)
                  20010c82    00000022                 : sdhost.obj (.text:SDHostCmdReset)
                  20010ca4    00000020                 : gpio.obj (.text:GPIOPinWrite)
                  20010cc4    00000020                 : interrupt.obj (.text:IntRegister)
                  20010ce4    00000020                 : sdhost.obj (.text:SDHostDataRead)
                  20010d04    00000020     rtsv7M4_T_le_eabi.lib : u_tofd_t2.obj (.text)
                  20010d24    0000001e     driverlib.a : i2c.obj (.text:I2CMasterIntStatusEx)
                  20010d42    0000001e                 : sdhost.obj (.text:SDHostDataWrite)
                  20010d60    0000001e                 : timer.obj (.text:TimerDisable)
                  20010d7e    0000001e                 : timer.obj (.text:TimerEnable)
                  20010d9c    0000001e                 : timer.obj (.text:TimerIntStatus)
                  20010dba    0000001e                 : uart.obj (.text:UARTCharPut)
                  20010dd8    0000001e                 : uart.obj (.text:UARTIntRegister)
                  20010df6    0000001e                 : uart.obj (.text:UARTIntStatus)
                  20010e14    0000001c                 : pin.obj (.text:PinTypeI2C)
                  20010e30    0000001c                 : timer.obj (.text:TimerValueGet)
                  20010e4c    0000001c                 : uart.obj (.text:UARTCharGetNonBlocking)
                  20010e68    0000001c     board.obj (.text)
                  20010e84    0000001c     rtsv7M4_T_le_eabi.lib : memccpy.obj (.text)
                  20010ea0    0000001a     driverlib.a : pin.obj (.text:PinTypeSDHost)
                  20010eba    0000001a                 : pin.obj (.text:PinTypeUART)
                  20010ed4    00000018                 : gpio.obj (.text:GPIOPinRead)
                  20010eec    00000018                 : i2c.obj (.text:I2CMasterBusy)
                  20010f04    00000018                 : timer.obj (.text:TimerIntDisable)
                  20010f1c    00000018                 : timer.obj (.text:TimerIntEnable)
                  20010f34    00000018                 : uart.obj (.text:UARTCharsAvail)
                  20010f4c    00000018                 : uart.obj (.text:UARTFIFOLevelSet)
                  20010f64    00000018                 : uart.obj (.text:UARTIntDisable)
                  20010f7c    00000018                 : uart.obj (.text:UARTIntEnable)
                  20010f94    00000018     rtsv7M4_T_le_eabi.lib : args_main.obj (.text)
                  20010fac    00000016     driverlib.a : i2c.obj (.text:I2CMasterDataPut)
                  20010fc2    00000016                 : i2c.obj (.text:I2CMasterEnable)
                  20010fd8    00000016                 : prcm.obj (.text:PRCMHIBRegRead)
                  20010fee    00000016                 : prcm.obj (.text:PRCMHIBRegWrite)
                  20011004    00000016                 : uart.obj (.text:UARTCharGet)
                  2001101a    00000016                 : uart.obj (.text:UARTFIFOEnable)
                  20011030    00000016     rtsv7M4_T_le_eabi.lib : strchr.obj (.text)
                  20011046    00000014     driverlib.a : cpu.obj (.text:CPUcpsie)
                  2001105a    00000002     --HOLE-- [fill = 0]
                  2001105c    00000014                 : interrupt.obj (.text:IntVTableBaseSet)
                  20011070    00000014     rtsv7M4_T_le_eabi.lib : _lock.obj (.text)
                  20011084    00000014                           : strcpy.obj (.text)
                  20011098    00000014                           : strlen.obj (.text)
                  200110ac    00000012     driverlib.a : i2c.obj (.text:I2CMasterControl)
                  200110be    00000012                 : i2c.obj (.text:I2CMasterIntClearEx)
                  200110d0    00000012                 : i2c.obj (.text:I2CMasterTimeoutSet)
                  200110e2    00000012                 : timer.obj (.text:TimerIntClear)
                  200110f4    00000012                 : uart.obj (.text:UARTIntClear)
                  20011106    00000010     startup_ccs.obj (.text)
                  20011116    0000000e     driverlib.a : i2c.obj (.text:I2CMasterDataGet)
                  20011124    0000000e     rtsv7M4_T_le_eabi.lib : copy_decompress_none.obj (.text:decompress:none)
                  20011132    0000000a     driverlib.a : interrupt.obj (.text:IntMasterEnable)
                  2001113c    00000008     rtsv7M4_T_le_eabi.lib : s_copysign.obj (.text)
                  20011144    00000006     driverlib.a : utils.obj (.text:UtilsDelay)
                  2001114a    00000006     rtsv7M4_T_le_eabi.lib : copy_decompress_rle.obj (.text:decompress:rle24)
                  20011150    00000006                           : atof.obj (.text)
                  20011156    00000004                           : pre_init.obj (.text)

.const     0    20011160    000007fd     
                  20011160    00000158     rtsv7M4_T_le_eabi.lib : k_rem_pio2.obj (.const:$O1$$)
                  200112b8    00000101                           : ctype.obj (.const:.string:_ctypes_)
                  200113b9    00000003     GPS.obj (.const:.string:$P$T3$4)
                  200113bc    00000100     driverlib.a : pin.obj (.const:g_ulPinToPadMap)
                  200114bc    000000d4                 : interrupt.obj (.const:g_pulRegs)
                  20011590    000000a8                 : prcm.obj (.const:PRCM_PeriphRegsList)
                  20011638    00000098     rtsv7M4_T_le_eabi.lib : s_atan.obj (.const:$O1$$)
                  200116d0    00000098                           : strtod.obj (.const:$O1$$)
                  20011768    00000048     main.obj (.const:$P$T5$6)
                  200117b0    00000048     main.obj (.const:$P$T6$7)
                  200117f8    00000040     GPS.obj (.const:.string:$P$T1$2)
                  20011838    00000030     rtsv7M4_T_le_eabi.lib : e_pow.obj (.const:$O1$$)
                  20011868    00000018     INS.obj (.const:$P$T0$1)
                  20011880    00000018     main.obj (.const:$P$T0$1)
                  20011898    00000018     main.obj (.const:$P$T1$2)
                  200118b0    00000018     main.obj (.const:$P$T2$3)
                  200118c8    00000018     main.obj (.const:$P$T3$4)
                  200118e0    00000018     main.obj (.const:$P$T4$5)
                  200118f8    00000018     driverlib.a : interrupt.obj (.const:g_pulDisRegs)
                  20011910    00000018                 : interrupt.obj (.const:g_pulEnRegs)
                  20011928    00000014     GPS.obj (.const:.string:$P$T0$1)
                  2001193c    00000010     driverlib.a : uart.obj (.const:g_ppulUARTIntMap)
                  2001194c    0000000d     main.obj (.const:.string:$P$T7$8)
                  20011959    00000004     GPS.obj (.const:.string:$P$T2$3)

.cinit     0    20011960    000001a4     
                  20011960    0000017c     (.cinit..data.load) [load image, compression = rle]
                  20011adc    00000004     --HOLE-- [fill = 0]
                  20011ae0    00000009     (.cinit..bss.load) [load image, compression = rle]
                  20011ae9    00000003     --HOLE-- [fill = 0]
                  20011aec    00000008     (__TI_handler_table)
                  20011af4    00000010     (__TI_cinit_table)

.sysmem    0    20017000    00008000     UNINITIALIZED
                  20017000    00000008     rtsv7M4_T_le_eabi.lib : memory.obj (.sysmem)
                  20017008    00007ff8     --HOLE--

.data      0    2001f000    000001bc     UNINITIALIZED
                  2001f000    00000100     DS2401.obj (.data:ds2401_crc8_table)
                  2001f100    0000004a     local_uart_if.obj (.data:static_NMEA_msg)
                  2001f14a    00000002     --HOLE--
                  2001f14c    0000002c     HMC5883.obj (.data)
                  2001f178    00000018     diskio.obj (.data:g_sDisk)
                  2001f190    0000000c     rtsv7M4_T_le_eabi.lib : exit.obj (.data:$O1$$)
                  2001f19c    0000000c                           : memory.obj (.data:$O1$$)
                  2001f1a8    00000008                           : _lock.obj (.data:$O1$$)
                  2001f1b0    00000004                           : errno.obj (.data)
                  2001f1b4    00000004                           : stkdepth_vars.obj (.data)
                  2001f1b8    00000004                           : strtok.obj (.data)

.bss       0    2001f1bc    000000de     UNINITIALIZED
                  2001f1bc    00000078     (.common:NMEA_msg)
                  2001f234    0000001c     (.common:nav_posecef_msg)
                  2001f250    00000018     (.common:nav_status_msg)
                  2001f268    0000000c     (.common:ack_msg)
                  2001f274    00000004     uart_if.obj (.bss)
                  2001f278    00000004     (.common:FatFs)
                  2001f27c    00000004     (.common:UART_STATUS)
                  2001f280    00000004     (.common:boot_time)
                  2001f284    00000004     (.common:fixOk)
                  2001f288    00000004     (.common:new_ack_msg)
                  2001f28c    00000004     (.common:new_fix_msg)
                  2001f290    00000004     (.common:new_gps_msg)
                  2001f294    00000004     (.common:new_nav_msg)
                  2001f298    00000002     (.common:Fsid)

.stack     0    2002faec    00000512     UNINITIALIZED
                  2002faec    00000512     --HOLE--

MODULE SUMMARY

       Module                     code    ro data   rw data
       ------                     ----    -------   -------
    .\
       infrastructure.obj         1980    0         212    
       main.obj                   1604    277       0      
    +--+--------------------------+-------+---------+---------+
       Total:                     3584    277       212    
                                                           
    .\INS\
       INS.obj                    3488    24        0      
       matrix_manipulation.obj    1358    0         0      
    +--+--------------------------+-------+---------+---------+
       Total:                     4846    24        0      
                                                           
    .\Sensors\
       GPS.obj                    2856    91        0      
       HMC5883.obj                588     0         44     
       ADXL345.obj                612     0         0      
       ITG3200.obj                576     0         0      
    +--+--------------------------+-------+---------+---------+
       Total:                     4632    91        44     
                                                           
    .\board\
       DS2401.obj                 692     0         256    
       SD_card.obj                456     0         0      
       pinmux.obj                 360     0         0      
       board.obj                  28      0         0      
    +--+--------------------------+-------+---------+---------+
       Total:                     1536    0         256    
                                                           
    .\common\
       startup_ccs.obj            16      1024      0      
       i2c_if.obj                 656     0         0      
       uart_if.obj                640     0         4      
       timer_if.obj               408     0         0      
    +--+--------------------------+-------+---------+---------+
       Total:                     1720    1024      4      
                                                           
    .\interfaces\
       diskio.obj                 1216    0         24     
       local_uart_if.obj          728     0         74     
       local_i2c_if.obj           44      0         0      
    +--+--------------------------+-------+---------+---------+
       Total:                     1988    0         98     
                                                           
    C:/TI/CC3200SDK_1.2.0/cc3200-sdk/driverlib/ccs/Release/driverlib.a
       prcm.obj                   800     168       0      
       interrupt.obj              520     260       0      
       pin.obj                    340     256       0      
       sdhost.obj                 594     0         0      
       uart.obj                   546     16        0      
       timer.obj                  552     0         0      
       i2c.obj                    376     0         0      
       gpio.obj                   110     0         0      
       cpu.obj                    20      0         0      
       utils.obj                  6       0         0      
    +--+--------------------------+-------+---------+---------+
       Total:                     3864    700       0      
                                                           
    C:/TI/CC3200SDK_1.2.0/cc3200-sdk/third_party/fatfs/ccs/Release/fatfs.a
       ff.obj                     10966   0         6      
    +--+--------------------------+-------+---------+---------+
       Total:                     10966   0         6      
                                                           
    C:\TI\ccsv6\tools\compiler\arm_15.12.3.LTS\lib\rtsv7M4_T_le_eabi.lib
       _printfi.obj               4348    0         0      
       e_pow.obj                  2468    48        0      
       k_rem_pio2.obj             1820    344       0      
       s_sin.obj                  1476    0         0      
       s_cos.obj                  1472    0         0      
       memory.obj                 988     0         12     
       s_atan.obj                 748     152       0      
       strtod.obj                 568     152       0      
       ull_div_t2.obj             500     0         0      
       e_atan2.obj                468     0         0      
       fd_add_t2.obj              438     0         0      
       e_sqrt.obj                 368     0         0      
       k_sin.obj                  360     0         0      
       k_cos.obj                  352     0         0      
       fd_div_t2.obj              310     0         0      
       fd_cmp_t2.obj              268     0         0      
       ctype.obj                  0       257       0      
       fd_mul_t2.obj              252     0         0      
       s_floor.obj                244     0         0      
       s_scalbn.obj               208     0         0      
       memcpy_t2.obj              156     0         0      
       vsnprintf.obj              136     0         0      
       memset_t2.obj              122     0         0      
       autoinit.obj               112     0         0      
       copy_decompress_rle.obj    112     0         0      
       exit.obj                   84      0         12     
       sprintf.obj                96      0         0      
       s_frexp.obj                92      0         0      
       ltoa.obj                   86      0         0      
       atoi.obj                   76      0         0      
       cpy_tbl.obj                76      0         0      
       fd_toi_t2.obj              72      0         0      
       strtok.obj                 64      0         4      
       boot.obj                   64      0         0      
       strncpy.obj                48      0         0      
       i_tofd_t2.obj              46      0         0      
       strspn.obj                 42      0         0      
       memmov.obj                 36      0         0      
       strcspn.obj                36      0         0      
       u_tofd_t2.obj              32      0         0      
       _lock.obj                  20      0         8      
       memccpy.obj                28      0         0      
       args_main.obj              24      0         0      
       strchr.obj                 22      0         0      
       strcpy.obj                 20      0         0      
       strlen.obj                 20      0         0      
       copy_decompress_none.obj   14      0         0      
       s_copysign.obj             8       0         0      
       atof.obj                   6       0         0      
       errno.obj                  0       0         4      
       pre_init.obj               4       0         0      
       stkdepth_vars.obj          0       0         4      
       mpu_init.obj               2       0         0      
       startup.obj                2       0         0      
    +--+--------------------------+-------+---------+---------+
       Total:                     19414   953       44     
                                                           
       Heap:                      0       0         32768  
       Stack:                     0       0         1298   
       Linker Generated:          0       413       0      
    +--+--------------------------+-------+---------+---------+
       Grand Total:               52550   3482      34730  


LINKER GENERATED COPY TABLES

__TI_cinit_table @ 20011af4 records: 2, size/record: 8, table size: 16
	.data: load addr=20011960, load size=0000017c bytes, run addr=2001f000, run size=000001bc bytes, compression=rle
	.bss: load addr=20011ae0, load size=00000009 bytes, run addr=2001f1bc, run size=000000de bytes, compression=rle


LINKER GENERATED HANDLER TABLE

__TI_handler_table @ 20011aec records: 2, size/record: 4, table size: 8
	index: 0, handler: __TI_decompress_rle24
	index: 1, handler: __TI_decompress_none


GLOBAL SYMBOLS: SORTED ALPHABETICALLY BY Name 

address   name                                      
-------   ----                                      
2000dfc9  ADXL345_read_accdata                      
20010e69  BoardInit                                 
200105d5  C$$EXIT                                   
20011047  CPUcpsie                                  
2000dc15  ClearTerm                                 
2000d6e7  DS2401_Funcs_get                          
2000d6b7  DS2401_Funcs_set                          
2000dc1f  Error                                     
20010909  GPIODirModeSet                            
20010ed5  GPIOPinRead                               
20010ca5  GPIOPinWrite                              
20008de3  GPS_off                                   
20008dd5  GPS_on                                    
2000dc57  GetCmd                                    
2000e21f  HMC5883_read_magdata                      
20010eed  I2CMasterBusy                             
200110ad  I2CMasterControl                          
20011117  I2CMasterDataGet                          
20010fad  I2CMasterDataPut                          
20010fc3  I2CMasterEnable                           
20010a03  I2CMasterErr                              
20010009  I2CMasterInitExpClk                       
200110bf  I2CMasterIntClearEx                       
20010d25  I2CMasterIntStatusEx                      
20010c61  I2CMasterSlaveAddrSet                     
200110d1  I2CMasterTimeoutSet                       
2000dbbd  I2C_IF_Close                              
2000db75  I2C_IF_Open                               
2000da6f  I2C_IF_Read                               
2000db2b  I2C_IF_ReadFrom                           
2000d9b9  I2C_IF_Write                              
2000889d  INS_calc                                  
200080dd  INS_init                                  
2000e453  ITG3200_read_gyrdata                      
2000dbd5  InitTerm                                  
2000fb6d  IntDisable                                
2000fc15  IntEnable                                 
20011133  IntMasterEnable                           
20010581  IntPrioritySet                            
20010cc5  IntRegister                               
20010bad  IntUnregister                             
2001105d  IntVTableBaseSet                          
2000dbf3  Message                                   
2001f1bc  NMEA_msg                                  
2000f05d  PRCMCC3200MCUInit                         
20010fd9  PRCMHIBRegRead                            
20010fef  PRCMHIBRegWrite                           
20010b35  PRCMPeripheralClkDisable                  
20010891  PRCMPeripheralClkEnable                   
2000fd59  PRCMPeripheralClockGet                    
200104d1  PRCMPeripheralReset                       
20010a31  PRCMSysResetCauseGet                      
2000fded  PinConfigSet                              
200108cd  PinDirModeSet                             
20010791  PinModeSet                                
2000f345  PinMuxConfig                              
20010e15  PinTypeI2C                                
20010ea1  PinTypeSDHost                             
20010ebb  PinTypeUART                               
2000dd95  Report                                    
20011107  ResetISR                                  
20010b85  SDHostBlockCountSet                       
20010b5d  SDHostBlockSizeSet                        
20010c83  SDHostCmdReset                            
20010851  SDHostCmdSend                             
20010ce5  SDHostDataRead                            
20010d43  SDHostDataWrite                           
2001008d  SDHostInit                                
20010bd1  SDHostIntClear                            
20010a5d  SDHostIntStatus                           
2001093f  SDHostRespGet                             
200103ad  SDHostSetExpClk                           
2000eb53  SD_off                                    
2000eb45  SD_on                                     
2000eb89  SD_write_file                             
UNDEFED   SHT$$INIT_ARRAY$$Base                     
UNDEFED   SHT$$INIT_ARRAY$$Limit                    
20010709  TimerConfigure                            
20010d61  TimerDisable                              
20010d7f  TimerEnable                               
200110e3  TimerIntClear                             
20010f05  TimerIntDisable                           
20010f1d  TimerIntEnable                            
200101f9  TimerIntRegister                          
20010d9d  TimerIntStatus                            
20010345  TimerIntUnregister                        
20010ab5  TimerLoadSet                              
20010adf  TimerPrescaleSet                          
20010e31  TimerValueGet                             
2000f00b  Timer_IF_DeInit                           
2000f03d  Timer_IF_GetCount                         
2000ef45  Timer_IF_Init                             
2000ef77  Timer_IF_IntSetup                         
2000efc3  Timer_IF_InterruptClear                   
2000f025  Timer_IF_ReLoad                           
2000efdb  Timer_IF_Start                            
2000effb  Timer_IF_Stop                             
2000dcfd  TrimSpace                                 
20011005  UARTCharGet                               
20010e4d  UARTCharGetNonBlocking                    
20010dbb  UARTCharPut                               
20010f35  UARTCharsAvail                            
20010183  UARTConfigSetExpClk                       
20010975  UARTDisable                               
20010bf5  UARTEnable                                
2001101b  UARTFIFOEnable                            
20010f4d  UARTFIFOLevelSet                          
200110f5  UARTIntClear                              
20010f65  UARTIntDisable                            
20010f7d  UARTIntEnable                             
20010dd9  UARTIntRegister                           
20010df7  UARTIntStatus                             
2001f27c  UART_STATUS                               
20011145  UtilsDelay                                
2001f160  Xmax                                      
2001f14c  Xmcal                                     
2001f16c  Xmin                                      
2001f154  Xmoff                                     
2001f164  Ymax                                      
2001f14e  Ymcal                                     
2001f170  Ymin                                      
2001f158  Ymoff                                     
2001f168  Zmax                                      
2001f150  Zmcal                                     
2001f174  Zmin                                      
2001f15c  Zmoff                                     
2002fffe  __STACK_END                               
00000512  __STACK_SIZE                              
00008000  __SYSMEM_SIZE                             
20011af4  __TI_CINIT_Base                           
20011b04  __TI_CINIT_Limit                          
20011aec  __TI_Handler_Table_Base                   
20011af4  __TI_Handler_Table_Limit                  
20010269  __TI_auto_init                            
2001f190  __TI_cleanup_ptr                          
20011125  __TI_decompress_none                      
2001114b  __TI_decompress_rle24                     
2001f194  __TI_dtors_ptr                            
2001f198  __TI_enable_exit_profile_output           
ffffffff  __TI_pprof_out_hndl                       
20007ccf  __TI_printfi                              
ffffffff  __TI_prof_data_size                       
ffffffff  __TI_prof_data_start                      
20011960  __TI_static_base__                        
2000fefd  __aeabi_cdcmpeq                           
2000fefd  __aeabi_cdcmple                           
2000ff83  __aeabi_cdrcmple                          
200106c1  __aeabi_d2iz                              
2000ed17  __aeabi_dadd                              
2000f775  __aeabi_ddiv                              
2000f8ab  __aeabi_dmul                              
2000ed0d  __aeabi_dsub                              
200109d5  __aeabi_i2d                               
20010109  __aeabi_memclr                            
20010109  __aeabi_memclr4                           
20010109  __aeabi_memclr8                           
2000fcbd  __aeabi_memcpy                            
2000fcbd  __aeabi_memcpy4                           
2000fcbd  __aeabi_memcpy8                           
2001010b  __aeabi_memset                            
2001010b  __aeabi_memset4                           
2001010b  __aeabi_memset8                           
20010d05  __aeabi_ui2d                              
2000e77d  __aeabi_uldivmod                          
ffffffff  __binit__                                 
ffffffff  __c_args__                                
2000f615  __kernel_cos                              
2000a9fd  __kernel_rem_pio2                         
2000f4ad  __kernel_sin                              
2000c82f  __mpu_init                                
2002faec  __stack                                   
20010f95  _args_main                                
200107d1  _c_int00                                  
200112b8  _ctypes_                                  
2001f1a8  _lock                                     
2001107f  _nop                                      
20011077  _register_lock                            
20011071  _register_unlock                          
20017000  _sys_memory                               
2000eec3  _system_post_cinit                        
20011157  _system_pre_init                          
2001f1ac  _unlock                                   
200105d9  abort                                     
2001f268  ack_msg                                   
200095dd  ascii_2_num                               
2000d0cd  atan                                      
2000e971  atan2                                     
2000e971  atan2l                                    
2000d0cd  atanl                                     
20011151  atof                                      
20010629  atoi                                      
ffffffff  binit                                     
2001f280  boot_time                                 
20008e7b  build_NMEA_cfg_msg                        
200091fd  build_gps_ubx_msg                         
2000936d  calc_msg_checksum                         
2000d099  calloc                                    
20008f1d  cfg_NMEA_if                               
20008df1  cfg_gps_uart_and_protocol                 
200046b9  clust2sect                                
2000a3c9  copy_and_convert_acc_data_2_algorithm     
2000a731  copy_and_convert_gps_data_2_algorithm     
2000a79b  copy_and_convert_gps_data_2_algorithm_NMEA
2000a691  copy_and_convert_gyr_data_2_algorithm     
2000a351  copy_and_convert_mag_data_2_algorithm     
20009339  copy_char_arr                             
20010675  copy_in                                   
2001113d  copysign                                  
2001113d  copysignl                                 
2000bd21  cos                                       
2000bd21  cosl                                      
20008fa5  disable_ubx_periodic                      
2000c92f  disk_initialize                           
2000cc85  disk_ioctl                                
2000ca7d  disk_read                                 
2000ca5f  disk_status                               
2000cb61  disk_write                                
2000d8cf  ds2401_get_id_long                        
2000d847  ds2401_get_number                         
2000d83d  ds2401_init                               
2000906b  enable_ubx_periodic                       
2001f1b0  errno                                     
200105e1  exit                                      
20006c73  f_chmod                                   
200062f9  f_close                                   
20006603  f_closedir                                
20006703  f_getfree                                 
20006329  f_lseek                                   
20006a8d  f_mkdir                                   
20005a97  f_mount                                   
20005b15  f_open                                    
2000655b  f_opendir                                 
20005d31  f_read                                    
20006623  f_readdir                                 
20006d03  f_rename                                  
200066af  f_stat                                    
200061fd  f_sync                                    
20006861  f_truncate                                
20006989  f_unlink                                  
20006e53  f_utime                                   
20005f6b  f_write                                   
2001f284  fixOk                                     
2000f9a9  floor                                     
2000f9a9  floorl                                    
2000cde7  free                                      
20010475  frexp                                     
20010475  frexpl                                    
20004000  g_pfnVectors                              
2000a38d  get_acc_data                              
200046e9  get_fat                                   
2000ccc9  get_fattime                               
20008db3  get_fixed_pos                             
2000a6e5  get_gps_data                              
2000a41d  get_gyr_data                              
20009829  get_lon_lat                               
2000a321  get_mag_data                              
200096a9  gga_2_llh                                 
2000de55  init_ADXL345                              
2000e0b9  init_HMC5883                              
2000e305  init_ITG3200                              
2000eb61  init_SD_card                              
2000a241  init_board_and_sensors                    
2000d937  init_ds2401                               
20008d75  init_gps                                  
20010a89  init_i2c                                  
2000d5f7  init_uart                                 
2000fa9d  ldexp                                     
2000fa9d  ldexpl                                    
2000a985  light_all_init_led                        
20010529  ltoa                                      
2000b119  main                                      
2001f1b4  main_func_sp                              
20009593  make_ltl_end                              
2000cd7f  malloc                                    
20007fd5  mat_dot_vec                               
2000c733  matrix_add_3x3                            
2000c2e1  matrix_inverse_3x3                        
2000c665  matrix_product_3x3                        
2000c7b1  matrix_sub_3x3                            
2000cfb5  memalign                                  
20010e85  memccpy                                   
2000fcbd  memcpy                                    
20010c19  memmove                                   
20010111  memset                                    
2000ccf1  minit                                     
2001f234  nav_posecef_msg                           
2001f250  nav_status_msg                            
2001f288  new_ack_msg                               
2001f28c  new_fix_msg                               
2001f290  new_gps_msg                               
2001f294  new_nav_msg                               
2000d429  parse_recieved_msg                        
200093f9  parse_ubx_nav_msg                         
2000989d  pow                                       
2000989d  powl                                      
20008e45  print_msg                                 
20004823  put_fat                                   
2000cea9  realloc                                   
2000d3b9  reset_global_int                          
2000fa9d  scalbn                                    
2000fa9d  scalbnl                                   
20009499  send_uart_message                         
2000b75d  sin                                       
2000b75d  sinl                                      
20010415  sprintf                                   
2000f1d5  sqrt                                      
2000f1d5  sqrtl                                     
2001f100  static_NMEA_msg                           
20011031  strchr                                    
20011085  strcpy                                    
20010c3d  strcspn                                   
20011099  strlen                                    
200109a5  strncpy                                   
20010b09  strspn                                    
2000e545  strtod                                    
20010811  strtok                                    
2000e545  strtold                                   
2000d3d3  uart_int_handler                          
2000d691  udelay                                    
2000a8d5  update_acc_timer                          
2000a929  update_gyr_timer                          
20009533  verify_message                            
2000fe75  vsnprintf                                 


GLOBAL SYMBOLS: SORTED BY Symbol Address 

address   name                                      
-------   ----                                      
00000512  __STACK_SIZE                              
00008000  __SYSMEM_SIZE                             
20004000  g_pfnVectors                              
200046b9  clust2sect                                
200046e9  get_fat                                   
20004823  put_fat                                   
20005a97  f_mount                                   
20005b15  f_open                                    
20005d31  f_read                                    
20005f6b  f_write                                   
200061fd  f_sync                                    
200062f9  f_close                                   
20006329  f_lseek                                   
2000655b  f_opendir                                 
20006603  f_closedir                                
20006623  f_readdir                                 
200066af  f_stat                                    
20006703  f_getfree                                 
20006861  f_truncate                                
20006989  f_unlink                                  
20006a8d  f_mkdir                                   
20006c73  f_chmod                                   
20006d03  f_rename                                  
20006e53  f_utime                                   
20007ccf  __TI_printfi                              
20007fd5  mat_dot_vec                               
200080dd  INS_init                                  
2000889d  INS_calc                                  
20008d75  init_gps                                  
20008db3  get_fixed_pos                             
20008dd5  GPS_on                                    
20008de3  GPS_off                                   
20008df1  cfg_gps_uart_and_protocol                 
20008e45  print_msg                                 
20008e7b  build_NMEA_cfg_msg                        
20008f1d  cfg_NMEA_if                               
20008fa5  disable_ubx_periodic                      
2000906b  enable_ubx_periodic                       
200091fd  build_gps_ubx_msg                         
20009339  copy_char_arr                             
2000936d  calc_msg_checksum                         
200093f9  parse_ubx_nav_msg                         
20009499  send_uart_message                         
20009533  verify_message                            
20009593  make_ltl_end                              
200095dd  ascii_2_num                               
200096a9  gga_2_llh                                 
20009829  get_lon_lat                               
2000989d  pow                                       
2000989d  powl                                      
2000a241  init_board_and_sensors                    
2000a321  get_mag_data                              
2000a351  copy_and_convert_mag_data_2_algorithm     
2000a38d  get_acc_data                              
2000a3c9  copy_and_convert_acc_data_2_algorithm     
2000a41d  get_gyr_data                              
2000a691  copy_and_convert_gyr_data_2_algorithm     
2000a6e5  get_gps_data                              
2000a731  copy_and_convert_gps_data_2_algorithm     
2000a79b  copy_and_convert_gps_data_2_algorithm_NMEA
2000a8d5  update_acc_timer                          
2000a929  update_gyr_timer                          
2000a985  light_all_init_led                        
2000a9fd  __kernel_rem_pio2                         
2000b119  main                                      
2000b75d  sin                                       
2000b75d  sinl                                      
2000bd21  cos                                       
2000bd21  cosl                                      
2000c2e1  matrix_inverse_3x3                        
2000c665  matrix_product_3x3                        
2000c733  matrix_add_3x3                            
2000c7b1  matrix_sub_3x3                            
2000c82f  __mpu_init                                
2000c92f  disk_initialize                           
2000ca5f  disk_status                               
2000ca7d  disk_read                                 
2000cb61  disk_write                                
2000cc85  disk_ioctl                                
2000ccc9  get_fattime                               
2000ccf1  minit                                     
2000cd7f  malloc                                    
2000cde7  free                                      
2000cea9  realloc                                   
2000cfb5  memalign                                  
2000d099  calloc                                    
2000d0cd  atan                                      
2000d0cd  atanl                                     
2000d3b9  reset_global_int                          
2000d3d3  uart_int_handler                          
2000d429  parse_recieved_msg                        
2000d5f7  init_uart                                 
2000d691  udelay                                    
2000d6b7  DS2401_Funcs_set                          
2000d6e7  DS2401_Funcs_get                          
2000d83d  ds2401_init                               
2000d847  ds2401_get_number                         
2000d8cf  ds2401_get_id_long                        
2000d937  init_ds2401                               
2000d9b9  I2C_IF_Write                              
2000da6f  I2C_IF_Read                               
2000db2b  I2C_IF_ReadFrom                           
2000db75  I2C_IF_Open                               
2000dbbd  I2C_IF_Close                              
2000dbd5  InitTerm                                  
2000dbf3  Message                                   
2000dc15  ClearTerm                                 
2000dc1f  Error                                     
2000dc57  GetCmd                                    
2000dcfd  TrimSpace                                 
2000dd95  Report                                    
2000de55  init_ADXL345                              
2000dfc9  ADXL345_read_accdata                      
2000e0b9  init_HMC5883                              
2000e21f  HMC5883_read_magdata                      
2000e305  init_ITG3200                              
2000e453  ITG3200_read_gyrdata                      
2000e545  strtod                                    
2000e545  strtold                                   
2000e77d  __aeabi_uldivmod                          
2000e971  atan2                                     
2000e971  atan2l                                    
2000eb45  SD_on                                     
2000eb53  SD_off                                    
2000eb61  init_SD_card                              
2000eb89  SD_write_file                             
2000ed0d  __aeabi_dsub                              
2000ed17  __aeabi_dadd                              
2000eec3  _system_post_cinit                        
2000ef45  Timer_IF_Init                             
2000ef77  Timer_IF_IntSetup                         
2000efc3  Timer_IF_InterruptClear                   
2000efdb  Timer_IF_Start                            
2000effb  Timer_IF_Stop                             
2000f00b  Timer_IF_DeInit                           
2000f025  Timer_IF_ReLoad                           
2000f03d  Timer_IF_GetCount                         
2000f05d  PRCMCC3200MCUInit                         
2000f1d5  sqrt                                      
2000f1d5  sqrtl                                     
2000f345  PinMuxConfig                              
2000f4ad  __kernel_sin                              
2000f615  __kernel_cos                              
2000f775  __aeabi_ddiv                              
2000f8ab  __aeabi_dmul                              
2000f9a9  floor                                     
2000f9a9  floorl                                    
2000fa9d  ldexp                                     
2000fa9d  ldexpl                                    
2000fa9d  scalbn                                    
2000fa9d  scalbnl                                   
2000fb6d  IntDisable                                
2000fc15  IntEnable                                 
2000fcbd  __aeabi_memcpy                            
2000fcbd  __aeabi_memcpy4                           
2000fcbd  __aeabi_memcpy8                           
2000fcbd  memcpy                                    
2000fd59  PRCMPeripheralClockGet                    
2000fded  PinConfigSet                              
2000fe75  vsnprintf                                 
2000fefd  __aeabi_cdcmpeq                           
2000fefd  __aeabi_cdcmple                           
2000ff83  __aeabi_cdrcmple                          
20010009  I2CMasterInitExpClk                       
2001008d  SDHostInit                                
20010109  __aeabi_memclr                            
20010109  __aeabi_memclr4                           
20010109  __aeabi_memclr8                           
2001010b  __aeabi_memset                            
2001010b  __aeabi_memset4                           
2001010b  __aeabi_memset8                           
20010111  memset                                    
20010183  UARTConfigSetExpClk                       
200101f9  TimerIntRegister                          
20010269  __TI_auto_init                            
20010345  TimerIntUnregister                        
200103ad  SDHostSetExpClk                           
20010415  sprintf                                   
20010475  frexp                                     
20010475  frexpl                                    
200104d1  PRCMPeripheralReset                       
20010529  ltoa                                      
20010581  IntPrioritySet                            
200105d5  C$$EXIT                                   
200105d9  abort                                     
200105e1  exit                                      
20010629  atoi                                      
20010675  copy_in                                   
200106c1  __aeabi_d2iz                              
20010709  TimerConfigure                            
20010791  PinModeSet                                
200107d1  _c_int00                                  
20010811  strtok                                    
20010851  SDHostCmdSend                             
20010891  PRCMPeripheralClkEnable                   
200108cd  PinDirModeSet                             
20010909  GPIODirModeSet                            
2001093f  SDHostRespGet                             
20010975  UARTDisable                               
200109a5  strncpy                                   
200109d5  __aeabi_i2d                               
20010a03  I2CMasterErr                              
20010a31  PRCMSysResetCauseGet                      
20010a5d  SDHostIntStatus                           
20010a89  init_i2c                                  
20010ab5  TimerLoadSet                              
20010adf  TimerPrescaleSet                          
20010b09  strspn                                    
20010b35  PRCMPeripheralClkDisable                  
20010b5d  SDHostBlockSizeSet                        
20010b85  SDHostBlockCountSet                       
20010bad  IntUnregister                             
20010bd1  SDHostIntClear                            
20010bf5  UARTEnable                                
20010c19  memmove                                   
20010c3d  strcspn                                   
20010c61  I2CMasterSlaveAddrSet                     
20010c83  SDHostCmdReset                            
20010ca5  GPIOPinWrite                              
20010cc5  IntRegister                               
20010ce5  SDHostDataRead                            
20010d05  __aeabi_ui2d                              
20010d25  I2CMasterIntStatusEx                      
20010d43  SDHostDataWrite                           
20010d61  TimerDisable                              
20010d7f  TimerEnable                               
20010d9d  TimerIntStatus                            
20010dbb  UARTCharPut                               
20010dd9  UARTIntRegister                           
20010df7  UARTIntStatus                             
20010e15  PinTypeI2C                                
20010e31  TimerValueGet                             
20010e4d  UARTCharGetNonBlocking                    
20010e69  BoardInit                                 
20010e85  memccpy                                   
20010ea1  PinTypeSDHost                             
20010ebb  PinTypeUART                               
20010ed5  GPIOPinRead                               
20010eed  I2CMasterBusy                             
20010f05  TimerIntDisable                           
20010f1d  TimerIntEnable                            
20010f35  UARTCharsAvail                            
20010f4d  UARTFIFOLevelSet                          
20010f65  UARTIntDisable                            
20010f7d  UARTIntEnable                             
20010f95  _args_main                                
20010fad  I2CMasterDataPut                          
20010fc3  I2CMasterEnable                           
20010fd9  PRCMHIBRegRead                            
20010fef  PRCMHIBRegWrite                           
20011005  UARTCharGet                               
2001101b  UARTFIFOEnable                            
20011031  strchr                                    
20011047  CPUcpsie                                  
2001105d  IntVTableBaseSet                          
20011071  _register_unlock                          
20011077  _register_lock                            
2001107f  _nop                                      
20011085  strcpy                                    
20011099  strlen                                    
200110ad  I2CMasterControl                          
200110bf  I2CMasterIntClearEx                       
200110d1  I2CMasterTimeoutSet                       
200110e3  TimerIntClear                             
200110f5  UARTIntClear                              
20011107  ResetISR                                  
20011117  I2CMasterDataGet                          
20011125  __TI_decompress_none                      
20011133  IntMasterEnable                           
2001113d  copysign                                  
2001113d  copysignl                                 
20011145  UtilsDelay                                
2001114b  __TI_decompress_rle24                     
20011151  atof                                      
20011157  _system_pre_init                          
200112b8  _ctypes_                                  
20011960  __TI_static_base__                        
20011aec  __TI_Handler_Table_Base                   
20011af4  __TI_CINIT_Base                           
20011af4  __TI_Handler_Table_Limit                  
20011b04  __TI_CINIT_Limit                          
20017000  _sys_memory                               
2001f100  static_NMEA_msg                           
2001f14c  Xmcal                                     
2001f14e  Ymcal                                     
2001f150  Zmcal                                     
2001f154  Xmoff                                     
2001f158  Ymoff                                     
2001f15c  Zmoff                                     
2001f160  Xmax                                      
2001f164  Ymax                                      
2001f168  Zmax                                      
2001f16c  Xmin                                      
2001f170  Ymin                                      
2001f174  Zmin                                      
2001f190  __TI_cleanup_ptr                          
2001f194  __TI_dtors_ptr                            
2001f198  __TI_enable_exit_profile_output           
2001f1a8  _lock                                     
2001f1ac  _unlock                                   
2001f1b0  errno                                     
2001f1b4  main_func_sp                              
2001f1bc  NMEA_msg                                  
2001f234  nav_posecef_msg                           
2001f250  nav_status_msg                            
2001f268  ack_msg                                   
2001f27c  UART_STATUS                               
2001f280  boot_time                                 
2001f284  fixOk                                     
2001f288  new_ack_msg                               
2001f28c  new_fix_msg                               
2001f290  new_gps_msg                               
2001f294  new_nav_msg                               
2002faec  __stack                                   
2002fffe  __STACK_END                               
ffffffff  __TI_pprof_out_hndl                       
ffffffff  __TI_prof_data_size                       
ffffffff  __TI_prof_data_start                      
ffffffff  __binit__                                 
ffffffff  __c_args__                                
ffffffff  binit                                     
UNDEFED   SHT$$INIT_ARRAY$$Base                     
UNDEFED   SHT$$INIT_ARRAY$$Limit                    

[323 symbols]
