<?xml version="1.0"?>
<link_info>
   <banner>TI ARM Linker PC v15.12.3.LTS</banner>
   <copyright>Copyright (c) 1996-2015 Texas Instruments Incorporated</copyright>
   <link_time>0x587bf2f3</link_time>
   <link_errors>0x0</link_errors>
   <output_file>GPS-INS-NAV.out</output_file>
   <entry_point>
      <name>_c_int00</name>
      <address>0x2000f0c1</address>
   </entry_point>
   <input_file_list>
      <input_file id="fl-2">
         <path>.\</path>
         <kind>object</kind>
         <file>infrastructure.obj</file>
         <name>infrastructure.obj</name>
      </input_file>
      <input_file id="fl-3">
         <path>.\</path>
         <kind>object</kind>
         <file>main.obj</file>
         <name>main.obj</name>
      </input_file>
      <input_file id="fl-4">
         <path>.\INS\</path>
         <kind>object</kind>
         <file>INS.obj</file>
         <name>INS.obj</name>
      </input_file>
      <input_file id="fl-5">
         <path>.\INS\</path>
         <kind>object</kind>
         <file>kalman_filter.obj</file>
         <name>kalman_filter.obj</name>
      </input_file>
      <input_file id="fl-6">
         <path>.\INS\</path>
         <kind>object</kind>
         <file>matrix_manipulation.obj</file>
         <name>matrix_manipulation.obj</name>
      </input_file>
      <input_file id="fl-7">
         <path>.\Sensors\</path>
         <kind>object</kind>
         <file>ADXL345.obj</file>
         <name>ADXL345.obj</name>
      </input_file>
      <input_file id="fl-8">
         <path>.\Sensors\</path>
         <kind>object</kind>
         <file>GPS.obj</file>
         <name>GPS.obj</name>
      </input_file>
      <input_file id="fl-9">
         <path>.\Sensors\</path>
         <kind>object</kind>
         <file>HMC5883.obj</file>
         <name>HMC5883.obj</name>
      </input_file>
      <input_file id="fl-a">
         <path>.\Sensors\</path>
         <kind>object</kind>
         <file>ITG3200.obj</file>
         <name>ITG3200.obj</name>
      </input_file>
      <input_file id="fl-b">
         <path>.\Sensors\</path>
         <kind>object</kind>
         <file>MPL115A2.obj</file>
         <name>MPL115A2.obj</name>
      </input_file>
      <input_file id="fl-c">
         <path>.\board\</path>
         <kind>object</kind>
         <file>DS2401.obj</file>
         <name>DS2401.obj</name>
      </input_file>
      <input_file id="fl-d">
         <path>.\board\</path>
         <kind>object</kind>
         <file>SD_card.obj</file>
         <name>SD_card.obj</name>
      </input_file>
      <input_file id="fl-e">
         <path>.\board\</path>
         <kind>object</kind>
         <file>board.obj</file>
         <name>board.obj</name>
      </input_file>
      <input_file id="fl-f">
         <path>.\board\</path>
         <kind>object</kind>
         <file>pinmux.obj</file>
         <name>pinmux.obj</name>
      </input_file>
      <input_file id="fl-10">
         <path>.\common\</path>
         <kind>object</kind>
         <file>button_if.obj</file>
         <name>button_if.obj</name>
      </input_file>
      <input_file id="fl-11">
         <path>.\common\</path>
         <kind>object</kind>
         <file>gpio_if.obj</file>
         <name>gpio_if.obj</name>
      </input_file>
      <input_file id="fl-12">
         <path>.\common\</path>
         <kind>object</kind>
         <file>i2c_if.obj</file>
         <name>i2c_if.obj</name>
      </input_file>
      <input_file id="fl-13">
         <path>.\common\</path>
         <kind>object</kind>
         <file>i2s_if.obj</file>
         <name>i2s_if.obj</name>
      </input_file>
      <input_file id="fl-14">
         <path>.\common\</path>
         <kind>object</kind>
         <file>network_common.obj</file>
         <name>network_common.obj</name>
      </input_file>
      <input_file id="fl-15">
         <path>.\common\</path>
         <kind>object</kind>
         <file>network_if.obj</file>
         <name>network_if.obj</name>
      </input_file>
      <input_file id="fl-16">
         <path>.\common\</path>
         <kind>object</kind>
         <file>startup_ccs.obj</file>
         <name>startup_ccs.obj</name>
      </input_file>
      <input_file id="fl-17">
         <path>.\common\</path>
         <kind>object</kind>
         <file>timer_if.obj</file>
         <name>timer_if.obj</name>
      </input_file>
      <input_file id="fl-18">
         <path>.\common\</path>
         <kind>object</kind>
         <file>uart_if.obj</file>
         <name>uart_if.obj</name>
      </input_file>
      <input_file id="fl-19">
         <path>.\common\</path>
         <kind>object</kind>
         <file>utils_if.obj</file>
         <name>utils_if.obj</name>
      </input_file>
      <input_file id="fl-1a">
         <path>.\common\</path>
         <kind>object</kind>
         <file>wdt_if.obj</file>
         <name>wdt_if.obj</name>
      </input_file>
      <input_file id="fl-1b">
         <path>.\interfaces\</path>
         <kind>object</kind>
         <file>diskio.obj</file>
         <name>diskio.obj</name>
      </input_file>
      <input_file id="fl-1c">
         <path>.\interfaces\</path>
         <kind>object</kind>
         <file>terninal.obj</file>
         <name>terninal.obj</name>
      </input_file>
      <input_file id="fl-da">
         <path>C:\TI\ccsv6\tools\compiler\arm_15.12.3.LTS\lib\</path>
         <kind>archive</kind>
         <file>rtsv7M4_T_le_eabi.lib</file>
         <name>boot.obj</name>
      </input_file>
      <input_file id="fl-db">
         <path>C:\TI\ccsv6\tools\compiler\arm_15.12.3.LTS\lib\</path>
         <kind>archive</kind>
         <file>rtsv7M4_T_le_eabi.lib</file>
         <name>copy_decompress_none.obj</name>
      </input_file>
      <input_file id="fl-dc">
         <path>C:\TI\ccsv6\tools\compiler\arm_15.12.3.LTS\lib\</path>
         <kind>archive</kind>
         <file>rtsv7M4_T_le_eabi.lib</file>
         <name>copy_decompress_rle.obj</name>
      </input_file>
      <input_file id="fl-dd">
         <path>C:\TI\ccsv6\tools\compiler\arm_15.12.3.LTS\lib\</path>
         <kind>archive</kind>
         <file>rtsv7M4_T_le_eabi.lib</file>
         <name>copy_zero_init.obj</name>
      </input_file>
      <input_file id="fl-de">
         <path>C:\TI\ccsv6\tools\compiler\arm_15.12.3.LTS\lib\</path>
         <kind>archive</kind>
         <file>rtsv7M4_T_le_eabi.lib</file>
         <name>e_atan2.obj</name>
      </input_file>
      <input_file id="fl-df">
         <path>C:\TI\ccsv6\tools\compiler\arm_15.12.3.LTS\lib\</path>
         <kind>archive</kind>
         <file>rtsv7M4_T_le_eabi.lib</file>
         <name>e_pow.obj</name>
      </input_file>
      <input_file id="fl-e0">
         <path>C:\TI\ccsv6\tools\compiler\arm_15.12.3.LTS\lib\</path>
         <kind>archive</kind>
         <file>rtsv7M4_T_le_eabi.lib</file>
         <name>e_sqrt.obj</name>
      </input_file>
      <input_file id="fl-e1">
         <path>C:\TI\ccsv6\tools\compiler\arm_15.12.3.LTS\lib\</path>
         <kind>archive</kind>
         <file>rtsv7M4_T_le_eabi.lib</file>
         <name>errno.obj</name>
      </input_file>
      <input_file id="fl-e2">
         <path>C:\TI\ccsv6\tools\compiler\arm_15.12.3.LTS\lib\</path>
         <kind>archive</kind>
         <file>rtsv7M4_T_le_eabi.lib</file>
         <name>exit.obj</name>
      </input_file>
      <input_file id="fl-e3">
         <path>C:\TI\ccsv6\tools\compiler\arm_15.12.3.LTS\lib\</path>
         <kind>archive</kind>
         <file>rtsv7M4_T_le_eabi.lib</file>
         <name>fd_add_t2.obj</name>
      </input_file>
      <input_file id="fl-e4">
         <path>C:\TI\ccsv6\tools\compiler\arm_15.12.3.LTS\lib\</path>
         <kind>archive</kind>
         <file>rtsv7M4_T_le_eabi.lib</file>
         <name>fd_cmp_t2.obj</name>
      </input_file>
      <input_file id="fl-e5">
         <path>C:\TI\ccsv6\tools\compiler\arm_15.12.3.LTS\lib\</path>
         <kind>archive</kind>
         <file>rtsv7M4_T_le_eabi.lib</file>
         <name>fd_div_t2.obj</name>
      </input_file>
      <input_file id="fl-e6">
         <path>C:\TI\ccsv6\tools\compiler\arm_15.12.3.LTS\lib\</path>
         <kind>archive</kind>
         <file>rtsv7M4_T_le_eabi.lib</file>
         <name>fd_mul_t2.obj</name>
      </input_file>
      <input_file id="fl-e7">
         <path>C:\TI\ccsv6\tools\compiler\arm_15.12.3.LTS\lib\</path>
         <kind>archive</kind>
         <file>rtsv7M4_T_le_eabi.lib</file>
         <name>fd_toi_t2.obj</name>
      </input_file>
      <input_file id="fl-e8">
         <path>C:\TI\ccsv6\tools\compiler\arm_15.12.3.LTS\lib\</path>
         <kind>archive</kind>
         <file>rtsv7M4_T_le_eabi.lib</file>
         <name>fd_tos_t2.obj</name>
      </input_file>
      <input_file id="fl-e9">
         <path>C:\TI\ccsv6\tools\compiler\arm_15.12.3.LTS\lib\</path>
         <kind>archive</kind>
         <file>rtsv7M4_T_le_eabi.lib</file>
         <name>fs_add_t2.obj</name>
      </input_file>
      <input_file id="fl-ea">
         <path>C:\TI\ccsv6\tools\compiler\arm_15.12.3.LTS\lib\</path>
         <kind>archive</kind>
         <file>rtsv7M4_T_le_eabi.lib</file>
         <name>fs_cmp_t2.obj</name>
      </input_file>
      <input_file id="fl-eb">
         <path>C:\TI\ccsv6\tools\compiler\arm_15.12.3.LTS\lib\</path>
         <kind>archive</kind>
         <file>rtsv7M4_T_le_eabi.lib</file>
         <name>fs_div_t2.obj</name>
      </input_file>
      <input_file id="fl-ec">
         <path>C:\TI\ccsv6\tools\compiler\arm_15.12.3.LTS\lib\</path>
         <kind>archive</kind>
         <file>rtsv7M4_T_le_eabi.lib</file>
         <name>fs_tod_t2.obj</name>
      </input_file>
      <input_file id="fl-ed">
         <path>C:\TI\ccsv6\tools\compiler\arm_15.12.3.LTS\lib\</path>
         <kind>archive</kind>
         <file>rtsv7M4_T_le_eabi.lib</file>
         <name>i_tofd_t2.obj</name>
      </input_file>
      <input_file id="fl-ee">
         <path>C:\TI\ccsv6\tools\compiler\arm_15.12.3.LTS\lib\</path>
         <kind>archive</kind>
         <file>rtsv7M4_T_le_eabi.lib</file>
         <name>i_tofs_t2.obj</name>
      </input_file>
      <input_file id="fl-ef">
         <path>C:\TI\ccsv6\tools\compiler\arm_15.12.3.LTS\lib\</path>
         <kind>archive</kind>
         <file>rtsv7M4_T_le_eabi.lib</file>
         <name>memcpy_t2.obj</name>
      </input_file>
      <input_file id="fl-f0">
         <path>C:\TI\ccsv6\tools\compiler\arm_15.12.3.LTS\lib\</path>
         <kind>archive</kind>
         <file>rtsv7M4_T_le_eabi.lib</file>
         <name>memmov.obj</name>
      </input_file>
      <input_file id="fl-f1">
         <path>C:\TI\ccsv6\tools\compiler\arm_15.12.3.LTS\lib\</path>
         <kind>archive</kind>
         <file>rtsv7M4_T_le_eabi.lib</file>
         <name>memory.obj</name>
      </input_file>
      <input_file id="fl-f2">
         <path>C:\TI\ccsv6\tools\compiler\arm_15.12.3.LTS\lib\</path>
         <kind>archive</kind>
         <file>rtsv7M4_T_le_eabi.lib</file>
         <name>memset_t2.obj</name>
      </input_file>
      <input_file id="fl-f3">
         <path>C:\TI\ccsv6\tools\compiler\arm_15.12.3.LTS\lib\</path>
         <kind>archive</kind>
         <file>rtsv7M4_T_le_eabi.lib</file>
         <name>mpu_init.obj</name>
      </input_file>
      <input_file id="fl-f4">
         <path>C:\TI\ccsv6\tools\compiler\arm_15.12.3.LTS\lib\</path>
         <kind>archive</kind>
         <file>rtsv7M4_T_le_eabi.lib</file>
         <name>pre_init.obj</name>
      </input_file>
      <input_file id="fl-f5">
         <path>C:\TI\ccsv6\tools\compiler\arm_15.12.3.LTS\lib\</path>
         <kind>archive</kind>
         <file>rtsv7M4_T_le_eabi.lib</file>
         <name>s_atan.obj</name>
      </input_file>
      <input_file id="fl-f6">
         <path>C:\TI\ccsv6\tools\compiler\arm_15.12.3.LTS\lib\</path>
         <kind>archive</kind>
         <file>rtsv7M4_T_le_eabi.lib</file>
         <name>s_cos.obj</name>
      </input_file>
      <input_file id="fl-f7">
         <path>C:\TI\ccsv6\tools\compiler\arm_15.12.3.LTS\lib\</path>
         <kind>archive</kind>
         <file>rtsv7M4_T_le_eabi.lib</file>
         <name>s_scalbn.obj</name>
      </input_file>
      <input_file id="fl-f8">
         <path>C:\TI\ccsv6\tools\compiler\arm_15.12.3.LTS\lib\</path>
         <kind>archive</kind>
         <file>rtsv7M4_T_le_eabi.lib</file>
         <name>s_sin.obj</name>
      </input_file>
      <input_file id="fl-f9">
         <path>C:\TI\ccsv6\tools\compiler\arm_15.12.3.LTS\lib\</path>
         <kind>archive</kind>
         <file>rtsv7M4_T_le_eabi.lib</file>
         <name>sprintf.obj</name>
      </input_file>
      <input_file id="fl-fa">
         <path>C:\TI\ccsv6\tools\compiler\arm_15.12.3.LTS\lib\</path>
         <kind>archive</kind>
         <file>rtsv7M4_T_le_eabi.lib</file>
         <name>stkdepth_vars.obj</name>
      </input_file>
      <input_file id="fl-fb">
         <path>C:\TI\ccsv6\tools\compiler\arm_15.12.3.LTS\lib\</path>
         <kind>archive</kind>
         <file>rtsv7M4_T_le_eabi.lib</file>
         <name>strlen.obj</name>
      </input_file>
      <input_file id="fl-fc">
         <path>C:\TI\ccsv6\tools\compiler\arm_15.12.3.LTS\lib\</path>
         <kind>archive</kind>
         <file>rtsv7M4_T_le_eabi.lib</file>
         <name>strncpy.obj</name>
      </input_file>
      <input_file id="fl-fd">
         <path>C:\TI\ccsv6\tools\compiler\arm_15.12.3.LTS\lib\</path>
         <kind>archive</kind>
         <file>rtsv7M4_T_le_eabi.lib</file>
         <name>u_tofd_t2.obj</name>
      </input_file>
      <input_file id="fl-fe">
         <path>C:\TI\ccsv6\tools\compiler\arm_15.12.3.LTS\lib\</path>
         <kind>archive</kind>
         <file>rtsv7M4_T_le_eabi.lib</file>
         <name>vsnprintf.obj</name>
      </input_file>
      <input_file id="fl-ff">
         <path>C:\TI\ccsv6\tools\compiler\arm_15.12.3.LTS\lib\</path>
         <kind>archive</kind>
         <file>rtsv7M4_T_le_eabi.lib</file>
         <name>_lock.obj</name>
      </input_file>
      <input_file id="fl-100">
         <path>C:\TI\ccsv6\tools\compiler\arm_15.12.3.LTS\lib\</path>
         <kind>archive</kind>
         <file>rtsv7M4_T_le_eabi.lib</file>
         <name>_printfi.obj</name>
      </input_file>
      <input_file id="fl-101">
         <path>C:\TI\ccsv6\tools\compiler\arm_15.12.3.LTS\lib\</path>
         <kind>archive</kind>
         <file>rtsv7M4_T_le_eabi.lib</file>
         <name>args_main.obj</name>
      </input_file>
      <input_file id="fl-102">
         <path>C:\TI\ccsv6\tools\compiler\arm_15.12.3.LTS\lib\</path>
         <kind>archive</kind>
         <file>rtsv7M4_T_le_eabi.lib</file>
         <name>atoi.obj</name>
      </input_file>
      <input_file id="fl-103">
         <path>C:\TI\ccsv6\tools\compiler\arm_15.12.3.LTS\lib\</path>
         <kind>archive</kind>
         <file>rtsv7M4_T_le_eabi.lib</file>
         <name>autoinit.obj</name>
      </input_file>
      <input_file id="fl-104">
         <path>C:\TI\ccsv6\tools\compiler\arm_15.12.3.LTS\lib\</path>
         <kind>archive</kind>
         <file>rtsv7M4_T_le_eabi.lib</file>
         <name>cpy_tbl.obj</name>
      </input_file>
      <input_file id="fl-105">
         <path>C:\TI\ccsv6\tools\compiler\arm_15.12.3.LTS\lib\</path>
         <kind>archive</kind>
         <file>rtsv7M4_T_le_eabi.lib</file>
         <name>ctype.obj</name>
      </input_file>
      <input_file id="fl-106">
         <path>C:\TI\ccsv6\tools\compiler\arm_15.12.3.LTS\lib\</path>
         <kind>archive</kind>
         <file>rtsv7M4_T_le_eabi.lib</file>
         <name>k_cos.obj</name>
      </input_file>
      <input_file id="fl-107">
         <path>C:\TI\ccsv6\tools\compiler\arm_15.12.3.LTS\lib\</path>
         <kind>archive</kind>
         <file>rtsv7M4_T_le_eabi.lib</file>
         <name>k_rem_pio2.obj</name>
      </input_file>
      <input_file id="fl-108">
         <path>C:\TI\ccsv6\tools\compiler\arm_15.12.3.LTS\lib\</path>
         <kind>archive</kind>
         <file>rtsv7M4_T_le_eabi.lib</file>
         <name>k_sin.obj</name>
      </input_file>
      <input_file id="fl-109">
         <path>C:\TI\ccsv6\tools\compiler\arm_15.12.3.LTS\lib\</path>
         <kind>archive</kind>
         <file>rtsv7M4_T_le_eabi.lib</file>
         <name>ltoa.obj</name>
      </input_file>
      <input_file id="fl-10a">
         <path>C:\TI\ccsv6\tools\compiler\arm_15.12.3.LTS\lib\</path>
         <kind>archive</kind>
         <file>rtsv7M4_T_le_eabi.lib</file>
         <name>memccpy.obj</name>
      </input_file>
      <input_file id="fl-10b">
         <path>C:\TI\ccsv6\tools\compiler\arm_15.12.3.LTS\lib\</path>
         <kind>archive</kind>
         <file>rtsv7M4_T_le_eabi.lib</file>
         <name>s_copysign.obj</name>
      </input_file>
      <input_file id="fl-10c">
         <path>C:\TI\ccsv6\tools\compiler\arm_15.12.3.LTS\lib\</path>
         <kind>archive</kind>
         <file>rtsv7M4_T_le_eabi.lib</file>
         <name>s_floor.obj</name>
      </input_file>
      <input_file id="fl-10d">
         <path>C:\TI\ccsv6\tools\compiler\arm_15.12.3.LTS\lib\</path>
         <kind>archive</kind>
         <file>rtsv7M4_T_le_eabi.lib</file>
         <name>s_frexp.obj</name>
      </input_file>
      <input_file id="fl-10e">
         <path>C:\TI\ccsv6\tools\compiler\arm_15.12.3.LTS\lib\</path>
         <kind>archive</kind>
         <file>rtsv7M4_T_le_eabi.lib</file>
         <name>startup.obj</name>
      </input_file>
      <input_file id="fl-10f">
         <path>C:\TI\ccsv6\tools\compiler\arm_15.12.3.LTS\lib\</path>
         <kind>archive</kind>
         <file>rtsv7M4_T_le_eabi.lib</file>
         <name>strchr.obj</name>
      </input_file>
      <input_file id="fl-110">
         <path>C:\TI\ccsv6\tools\compiler\arm_15.12.3.LTS\lib\</path>
         <kind>archive</kind>
         <file>rtsv7M4_T_le_eabi.lib</file>
         <name>ull_div_t2.obj</name>
      </input_file>
      <input_file id="fl-111">
         <path>C:\TI\CC3200SDK_1.2.0\cc3200-sdk\simplelink\ccs\NON_OS\</path>
         <kind>archive</kind>
         <file>simplelink.a</file>
         <name>device.obj</name>
      </input_file>
      <input_file id="fl-112">
         <path>C:\TI\CC3200SDK_1.2.0\cc3200-sdk\simplelink\ccs\NON_OS\</path>
         <kind>archive</kind>
         <file>simplelink.a</file>
         <name>driver.obj</name>
      </input_file>
      <input_file id="fl-113">
         <path>C:\TI\CC3200SDK_1.2.0\cc3200-sdk\simplelink\ccs\NON_OS\</path>
         <kind>archive</kind>
         <file>simplelink.a</file>
         <name>netapp.obj</name>
      </input_file>
      <input_file id="fl-114">
         <path>C:\TI\CC3200SDK_1.2.0\cc3200-sdk\simplelink\ccs\NON_OS\</path>
         <kind>archive</kind>
         <file>simplelink.a</file>
         <name>netcfg.obj</name>
      </input_file>
      <input_file id="fl-115">
         <path>C:\TI\CC3200SDK_1.2.0\cc3200-sdk\simplelink\ccs\NON_OS\</path>
         <kind>archive</kind>
         <file>simplelink.a</file>
         <name>nonos.obj</name>
      </input_file>
      <input_file id="fl-116">
         <path>C:\TI\CC3200SDK_1.2.0\cc3200-sdk\simplelink\ccs\NON_OS\</path>
         <kind>archive</kind>
         <file>simplelink.a</file>
         <name>socket.obj</name>
      </input_file>
      <input_file id="fl-117">
         <path>C:\TI\CC3200SDK_1.2.0\cc3200-sdk\simplelink\ccs\NON_OS\</path>
         <kind>archive</kind>
         <file>simplelink.a</file>
         <name>wlan.obj</name>
      </input_file>
      <input_file id="fl-118">
         <path>C:\TI\CC3200SDK_1.2.0\cc3200-sdk\simplelink\ccs\NON_OS\</path>
         <kind>archive</kind>
         <file>simplelink.a</file>
         <name>cc_pal.obj</name>
      </input_file>
      <input_file id="fl-119">
         <path>D:\workspace\fatfs\Release\</path>
         <kind>archive</kind>
         <file>fatfs.a</file>
         <name>ff.obj</name>
      </input_file>
      <input_file id="fl-11a">
         <path>C:\TI\CC3200SDK_1.2.0\cc3200-sdk\driverlib\ccs\Release\</path>
         <kind>archive</kind>
         <file>driverlib.a</file>
         <name>gpio.obj</name>
      </input_file>
      <input_file id="fl-11b">
         <path>C:\TI\CC3200SDK_1.2.0\cc3200-sdk\driverlib\ccs\Release\</path>
         <kind>archive</kind>
         <file>driverlib.a</file>
         <name>hwspinlock.obj</name>
      </input_file>
      <input_file id="fl-11c">
         <path>C:\TI\CC3200SDK_1.2.0\cc3200-sdk\driverlib\ccs\Release\</path>
         <kind>archive</kind>
         <file>driverlib.a</file>
         <name>i2c.obj</name>
      </input_file>
      <input_file id="fl-11d">
         <path>C:\TI\CC3200SDK_1.2.0\cc3200-sdk\driverlib\ccs\Release\</path>
         <kind>archive</kind>
         <file>driverlib.a</file>
         <name>i2s.obj</name>
      </input_file>
      <input_file id="fl-11e">
         <path>C:\TI\CC3200SDK_1.2.0\cc3200-sdk\driverlib\ccs\Release\</path>
         <kind>archive</kind>
         <file>driverlib.a</file>
         <name>interrupt.obj</name>
      </input_file>
      <input_file id="fl-11f">
         <path>C:\TI\CC3200SDK_1.2.0\cc3200-sdk\driverlib\ccs\Release\</path>
         <kind>archive</kind>
         <file>driverlib.a</file>
         <name>pin.obj</name>
      </input_file>
      <input_file id="fl-120">
         <path>C:\TI\CC3200SDK_1.2.0\cc3200-sdk\driverlib\ccs\Release\</path>
         <kind>archive</kind>
         <file>driverlib.a</file>
         <name>prcm.obj</name>
      </input_file>
      <input_file id="fl-121">
         <path>C:\TI\CC3200SDK_1.2.0\cc3200-sdk\driverlib\ccs\Release\</path>
         <kind>archive</kind>
         <file>driverlib.a</file>
         <name>sdhost.obj</name>
      </input_file>
      <input_file id="fl-122">
         <path>C:\TI\CC3200SDK_1.2.0\cc3200-sdk\driverlib\ccs\Release\</path>
         <kind>archive</kind>
         <file>driverlib.a</file>
         <name>spi.obj</name>
      </input_file>
      <input_file id="fl-123">
         <path>C:\TI\CC3200SDK_1.2.0\cc3200-sdk\driverlib\ccs\Release\</path>
         <kind>archive</kind>
         <file>driverlib.a</file>
         <name>timer.obj</name>
      </input_file>
      <input_file id="fl-124">
         <path>C:\TI\CC3200SDK_1.2.0\cc3200-sdk\driverlib\ccs\Release\</path>
         <kind>archive</kind>
         <file>driverlib.a</file>
         <name>uart.obj</name>
      </input_file>
      <input_file id="fl-125">
         <path>C:\TI\CC3200SDK_1.2.0\cc3200-sdk\driverlib\ccs\Release\</path>
         <kind>archive</kind>
         <file>driverlib.a</file>
         <name>udma.obj</name>
      </input_file>
      <input_file id="fl-126">
         <path>C:\TI\CC3200SDK_1.2.0\cc3200-sdk\driverlib\ccs\Release\</path>
         <kind>archive</kind>
         <file>driverlib.a</file>
         <name>utils.obj</name>
      </input_file>
      <input_file id="fl-127">
         <path>C:\TI\CC3200SDK_1.2.0\cc3200-sdk\driverlib\ccs\Release\</path>
         <kind>archive</kind>
         <file>driverlib.a</file>
         <name>wdt.obj</name>
      </input_file>
      <input_file id="fl-128">
         <path>C:\TI\CC3200SDK_1.2.0\cc3200-sdk\driverlib\ccs\Release\</path>
         <kind>archive</kind>
         <file>driverlib.a</file>
         <name>cpu.obj</name>
      </input_file>
      <input_file id="fl-129">
         <path>C:\TI\CC3200SDK_1.2.0\cc3200-sdk\driverlib\ccs\Release\</path>
         <kind>archive</kind>
         <file>driverlib.a</file>
         <name>flash.obj</name>
      </input_file>
   </input_file_list>
   <object_component_list>
      <object_component id="oc-f">
         <name>.intvecs</name>
         <load_address>0x20004000</load_address>
         <run_address>0x20004000</run_address>
         <size>0x400</size>
         <input_file_ref idref="fl-16"/>
      </object_component>
      <object_component id="oc-2ed">
         <name>.text</name>
         <load_address>0x20004400</load_address>
         <run_address>0x20004400</run_address>
         <size>0x2ad6</size>
         <input_file_ref idref="fl-119"/>
      </object_component>
      <object_component id="oc-589">
         <name>.text:IntDefaultHandler</name>
         <load_address>0x20006ed6</load_address>
         <run_address>0x20006ed6</run_address>
         <size>0x2</size>
         <input_file_ref idref="fl-11e"/>
      </object_component>
      <object_component id="oc-1bf">
         <name>.text</name>
         <load_address>0x20006ed8</load_address>
         <run_address>0x20006ed8</run_address>
         <size>0x10fc</size>
         <input_file_ref idref="fl-100"/>
      </object_component>
      <object_component id="oc-387">
         <name>.text</name>
         <load_address>0x20007fd4</load_address>
         <run_address>0x20007fd4</run_address>
         <size>0x9a4</size>
         <input_file_ref idref="fl-df"/>
      </object_component>
      <object_component id="oc-e0">
         <name>.text</name>
         <load_address>0x20008978</load_address>
         <run_address>0x20008978</run_address>
         <size>0x920</size>
         <input_file_ref idref="fl-4"/>
      </object_component>
      <object_component id="oc-367">
         <name>.text</name>
         <load_address>0x20009298</load_address>
         <run_address>0x20009298</run_address>
         <size>0x71c</size>
         <input_file_ref idref="fl-107"/>
      </object_component>
      <object_component id="oc-19e">
         <name>.text</name>
         <load_address>0x200099b4</load_address>
         <run_address>0x200099b4</run_address>
         <size>0x5c4</size>
         <input_file_ref idref="fl-f8"/>
      </object_component>
      <object_component id="oc-1a4">
         <name>.text</name>
         <load_address>0x20009f78</load_address>
         <run_address>0x20009f78</run_address>
         <size>0x5c0</size>
         <input_file_ref idref="fl-f6"/>
      </object_component>
      <object_component id="oc-1b3">
         <name>.text</name>
         <load_address>0x2000a538</load_address>
         <run_address>0x2000a538</run_address>
         <size>0x54e</size>
         <input_file_ref idref="fl-6"/>
      </object_component>
      <object_component id="oc-5b">
         <name>.text</name>
         <load_address>0x2000aa86</load_address>
         <run_address>0x2000aa86</run_address>
         <size>0x2</size>
         <input_file_ref idref="fl-f3"/>
      </object_component>
      <object_component id="oc-486">
         <name>.text</name>
         <load_address>0x2000aa88</load_address>
         <run_address>0x2000aa88</run_address>
         <size>0x4c0</size>
         <input_file_ref idref="fl-1b"/>
      </object_component>
      <object_component id="oc-299">
         <name>.text</name>
         <load_address>0x2000af48</load_address>
         <run_address>0x2000af48</run_address>
         <size>0x3dc</size>
         <input_file_ref idref="fl-f1"/>
      </object_component>
      <object_component id="oc-da">
         <name>.text</name>
         <load_address>0x2000b324</load_address>
         <run_address>0x2000b324</run_address>
         <size>0x32c</size>
         <input_file_ref idref="fl-2"/>
      </object_component>
      <object_component id="oc-1aa">
         <name>.text</name>
         <load_address>0x2000b650</load_address>
         <run_address>0x2000b650</run_address>
         <size>0x2ec</size>
         <input_file_ref idref="fl-f5"/>
      </object_component>
      <object_component id="oc-15a">
         <name>.text</name>
         <load_address>0x2000b93c</load_address>
         <run_address>0x2000b93c</run_address>
         <size>0x2cc</size>
         <input_file_ref idref="fl-b"/>
      </object_component>
      <object_component id="oc-160">
         <name>.text</name>
         <load_address>0x2000bc08</load_address>
         <run_address>0x2000bc08</run_address>
         <size>0x2b4</size>
         <input_file_ref idref="fl-c"/>
      </object_component>
      <object_component id="oc-24a">
         <name>.text</name>
         <load_address>0x2000bebc</load_address>
         <run_address>0x2000bebc</run_address>
         <size>0x290</size>
         <input_file_ref idref="fl-12"/>
      </object_component>
      <object_component id="oc-14e">
         <name>.text</name>
         <load_address>0x2000c14c</load_address>
         <run_address>0x2000c14c</run_address>
         <size>0x280</size>
         <input_file_ref idref="fl-18"/>
      </object_component>
      <object_component id="oc-148">
         <name>.text</name>
         <load_address>0x2000c3cc</load_address>
         <run_address>0x2000c3cc</run_address>
         <size>0x264</size>
         <input_file_ref idref="fl-7"/>
      </object_component>
      <object_component id="oc-142">
         <name>.text</name>
         <load_address>0x2000c630</load_address>
         <run_address>0x2000c630</run_address>
         <size>0x24c</size>
         <input_file_ref idref="fl-9"/>
      </object_component>
      <object_component id="oc-154">
         <name>.text</name>
         <load_address>0x2000c87c</load_address>
         <run_address>0x2000c87c</run_address>
         <size>0x23c</size>
         <input_file_ref idref="fl-a"/>
      </object_component>
      <object_component id="oc-393">
         <name>.text</name>
         <load_address>0x2000cab8</load_address>
         <run_address>0x2000cab8</run_address>
         <size>0x1f4</size>
         <input_file_ref idref="fl-110"/>
      </object_component>
      <object_component id="oc-198">
         <name>.text</name>
         <load_address>0x2000ccac</load_address>
         <run_address>0x2000ccac</run_address>
         <size>0x1d4</size>
         <input_file_ref idref="fl-de"/>
      </object_component>
      <object_component id="oc-13c">
         <name>.text</name>
         <load_address>0x2000ce80</load_address>
         <run_address>0x2000ce80</run_address>
         <size>0x1c0</size>
         <input_file_ref idref="fl-f"/>
      </object_component>
      <object_component id="oc-ac">
         <name>.text</name>
         <load_address>0x2000d040</load_address>
         <run_address>0x2000d040</run_address>
         <size>0x1b8</size>
         <input_file_ref idref="fl-3"/>
      </object_component>
      <object_component id="oc-e6">
         <name>.text</name>
         <load_address>0x2000d1f8</load_address>
         <run_address>0x2000d1f8</run_address>
         <size>0x1b6</size>
         <input_file_ref idref="fl-e3"/>
      </object_component>
      <object_component id="oc-a4">
         <name>.text</name>
         <load_address>0x2000d3ae</load_address>
         <run_address>0x2000d3ae</run_address>
         <size>0x2</size>
         <input_file_ref idref="fl-10e"/>
      </object_component>
      <object_component id="oc-eb">
         <name>.text</name>
         <load_address>0x2000d3b0</load_address>
         <run_address>0x2000d3b0</run_address>
         <size>0x1a8</size>
         <input_file_ref idref="fl-5"/>
      </object_component>
      <object_component id="oc-17c">
         <name>.text</name>
         <load_address>0x2000d558</load_address>
         <run_address>0x2000d558</run_address>
         <size>0x198</size>
         <input_file_ref idref="fl-17"/>
      </object_component>
      <object_component id="oc-1e9">
         <name>.text:PRCMCC3200MCUInit</name>
         <load_address>0x2000d6f0</load_address>
         <run_address>0x2000d6f0</run_address>
         <size>0x178</size>
         <input_file_ref idref="fl-120"/>
      </object_component>
      <object_component id="oc-4dd">
         <name>.text</name>
         <load_address>0x2000d868</load_address>
         <run_address>0x2000d868</run_address>
         <size>0x170</size>
         <input_file_ref idref="fl-e0"/>
      </object_component>
      <object_component id="oc-35c">
         <name>.text</name>
         <load_address>0x2000d9d8</load_address>
         <run_address>0x2000d9d8</run_address>
         <size>0x168</size>
         <input_file_ref idref="fl-108"/>
      </object_component>
      <object_component id="oc-36d">
         <name>.text</name>
         <load_address>0x2000db40</load_address>
         <run_address>0x2000db40</run_address>
         <size>0x160</size>
         <input_file_ref idref="fl-106"/>
      </object_component>
      <object_component id="oc-177">
         <name>.text</name>
         <load_address>0x2000dca0</load_address>
         <run_address>0x2000dca0</run_address>
         <size>0x136</size>
         <input_file_ref idref="fl-e5"/>
      </object_component>
      <object_component id="oc-166">
         <name>.text</name>
         <load_address>0x2000ddd8</load_address>
         <run_address>0x2000ddd8</run_address>
         <size>0x108</size>
         <input_file_ref idref="fl-d"/>
      </object_component>
      <object_component id="oc-f1">
         <name>.text</name>
         <load_address>0x2000dee0</load_address>
         <run_address>0x2000dee0</run_address>
         <size>0xfc</size>
         <input_file_ref idref="fl-e6"/>
      </object_component>
      <object_component id="oc-2c4">
         <name>.text</name>
         <load_address>0x2000dfdc</load_address>
         <run_address>0x2000dfdc</run_address>
         <size>0xfa</size>
         <input_file_ref idref="fl-e9"/>
      </object_component>
      <object_component id="oc-4c0">
         <name>.text</name>
         <load_address>0x2000e0d8</load_address>
         <run_address>0x2000e0d8</run_address>
         <size>0xf4</size>
         <input_file_ref idref="fl-10c"/>
      </object_component>
      <object_component id="oc-3a4">
         <name>.text</name>
         <load_address>0x2000e1cc</load_address>
         <run_address>0x2000e1cc</run_address>
         <size>0xd0</size>
         <input_file_ref idref="fl-f7"/>
      </object_component>
      <object_component id="oc-4aa">
         <name>.text:IntDisable</name>
         <load_address>0x2000e29c</load_address>
         <run_address>0x2000e29c</run_address>
         <size>0xa8</size>
         <input_file_ref idref="fl-11e"/>
      </object_component>
      <object_component id="oc-1e3">
         <name>.text:IntEnable</name>
         <load_address>0x2000e344</load_address>
         <run_address>0x2000e344</run_address>
         <size>0xa8</size>
         <input_file_ref idref="fl-11e"/>
      </object_component>
      <object_component id="oc-36">
         <name>.text</name>
         <load_address>0x2000e3ec</load_address>
         <run_address>0x2000e3ec</run_address>
         <size>0x9c</size>
         <input_file_ref idref="fl-ef"/>
      </object_component>
      <object_component id="oc-21a">
         <name>.text:PRCMPeripheralClockGet</name>
         <load_address>0x2000e488</load_address>
         <run_address>0x2000e488</run_address>
         <size>0x94</size>
         <input_file_ref idref="fl-120"/>
      </object_component>
      <object_component id="oc-2bf">
         <name>.text</name>
         <load_address>0x2000e51c</load_address>
         <run_address>0x2000e51c</run_address>
         <size>0x92</size>
         <input_file_ref idref="fl-eb"/>
      </object_component>
      <object_component id="oc-20e">
         <name>.text:PinConfigSet</name>
         <load_address>0x2000e5b0</load_address>
         <run_address>0x2000e5b0</run_address>
         <size>0x88</size>
         <input_file_ref idref="fl-11f"/>
      </object_component>
      <object_component id="oc-27b">
         <name>.text</name>
         <load_address>0x2000e638</load_address>
         <run_address>0x2000e638</run_address>
         <size>0x88</size>
         <input_file_ref idref="fl-fe"/>
      </object_component>
      <object_component id="oc-362">
         <name>.text:__aeabi_cdcmple</name>
         <load_address>0x2000e6c0</load_address>
         <run_address>0x2000e6c0</run_address>
         <size>0x86</size>
         <input_file_ref idref="fl-e4"/>
      </object_component>
      <object_component id="oc-377">
         <name>.text:__aeabi_cdrcmple</name>
         <load_address>0x2000e746</load_address>
         <run_address>0x2000e746</run_address>
         <size>0x86</size>
         <input_file_ref idref="fl-e4"/>
      </object_component>
      <object_component id="oc-44b">
         <name>.text:I2CMasterInitExpClk</name>
         <load_address>0x2000e7cc</load_address>
         <run_address>0x2000e7cc</run_address>
         <size>0x84</size>
         <input_file_ref idref="fl-11c"/>
      </object_component>
      <object_component id="oc-2e1">
         <name>.text:SDHostInit</name>
         <load_address>0x2000e850</load_address>
         <run_address>0x2000e850</run_address>
         <size>0x7c</size>
         <input_file_ref idref="fl-121"/>
      </object_component>
      <object_component id="oc-4f">
         <name>.text</name>
         <load_address>0x2000e8cc</load_address>
         <run_address>0x2000e8cc</run_address>
         <size>0x7a</size>
         <input_file_ref idref="fl-f2"/>
      </object_component>
      <object_component id="oc-220">
         <name>.text:UARTConfigSetExpClk</name>
         <load_address>0x2000e946</load_address>
         <run_address>0x2000e946</run_address>
         <size>0x76</size>
         <input_file_ref idref="fl-124"/>
      </object_component>
      <object_component id="oc-30f">
         <name>.text:TimerIntRegister</name>
         <load_address>0x2000e9bc</load_address>
         <run_address>0x2000e9bc</run_address>
         <size>0x70</size>
         <input_file_ref idref="fl-123"/>
      </object_component>
      <object_component id="oc-67">
         <name>.text</name>
         <load_address>0x2000ea2c</load_address>
         <run_address>0x2000ea2c</run_address>
         <size>0x70</size>
         <input_file_ref idref="fl-103"/>
      </object_component>
      <object_component id="oc-2ab">
         <name>.text</name>
         <load_address>0x2000ea9c</load_address>
         <run_address>0x2000ea9c</run_address>
         <size>0x6e</size>
         <input_file_ref idref="fl-e8"/>
      </object_component>
      <object_component id="oc-42">
         <name>.text</name>
         <load_address>0x2000eb0a</load_address>
         <run_address>0x2000eb0a</run_address>
         <size>0x6a</size>
         <input_file_ref idref="fl-dc"/>
      </object_component>
      <object_component id="oc-33f">
         <name>.text:TimerIntUnregister</name>
         <load_address>0x2000eb74</load_address>
         <run_address>0x2000eb74</run_address>
         <size>0x68</size>
         <input_file_ref idref="fl-123"/>
      </object_component>
      <object_component id="oc-2e7">
         <name>.text:SDHostSetExpClk</name>
         <load_address>0x2000ebdc</load_address>
         <run_address>0x2000ebdc</run_address>
         <size>0x66</size>
         <input_file_ref idref="fl-121"/>
      </object_component>
      <object_component id="oc-2b0">
         <name>.text:__aeabi_cfcmple</name>
         <load_address>0x2000ec42</load_address>
         <run_address>0x2000ec42</run_address>
         <size>0x60</size>
         <input_file_ref idref="fl-ea"/>
      </object_component>
      <object_component id="oc-2b5">
         <name>.text:__aeabi_cfrcmple</name>
         <load_address>0x2000eca2</load_address>
         <run_address>0x2000eca2</run_address>
         <size>0x60</size>
         <input_file_ref idref="fl-ea"/>
      </object_component>
      <object_component id="oc-f6">
         <name>.text</name>
         <load_address>0x2000ed04</load_address>
         <run_address>0x2000ed04</run_address>
         <size>0x60</size>
         <input_file_ref idref="fl-f9"/>
      </object_component>
      <object_component id="oc-39e">
         <name>.text</name>
         <load_address>0x2000ed64</load_address>
         <run_address>0x2000ed64</run_address>
         <size>0x5c</size>
         <input_file_ref idref="fl-10d"/>
      </object_component>
      <object_component id="oc-244">
         <name>.text:PRCMPeripheralReset</name>
         <load_address>0x2000edc0</load_address>
         <run_address>0x2000edc0</run_address>
         <size>0x58</size>
         <input_file_ref idref="fl-120"/>
      </object_component>
      <object_component id="oc-398">
         <name>.text</name>
         <load_address>0x2000ee18</load_address>
         <run_address>0x2000ee18</run_address>
         <size>0x56</size>
         <input_file_ref idref="fl-109"/>
      </object_component>
      <object_component id="oc-309">
         <name>.text:IntPrioritySet</name>
         <load_address>0x2000ee70</load_address>
         <run_address>0x2000ee70</run_address>
         <size>0x54</size>
         <input_file_ref idref="fl-11e"/>
      </object_component>
      <object_component id="oc-73">
         <name>.text</name>
         <load_address>0x2000eec4</load_address>
         <run_address>0x2000eec4</run_address>
         <size>0x54</size>
         <input_file_ref idref="fl-e2"/>
      </object_component>
      <object_component id="oc-3b6">
         <name>.text</name>
         <load_address>0x2000ef18</load_address>
         <run_address>0x2000ef18</run_address>
         <size>0x4c</size>
         <input_file_ref idref="fl-102"/>
      </object_component>
      <object_component id="oc-9e">
         <name>.text</name>
         <load_address>0x2000ef64</load_address>
         <run_address>0x2000ef64</run_address>
         <size>0x4c</size>
         <input_file_ref idref="fl-104"/>
      </object_component>
      <object_component id="oc-357">
         <name>.text</name>
         <load_address>0x2000efb0</load_address>
         <run_address>0x2000efb0</run_address>
         <size>0x48</size>
         <input_file_ref idref="fl-e7"/>
      </object_component>
      <object_component id="oc-2fd">
         <name>.text:TimerConfigure</name>
         <load_address>0x2000eff8</load_address>
         <run_address>0x2000eff8</run_address>
         <size>0x44</size>
         <input_file_ref idref="fl-123"/>
      </object_component>
      <object_component id="oc-40e">
         <name>.text:UARTIntNumberGet</name>
         <load_address>0x2000f03c</load_address>
         <run_address>0x2000f03c</run_address>
         <size>0x44</size>
         <input_file_ref idref="fl-124"/>
      </object_component>
      <object_component id="oc-1f0">
         <name>.text:PinModeSet</name>
         <load_address>0x2000f080</load_address>
         <run_address>0x2000f080</run_address>
         <size>0x40</size>
         <input_file_ref idref="fl-11f"/>
      </object_component>
      <object_component id="oc-24">
         <name>.text</name>
         <load_address>0x2000f0c0</load_address>
         <run_address>0x2000f0c0</run_address>
         <size>0x40</size>
         <input_file_ref idref="fl-da"/>
      </object_component>
      <object_component id="oc-546">
         <name>.text:SDHostCmdSend</name>
         <load_address>0x2000f100</load_address>
         <run_address>0x2000f100</run_address>
         <size>0x3e</size>
         <input_file_ref idref="fl-121"/>
      </object_component>
      <object_component id="oc-1f6">
         <name>.text:PRCMPeripheralClkEnable</name>
         <load_address>0x2000f140</load_address>
         <run_address>0x2000f140</run_address>
         <size>0x3c</size>
         <input_file_ref idref="fl-120"/>
      </object_component>
      <object_component id="oc-208">
         <name>.text:PinDirModeSet</name>
         <load_address>0x2000f17c</load_address>
         <run_address>0x2000f17c</run_address>
         <size>0x3c</size>
         <input_file_ref idref="fl-11f"/>
      </object_component>
      <object_component id="oc-382">
         <name>.text</name>
         <load_address>0x2000f1b8</load_address>
         <run_address>0x2000f1b8</run_address>
         <size>0x38</size>
         <input_file_ref idref="fl-ec"/>
      </object_component>
      <object_component id="oc-2ba">
         <name>.text</name>
         <load_address>0x2000f1f0</load_address>
         <run_address>0x2000f1f0</run_address>
         <size>0x38</size>
         <input_file_ref idref="fl-ee"/>
      </object_component>
      <object_component id="oc-1fc">
         <name>.text:GPIODirModeSet</name>
         <load_address>0x2000f228</load_address>
         <run_address>0x2000f228</run_address>
         <size>0x36</size>
         <input_file_ref idref="fl-11a"/>
      </object_component>
      <object_component id="oc-558">
         <name>.text:SDHostRespGet</name>
         <load_address>0x2000f25e</load_address>
         <run_address>0x2000f25e</run_address>
         <size>0x34</size>
         <input_file_ref idref="fl-121"/>
      </object_component>
      <object_component id="oc-406">
         <name>.text:UARTDisable</name>
         <load_address>0x2000f294</load_address>
         <run_address>0x2000f294</run_address>
         <size>0x30</size>
         <input_file_ref idref="fl-124"/>
      </object_component>
      <object_component id="oc-172">
         <name>.text</name>
         <load_address>0x2000f2c4</load_address>
         <run_address>0x2000f2c4</run_address>
         <size>0x2e</size>
         <input_file_ref idref="fl-ed"/>
      </object_component>
      <object_component id="oc-433">
         <name>.text:I2CMasterErr</name>
         <load_address>0x2000f2f2</load_address>
         <run_address>0x2000f2f2</run_address>
         <size>0x2c</size>
         <input_file_ref idref="fl-11c"/>
      </object_component>
      <object_component id="oc-3df">
         <name>.text:PRCMSysResetCauseGet</name>
         <load_address>0x2000f320</load_address>
         <run_address>0x2000f320</run_address>
         <size>0x2c</size>
         <input_file_ref idref="fl-120"/>
      </object_component>
      <object_component id="oc-54c">
         <name>.text:SDHostIntStatus</name>
         <load_address>0x2000f34c</load_address>
         <run_address>0x2000f34c</run_address>
         <size>0x2c</size>
         <input_file_ref idref="fl-121"/>
      </object_component>
      <object_component id="oc-327">
         <name>.text:TimerLoadSet</name>
         <load_address>0x2000f378</load_address>
         <run_address>0x2000f378</run_address>
         <size>0x2a</size>
         <input_file_ref idref="fl-123"/>
      </object_component>
      <object_component id="oc-303">
         <name>.text:TimerPrescaleSet</name>
         <load_address>0x2000f3a2</load_address>
         <run_address>0x2000f3a2</run_address>
         <size>0x2a</size>
         <input_file_ref idref="fl-123"/>
      </object_component>
      <object_component id="oc-3f1">
         <name>.text:PRCMPeripheralClkDisable</name>
         <load_address>0x2000f3cc</load_address>
         <run_address>0x2000f3cc</run_address>
         <size>0x28</size>
         <input_file_ref idref="fl-120"/>
      </object_component>
      <object_component id="oc-55e">
         <name>.text:SDHostBlockSizeSet</name>
         <load_address>0x2000f3f4</load_address>
         <run_address>0x2000f3f4</run_address>
         <size>0x28</size>
         <input_file_ref idref="fl-121"/>
      </object_component>
      <object_component id="oc-564">
         <name>.text:SDHostBlockCountSet</name>
         <load_address>0x2000f41c</load_address>
         <run_address>0x2000f41c</run_address>
         <size>0x26</size>
         <input_file_ref idref="fl-121"/>
      </object_component>
      <object_component id="oc-4b0">
         <name>.text:IntUnregister</name>
         <load_address>0x2000f444</load_address>
         <run_address>0x2000f444</run_address>
         <size>0x24</size>
         <input_file_ref idref="fl-11e"/>
      </object_component>
      <object_component id="oc-540">
         <name>.text:SDHostIntClear</name>
         <load_address>0x2000f468</load_address>
         <run_address>0x2000f468</run_address>
         <size>0x24</size>
         <input_file_ref idref="fl-121"/>
      </object_component>
      <object_component id="oc-238">
         <name>.text:UARTEnable</name>
         <load_address>0x2000f48c</load_address>
         <run_address>0x2000f48c</run_address>
         <size>0x24</size>
         <input_file_ref idref="fl-124"/>
      </object_component>
      <object_component id="oc-293">
         <name>.text</name>
         <load_address>0x2000f4b0</load_address>
         <run_address>0x2000f4b0</run_address>
         <size>0x24</size>
         <input_file_ref idref="fl-f0"/>
      </object_component>
      <object_component id="oc-439">
         <name>.text:I2CMasterSlaveAddrSet</name>
         <load_address>0x2000f4d4</load_address>
         <run_address>0x2000f4d4</run_address>
         <size>0x22</size>
         <input_file_ref idref="fl-11c"/>
      </object_component>
      <object_component id="oc-552">
         <name>.text:SDHostCmdReset</name>
         <load_address>0x2000f4f6</load_address>
         <run_address>0x2000f4f6</run_address>
         <size>0x22</size>
         <input_file_ref idref="fl-121"/>
      </object_component>
      <object_component id="oc-2cb">
         <name>.text:GPIOPinWrite</name>
         <load_address>0x2000f518</load_address>
         <run_address>0x2000f518</run_address>
         <size>0x20</size>
         <input_file_ref idref="fl-11a"/>
      </object_component>
      <object_component id="oc-16c">
         <name>.text</name>
         <load_address>0x2000f538</load_address>
         <run_address>0x2000f538</run_address>
         <size>0x20</size>
         <input_file_ref idref="fl-8"/>
      </object_component>
      <object_component id="oc-414">
         <name>.text:IntRegister</name>
         <load_address>0x2000f558</load_address>
         <run_address>0x2000f558</run_address>
         <size>0x20</size>
         <input_file_ref idref="fl-11e"/>
      </object_component>
      <object_component id="oc-56a">
         <name>.text:SDHostDataRead</name>
         <load_address>0x2000f578</load_address>
         <run_address>0x2000f578</run_address>
         <size>0x20</size>
         <input_file_ref idref="fl-121"/>
      </object_component>
      <object_component id="oc-182">
         <name>.text</name>
         <load_address>0x2000f598</load_address>
         <run_address>0x2000f598</run_address>
         <size>0x20</size>
         <input_file_ref idref="fl-fd"/>
      </object_component>
      <object_component id="oc-421">
         <name>.text:I2CMasterIntStatusEx</name>
         <load_address>0x2000f5b8</load_address>
         <run_address>0x2000f5b8</run_address>
         <size>0x1e</size>
         <input_file_ref idref="fl-11c"/>
      </object_component>
      <object_component id="oc-573">
         <name>.text:SDHostDataWrite</name>
         <load_address>0x2000f5d6</load_address>
         <run_address>0x2000f5d6</run_address>
         <size>0x1e</size>
         <input_file_ref idref="fl-121"/>
      </object_component>
      <object_component id="oc-333">
         <name>.text:TimerDisable</name>
         <load_address>0x2000f5f4</load_address>
         <run_address>0x2000f5f4</run_address>
         <size>0x1e</size>
         <input_file_ref idref="fl-123"/>
      </object_component>
      <object_component id="oc-32d">
         <name>.text:TimerEnable</name>
         <load_address>0x2000f612</load_address>
         <run_address>0x2000f612</run_address>
         <size>0x1e</size>
         <input_file_ref idref="fl-123"/>
      </object_component>
      <object_component id="oc-31b">
         <name>.text:TimerIntStatus</name>
         <load_address>0x2000f630</load_address>
         <run_address>0x2000f630</run_address>
         <size>0x1e</size>
         <input_file_ref idref="fl-123"/>
      </object_component>
      <object_component id="oc-275">
         <name>.text:UARTCharPut</name>
         <load_address>0x2000f64e</load_address>
         <run_address>0x2000f64e</run_address>
         <size>0x1e</size>
         <input_file_ref idref="fl-124"/>
      </object_component>
      <object_component id="oc-22c">
         <name>.text:UARTIntRegister</name>
         <load_address>0x2000f66c</load_address>
         <run_address>0x2000f66c</run_address>
         <size>0x1e</size>
         <input_file_ref idref="fl-124"/>
      </object_component>
      <object_component id="oc-23e">
         <name>.text:PinTypeI2C</name>
         <load_address>0x2000f68a</load_address>
         <run_address>0x2000f68a</run_address>
         <size>0x1c</size>
         <input_file_ref idref="fl-11f"/>
      </object_component>
      <object_component id="oc-345">
         <name>.text:TimerValueGet</name>
         <load_address>0x2000f6a6</load_address>
         <run_address>0x2000f6a6</run_address>
         <size>0x1c</size>
         <input_file_ref idref="fl-123"/>
      </object_component>
      <object_component id="oc-287">
         <name>.text:UARTCharGetNonBlocking</name>
         <load_address>0x2000f6c2</load_address>
         <run_address>0x2000f6c2</run_address>
         <size>0x1c</size>
         <input_file_ref idref="fl-124"/>
      </object_component>
      <object_component id="oc-3b0">
         <name>.text</name>
         <load_address>0x2000f6de</load_address>
         <run_address>0x2000f6de</run_address>
         <size>0x1c</size>
         <input_file_ref idref="fl-10a"/>
      </object_component>
      <object_component id="oc-202">
         <name>.text:PinTypeSDHost</name>
         <load_address>0x2000f6fa</load_address>
         <run_address>0x2000f6fa</run_address>
         <size>0x1a</size>
         <input_file_ref idref="fl-11f"/>
      </object_component>
      <object_component id="oc-214">
         <name>.text:PinTypeUART</name>
         <load_address>0x2000f714</load_address>
         <run_address>0x2000f714</run_address>
         <size>0x1a</size>
         <input_file_ref idref="fl-11f"/>
      </object_component>
      <object_component id="oc-2d1">
         <name>.text:GPIOPinRead</name>
         <load_address>0x2000f72e</load_address>
         <run_address>0x2000f72e</run_address>
         <size>0x18</size>
         <input_file_ref idref="fl-11a"/>
      </object_component>
      <object_component id="oc-25e">
         <name>.text:I2CMasterBusy</name>
         <load_address>0x2000f746</load_address>
         <run_address>0x2000f746</run_address>
         <size>0x18</size>
         <input_file_ref idref="fl-11c"/>
      </object_component>
      <object_component id="oc-339">
         <name>.text:TimerIntDisable</name>
         <load_address>0x2000f75e</load_address>
         <run_address>0x2000f75e</run_address>
         <size>0x18</size>
         <input_file_ref idref="fl-123"/>
      </object_component>
      <object_component id="oc-315">
         <name>.text:TimerIntEnable</name>
         <load_address>0x2000f776</load_address>
         <run_address>0x2000f776</run_address>
         <size>0x18</size>
         <input_file_ref idref="fl-123"/>
      </object_component>
      <object_component id="oc-281">
         <name>.text:UARTCharsAvail</name>
         <load_address>0x2000f78e</load_address>
         <run_address>0x2000f78e</run_address>
         <size>0x18</size>
         <input_file_ref idref="fl-124"/>
      </object_component>
      <object_component id="oc-232">
         <name>.text:UARTIntEnable</name>
         <load_address>0x2000f7a6</load_address>
         <run_address>0x2000f7a6</run_address>
         <size>0x18</size>
         <input_file_ref idref="fl-124"/>
      </object_component>
      <object_component id="oc-6d">
         <name>.text</name>
         <load_address>0x2000f7c0</load_address>
         <run_address>0x2000f7c0</run_address>
         <size>0x18</size>
         <input_file_ref idref="fl-101"/>
      </object_component>
      <object_component id="oc-43f">
         <name>.text:I2CMasterDataPut</name>
         <load_address>0x2000f7d8</load_address>
         <run_address>0x2000f7d8</run_address>
         <size>0x16</size>
         <input_file_ref idref="fl-11c"/>
      </object_component>
      <object_component id="oc-256">
         <name>.text:I2CMasterEnable</name>
         <load_address>0x2000f7ee</load_address>
         <run_address>0x2000f7ee</run_address>
         <size>0x16</size>
         <input_file_ref idref="fl-11c"/>
      </object_component>
      <object_component id="oc-3e5">
         <name>.text:PRCMHIBRegRead</name>
         <load_address>0x2000f804</load_address>
         <run_address>0x2000f804</run_address>
         <size>0x16</size>
         <input_file_ref idref="fl-120"/>
      </object_component>
      <object_component id="oc-3eb">
         <name>.text:PRCMHIBRegWrite</name>
         <load_address>0x2000f81a</load_address>
         <run_address>0x2000f81a</run_address>
         <size>0x16</size>
         <input_file_ref idref="fl-120"/>
      </object_component>
      <object_component id="oc-226">
         <name>.text:UARTFIFODisable</name>
         <load_address>0x2000f830</load_address>
         <run_address>0x2000f830</run_address>
         <size>0x16</size>
         <input_file_ref idref="fl-124"/>
      </object_component>
      <object_component id="oc-3aa">
         <name>.text</name>
         <load_address>0x2000f846</load_address>
         <run_address>0x2000f846</run_address>
         <size>0x16</size>
         <input_file_ref idref="fl-10f"/>
      </object_component>
      <object_component id="oc-3cf">
         <name>.text:CPUcpsie</name>
         <load_address>0x2000f85c</load_address>
         <run_address>0x2000f85c</run_address>
         <size>0x14</size>
         <input_file_ref idref="fl-128"/>
      </object_component>
      <object_component id="oc-123">
         <name>.text</name>
         <load_address>0x2000f870</load_address>
         <run_address>0x2000f870</run_address>
         <size>0x14</size>
         <input_file_ref idref="fl-ff"/>
      </object_component>
      <object_component id="oc-28d">
         <name>.text</name>
         <load_address>0x2000f884</load_address>
         <run_address>0x2000f884</run_address>
         <size>0x14</size>
         <input_file_ref idref="fl-fb"/>
      </object_component>
      <object_component id="oc-42d">
         <name>.text:I2CMasterControl</name>
         <load_address>0x2000f898</load_address>
         <run_address>0x2000f898</run_address>
         <size>0x12</size>
         <input_file_ref idref="fl-11c"/>
      </object_component>
      <object_component id="oc-250">
         <name>.text:I2CMasterIntClearEx</name>
         <load_address>0x2000f8aa</load_address>
         <run_address>0x2000f8aa</run_address>
         <size>0x12</size>
         <input_file_ref idref="fl-11c"/>
      </object_component>
      <object_component id="oc-427">
         <name>.text:I2CMasterTimeoutSet</name>
         <load_address>0x2000f8bc</load_address>
         <run_address>0x2000f8bc</run_address>
         <size>0x12</size>
         <input_file_ref idref="fl-11c"/>
      </object_component>
      <object_component id="oc-321">
         <name>.text:TimerIntClear</name>
         <load_address>0x2000f8ce</load_address>
         <run_address>0x2000f8ce</run_address>
         <size>0x12</size>
         <input_file_ref idref="fl-123"/>
      </object_component>
      <object_component id="oc-136">
         <name>.text</name>
         <load_address>0x2000f8e0</load_address>
         <run_address>0x2000f8e0</run_address>
         <size>0x12</size>
         <input_file_ref idref="fl-e"/>
      </object_component>
      <object_component id="oc-445">
         <name>.text:I2CMasterDataGet</name>
         <load_address>0x2000f8f2</load_address>
         <run_address>0x2000f8f2</run_address>
         <size>0xe</size>
         <input_file_ref idref="fl-11c"/>
      </object_component>
      <object_component id="oc-12">
         <name>.text:decompress:none</name>
         <load_address>0x2000f900</load_address>
         <run_address>0x2000f900</run_address>
         <size>0xe</size>
         <input_file_ref idref="fl-db"/>
      </object_component>
      <object_component id="oc-2d">
         <name>.text</name>
         <load_address>0x2000f90e</load_address>
         <run_address>0x2000f90e</run_address>
         <size>0xe</size>
         <input_file_ref idref="fl-16"/>
      </object_component>
      <object_component id="oc-1dd">
         <name>.text:IntMasterEnable</name>
         <load_address>0x2000f91c</load_address>
         <run_address>0x2000f91c</run_address>
         <size>0xa</size>
         <input_file_ref idref="fl-11e"/>
      </object_component>
      <object_component id="oc-4f3">
         <name>.text</name>
         <load_address>0x2000f926</load_address>
         <run_address>0x2000f926</run_address>
         <size>0x8</size>
         <input_file_ref idref="fl-10b"/>
      </object_component>
      <object_component id="oc-25d">
         <name>.text:UtilsDelay</name>
         <load_address>0x2000f92e</load_address>
         <run_address>0x2000f92e</run_address>
         <size>0x6</size>
         <input_file_ref idref="fl-126"/>
      </object_component>
      <object_component id="oc-18">
         <name>.text:decompress:rle24</name>
         <load_address>0x2000f934</load_address>
         <run_address>0x2000f934</run_address>
         <size>0x6</size>
         <input_file_ref idref="fl-dc"/>
      </object_component>
      <object_component id="oc-61">
         <name>.text</name>
         <load_address>0x2000f93a</load_address>
         <run_address>0x2000f93a</run_address>
         <size>0x4</size>
         <input_file_ref idref="fl-f4"/>
      </object_component>
      <object_component id="oc-4c6">
         <name>.const:$O1$$</name>
         <load_address>0x2000f940</load_address>
         <run_address>0x2000f940</run_address>
         <size>0x158</size>
         <input_file_ref idref="fl-107"/>
      </object_component>
      <object_component id="oc-4ff">
         <name>.const:.string:_ctypes_</name>
         <load_address>0x2000fa98</load_address>
         <run_address>0x2000fa98</run_address>
         <size>0x101</size>
         <input_file_ref idref="fl-105"/>
      </object_component>
      <object_component id="oc-3f8">
         <name>.const:g_ulPinToPadMap</name>
         <load_address>0x2000fb9c</load_address>
         <run_address>0x2000fb9c</run_address>
         <size>0x100</size>
         <input_file_ref idref="fl-11f"/>
      </object_component>
      <object_component id="oc-49d">
         <name>.const:g_pulRegs</name>
         <load_address>0x2000fc9c</load_address>
         <run_address>0x2000fc9c</run_address>
         <size>0xd4</size>
         <input_file_ref idref="fl-11e"/>
      </object_component>
      <object_component id="oc-3fc">
         <name>.const:PRCM_PeriphRegsList</name>
         <load_address>0x2000fd70</load_address>
         <run_address>0x2000fd70</run_address>
         <size>0xa8</size>
         <input_file_ref idref="fl-120"/>
      </object_component>
      <object_component id="oc-37c">
         <name>.const:$O1$$</name>
         <load_address>0x2000fe18</load_address>
         <run_address>0x2000fe18</run_address>
         <size>0x98</size>
         <input_file_ref idref="fl-f5"/>
      </object_component>
      <object_component id="oc-1b9">
         <name>.const:$P$T0$1</name>
         <load_address>0x2000feb0</load_address>
         <run_address>0x2000feb0</run_address>
         <size>0x48</size>
         <input_file_ref idref="fl-5"/>
      </object_component>
      <object_component id="oc-105">
         <name>.const:$P$T3$4</name>
         <load_address>0x2000fef8</load_address>
         <run_address>0x2000fef8</run_address>
         <size>0x48</size>
         <input_file_ref idref="fl-3"/>
      </object_component>
      <object_component id="oc-108">
         <name>.const:$P$T4$5</name>
         <load_address>0x2000ff40</load_address>
         <run_address>0x2000ff40</run_address>
         <size>0x48</size>
         <input_file_ref idref="fl-3"/>
      </object_component>
      <object_component id="oc-4e6">
         <name>.const:$O1$$</name>
         <load_address>0x2000ff88</load_address>
         <run_address>0x2000ff88</run_address>
         <size>0x30</size>
         <input_file_ref idref="fl-df"/>
      </object_component>
      <object_component id="oc-10b">
         <name>.const:.string:$P$T5$6</name>
         <load_address>0x2000ffb8</load_address>
         <run_address>0x2000ffb8</run_address>
         <size>0x25</size>
         <input_file_ref idref="fl-3"/>
      </object_component>
      <object_component id="oc-fc">
         <name>.const:$P$T0$1</name>
         <load_address>0x2000ffe0</load_address>
         <run_address>0x2000ffe0</run_address>
         <size>0x18</size>
         <input_file_ref idref="fl-3"/>
      </object_component>
      <object_component id="oc-ff">
         <name>.const:$P$T1$2</name>
         <load_address>0x2000fff8</load_address>
         <run_address>0x2000fff8</run_address>
         <size>0x18</size>
         <input_file_ref idref="fl-3"/>
      </object_component>
      <object_component id="oc-102">
         <name>.const:$P$T2$3</name>
         <load_address>0x20010010</load_address>
         <run_address>0x20010010</run_address>
         <size>0x18</size>
         <input_file_ref idref="fl-3"/>
      </object_component>
      <object_component id="oc-585">
         <name>.const:g_pulDisRegs</name>
         <load_address>0x20010028</load_address>
         <run_address>0x20010028</run_address>
         <size>0x18</size>
         <input_file_ref idref="fl-11e"/>
      </object_component>
      <object_component id="oc-3db">
         <name>.const:g_pulEnRegs</name>
         <load_address>0x20010040</load_address>
         <run_address>0x20010040</run_address>
         <size>0x18</size>
         <input_file_ref idref="fl-11e"/>
      </object_component>
      <object_component id="oc-519">
         <name>.const:g_ppulUARTIntMap</name>
         <load_address>0x20010058</load_address>
         <run_address>0x20010058</run_address>
         <size>0x10</size>
         <input_file_ref idref="fl-124"/>
      </object_component>
      <object_component id="oc-5f9">
         <name>.cinit..data.load</name>
         <load_address>0x20010068</load_address>
         <run_address>0x20010068</run_address>
         <size>0x131</size>
      </object_component>
      <object_component id="oc-5fa">
         <name>.cinit..bss.load</name>
         <load_address>0x200101a0</load_address>
         <run_address>0x200101a0</run_address>
         <size>0x9</size>
      </object_component>
      <object_component id="oc-5f7">
         <name>__TI_handler_table</name>
         <load_address>0x200101ac</load_address>
         <run_address>0x200101ac</run_address>
         <size>0x8</size>
      </object_component>
      <object_component id="oc-5f8">
         <name>__TI_cinit_table</name>
         <load_address>0x200101b4</load_address>
         <run_address>0x200101b4</run_address>
         <size>0x10</size>
      </object_component>
      <object_component id="oc-264">
         <name>.data</name>
         <load_address>0x20017100</load_address>
         <run_address>0x20017100</run_address>
         <size>0x2c</size>
         <input_file_ref idref="fl-9"/>
      </object_component>
      <object_component id="oc-2d7">
         <name>.data:ds2401_crc8_table</name>
         <load_address>0x20017000</load_address>
         <run_address>0x20017000</run_address>
         <size>0x100</size>
         <input_file_ref idref="fl-c"/>
      </object_component>
      <object_component id="oc-570">
         <name>.data:g_sDisk</name>
         <load_address>0x2001712c</load_address>
         <run_address>0x2001712c</run_address>
         <size>0x18</size>
         <input_file_ref idref="fl-1b"/>
      </object_component>
      <object_component id="oc-4e3">
         <name>.data</name>
         <load_address>0x20017164</load_address>
         <run_address>0x20017164</run_address>
         <size>0x4</size>
         <input_file_ref idref="fl-e1"/>
      </object_component>
      <object_component id="oc-b4">
         <name>.data:$O1$$</name>
         <load_address>0x20017144</load_address>
         <run_address>0x20017144</run_address>
         <size>0xc</size>
         <input_file_ref idref="fl-e2"/>
      </object_component>
      <object_component id="oc-46a">
         <name>.data:$O1$$</name>
         <load_address>0x20017150</load_address>
         <run_address>0x20017150</run_address>
         <size>0xc</size>
         <input_file_ref idref="fl-f1"/>
      </object_component>
      <object_component id="oc-79">
         <name>.data</name>
         <load_address>0x20017168</load_address>
         <run_address>0x20017168</run_address>
         <size>0x4</size>
         <input_file_ref idref="fl-fa"/>
      </object_component>
      <object_component id="oc-b7">
         <name>.data:$O1$$</name>
         <load_address>0x2001715c</load_address>
         <run_address>0x2001715c</run_address>
         <size>0x8</size>
         <input_file_ref idref="fl-ff"/>
      </object_component>
      <object_component id="oc-29f">
         <name>.bss</name>
         <uninitialized>true</uninitialized>
         <run_address>0x20017170</run_address>
         <size>0x4</size>
         <input_file_ref idref="fl-18"/>
      </object_component>
      <object_component id="oc-48c">
         <name>.bss:FatFs</name>
         <uninitialized>true</uninitialized>
         <run_address>0x2001716c</run_address>
         <size>0x4</size>
         <input_file_ref idref="fl-119"/>
      </object_component>
      <object_component id="oc-48f">
         <name>.bss</name>
         <uninitialized>true</uninitialized>
         <run_address>0x20017174</run_address>
         <size>0x2</size>
         <input_file_ref idref="fl-119"/>
      </object_component>
      <object_component id="oc-2a">
         <name>.sysmem</name>
         <uninitialized>true</uninitialized>
         <run_address>0x20017178</run_address>
         <size>0x8</size>
         <input_file_ref idref="fl-f1"/>
      </object_component>
      <object_component id="oc-5fc">
         <name>.sysmem</name>
         <uninitialized>true</uninitialized>
         <run_address>0x20017178</run_address>
         <size>0x0</size>
      </object_component>
      <object_component id="oc-29">
         <name>.stack</name>
         <uninitialized>true</uninitialized>
         <run_address>0x2002faec</run_address>
         <size>0x0</size>
         <input_file_ref idref="fl-da"/>
      </object_component>
      <object_component id="oc-5fb">
         <name>.stack</name>
         <uninitialized>true</uninitialized>
         <run_address>0x2002faec</run_address>
         <size>0x0</size>
      </object_component>
      <object_component id="oc-188">
         <name>.debug_info</name>
         <load_address>0x0</load_address>
         <run_address>0x0</run_address>
         <size>0x57e</size>
         <input_file_ref idref="fl-2"/>
      </object_component>
      <object_component id="oc-db">
         <name>.debug_info</name>
         <load_address>0x57e</load_address>
         <run_address>0x57e</run_address>
         <size>0xd51</size>
         <input_file_ref idref="fl-2"/>
      </object_component>
      <object_component id="oc-2f5">
         <name>.debug_info</name>
         <load_address>0x12cf</load_address>
         <run_address>0x12cf</run_address>
         <size>0x4b1</size>
         <input_file_ref idref="fl-2"/>
      </object_component>
      <object_component id="oc-193">
         <name>.debug_info</name>
         <load_address>0x1780</load_address>
         <run_address>0x1780</run_address>
         <size>0x72</size>
         <input_file_ref idref="fl-2"/>
      </object_component>
      <object_component id="oc-18e">
         <name>.debug_info</name>
         <load_address>0x17f2</load_address>
         <run_address>0x17f2</run_address>
         <size>0x72</size>
         <input_file_ref idref="fl-2"/>
      </object_component>
      <object_component id="oc-189">
         <name>.debug_info</name>
         <load_address>0x1864</load_address>
         <run_address>0x1864</run_address>
         <size>0x7f</size>
         <input_file_ref idref="fl-2"/>
      </object_component>
      <object_component id="oc-115">
         <name>.debug_info</name>
         <load_address>0x18e3</load_address>
         <run_address>0x18e3</run_address>
         <size>0x193</size>
         <input_file_ref idref="fl-2"/>
      </object_component>
      <object_component id="oc-522">
         <name>.debug_info</name>
         <load_address>0x1a76</load_address>
         <run_address>0x1a76</run_address>
         <size>0x62</size>
         <input_file_ref idref="fl-2"/>
      </object_component>
      <object_component id="oc-84">
         <name>.debug_info</name>
         <load_address>0x1ad8</load_address>
         <run_address>0x1ad8</run_address>
         <size>0x84</size>
         <input_file_ref idref="fl-2"/>
      </object_component>
      <object_component id="oc-2dc">
         <name>.debug_info</name>
         <load_address>0x1b5c</load_address>
         <run_address>0x1b5c</run_address>
         <size>0x18b</size>
         <input_file_ref idref="fl-2"/>
      </object_component>
      <object_component id="oc-26e">
         <name>.debug_info</name>
         <load_address>0x1ce7</load_address>
         <run_address>0x1ce7</run_address>
         <size>0x87</size>
         <input_file_ref idref="fl-2"/>
      </object_component>
      <object_component id="oc-3d6">
         <name>.debug_info</name>
         <load_address>0x1d6e</load_address>
         <run_address>0x1d6e</run_address>
         <size>0x2c</size>
         <input_file_ref idref="fl-2"/>
      </object_component>
      <object_component id="oc-94">
         <name>.debug_info</name>
         <load_address>0x1d9a</load_address>
         <run_address>0x1d9a</run_address>
         <size>0x2c</size>
         <input_file_ref idref="fl-2"/>
      </object_component>
      <object_component id="oc-1c7">
         <name>.debug_info</name>
         <load_address>0x1dc6</load_address>
         <run_address>0x1dc6</run_address>
         <size>0x4e</size>
         <input_file_ref idref="fl-2"/>
      </object_component>
      <object_component id="oc-114">
         <name>.debug_info</name>
         <load_address>0x1e14</load_address>
         <run_address>0x1e14</run_address>
         <size>0x2d7</size>
         <input_file_ref idref="fl-3"/>
      </object_component>
      <object_component id="oc-fd">
         <name>.debug_info</name>
         <load_address>0x20eb</load_address>
         <run_address>0x20eb</run_address>
         <size>0xb9</size>
         <input_file_ref idref="fl-3"/>
      </object_component>
      <object_component id="oc-100">
         <name>.debug_info</name>
         <load_address>0x21a4</load_address>
         <run_address>0x21a4</run_address>
         <size>0xb9</size>
         <input_file_ref idref="fl-3"/>
      </object_component>
      <object_component id="oc-103">
         <name>.debug_info</name>
         <load_address>0x225d</load_address>
         <run_address>0x225d</run_address>
         <size>0xb9</size>
         <input_file_ref idref="fl-3"/>
      </object_component>
      <object_component id="oc-106">
         <name>.debug_info</name>
         <load_address>0x2316</load_address>
         <run_address>0x2316</run_address>
         <size>0xb9</size>
         <input_file_ref idref="fl-3"/>
      </object_component>
      <object_component id="oc-109">
         <name>.debug_info</name>
         <load_address>0x23cf</load_address>
         <run_address>0x23cf</run_address>
         <size>0xb9</size>
         <input_file_ref idref="fl-3"/>
      </object_component>
      <object_component id="oc-10c">
         <name>.debug_info</name>
         <load_address>0x2488</load_address>
         <run_address>0x2488</run_address>
         <size>0xb9</size>
         <input_file_ref idref="fl-3"/>
      </object_component>
      <object_component id="oc-ad">
         <name>.debug_info</name>
         <load_address>0x2541</load_address>
         <run_address>0x2541</run_address>
         <size>0x47a</size>
         <input_file_ref idref="fl-3"/>
      </object_component>
      <object_component id="oc-10f">
         <name>.debug_info</name>
         <load_address>0x29bb</load_address>
         <run_address>0x29bb</run_address>
         <size>0x10f</size>
         <input_file_ref idref="fl-3"/>
      </object_component>
      <object_component id="oc-1b1">
         <name>.debug_info</name>
         <load_address>0x2aca</load_address>
         <run_address>0x2aca</run_address>
         <size>0x296</size>
         <input_file_ref idref="fl-4"/>
      </object_component>
      <object_component id="oc-e1">
         <name>.debug_info</name>
         <load_address>0x2d60</load_address>
         <run_address>0x2d60</run_address>
         <size>0xecb</size>
         <input_file_ref idref="fl-4"/>
      </object_component>
      <object_component id="oc-1bd">
         <name>.debug_info</name>
         <load_address>0x3c2b</load_address>
         <run_address>0x3c2b</run_address>
         <size>0x1ed</size>
         <input_file_ref idref="fl-5"/>
      </object_component>
      <object_component id="oc-1ba">
         <name>.debug_info</name>
         <load_address>0x3e18</load_address>
         <run_address>0x3e18</run_address>
         <size>0xc6</size>
         <input_file_ref idref="fl-5"/>
      </object_component>
      <object_component id="oc-ee">
         <name>.debug_info</name>
         <load_address>0x3ede</load_address>
         <run_address>0x3ede</run_address>
         <size>0x3ab</size>
         <input_file_ref idref="fl-5"/>
      </object_component>
      <object_component id="oc-38e">
         <name>.debug_info</name>
         <load_address>0x4289</load_address>
         <run_address>0x4289</run_address>
         <size>0x17d</size>
         <input_file_ref idref="fl-6"/>
      </object_component>
      <object_component id="oc-1b4">
         <name>.debug_info</name>
         <load_address>0x4406</load_address>
         <run_address>0x4406</run_address>
         <size>0x998</size>
         <input_file_ref idref="fl-6"/>
      </object_component>
      <object_component id="oc-274">
         <name>.debug_info</name>
         <load_address>0x4d9e</load_address>
         <run_address>0x4d9e</run_address>
         <size>0x26d</size>
         <input_file_ref idref="fl-7"/>
      </object_component>
      <object_component id="oc-149">
         <name>.debug_info</name>
         <load_address>0x500b</load_address>
         <run_address>0x500b</run_address>
         <size>0x432</size>
         <input_file_ref idref="fl-7"/>
      </object_component>
      <object_component id="oc-268">
         <name>.debug_info</name>
         <load_address>0x543d</load_address>
         <run_address>0x543d</run_address>
         <size>0x8b</size>
         <input_file_ref idref="fl-7"/>
      </object_component>
      <object_component id="oc-170">
         <name>.debug_info</name>
         <load_address>0x54c8</load_address>
         <run_address>0x54c8</run_address>
         <size>0x16c</size>
         <input_file_ref idref="fl-8"/>
      </object_component>
      <object_component id="oc-26d">
         <name>.debug_info</name>
         <load_address>0x5634</load_address>
         <run_address>0x5634</run_address>
         <size>0x229</size>
         <input_file_ref idref="fl-9"/>
      </object_component>
      <object_component id="oc-265">
         <name>.debug_info</name>
         <load_address>0x585d</load_address>
         <run_address>0x585d</run_address>
         <size>0x1de</size>
         <input_file_ref idref="fl-9"/>
      </object_component>
      <object_component id="oc-143">
         <name>.debug_info</name>
         <load_address>0x5a3b</load_address>
         <run_address>0x5a3b</run_address>
         <size>0x3b2</size>
[...]
         <value>0x2000e1cd</value>
         <object_component_ref idref="oc-3a4"/>
      </symbol>
      <symbol id="sm-808">
         <name>sin</name>
         <value>0x200099b5</value>
         <object_component_ref idref="oc-19e"/>
      </symbol>
      <symbol id="sm-809">
         <name>sinl</name>
         <value>0x200099b5</value>
         <object_component_ref idref="oc-19e"/>
      </symbol>
      <symbol id="sm-822">
         <name>sprintf</name>
         <value>0x2000ed05</value>
         <object_component_ref idref="oc-f6"/>
      </symbol>
      <symbol id="sm-82a">
         <name>main_func_sp</name>
         <value>0x20017168</value>
         <object_component_ref idref="oc-79"/>
      </symbol>
      <symbol id="sm-838">
         <name>strlen</name>
         <value>0x2000f885</value>
         <object_component_ref idref="oc-28d"/>
      </symbol>
      <symbol id="sm-843">
         <name>__aeabi_ui2d</name>
         <value>0x2000f599</value>
         <object_component_ref idref="oc-182"/>
      </symbol>
      <symbol id="sm-85f">
         <name>vsnprintf</name>
         <value>0x2000e639</value>
         <object_component_ref idref="oc-27b"/>
      </symbol>
      <symbol id="sm-878">
         <name>_nop</name>
         <value>0x2000f87f</value>
         <object_component_ref idref="oc-123"/>
      </symbol>
      <symbol id="sm-879">
         <name>_lock</name>
         <value>0x2001715c</value>
         <object_component_ref idref="oc-b7"/>
      </symbol>
      <symbol id="sm-87a">
         <name>_unlock</name>
         <value>0x20017160</value>
         <object_component_ref idref="oc-b7"/>
      </symbol>
      <symbol id="sm-87b">
         <name>_register_lock</name>
         <value>0x2000f877</value>
         <object_component_ref idref="oc-123"/>
      </symbol>
      <symbol id="sm-87c">
         <name>_register_unlock</name>
         <value>0x2000f871</value>
         <object_component_ref idref="oc-123"/>
      </symbol>
      <symbol id="sm-983">
         <name>__TI_printfi</name>
         <value>0x20007ccf</value>
         <object_component_ref idref="oc-1bf"/>
      </symbol>
      <symbol id="sm-997">
         <name>_args_main</name>
         <value>0x2000f7c1</value>
         <object_component_ref idref="oc-6d"/>
      </symbol>
      <symbol id="sm-9ad">
         <name>atoi</name>
         <value>0x2000ef19</value>
         <object_component_ref idref="oc-3b6"/>
      </symbol>
      <symbol id="sm-9d2">
         <name>__TI_auto_init</name>
         <value>0x2000ea2d</value>
         <object_component_ref idref="oc-67"/>
      </symbol>
      <symbol id="sm-9ec">
         <name>copy_in</name>
         <value>0x2000ef65</value>
         <object_component_ref idref="oc-9e"/>
      </symbol>
      <symbol id="sm-9f7">
         <name>_ctypes_</name>
         <value>0x2000fa98</value>
         <object_component_ref idref="oc-4ff"/>
      </symbol>
      <symbol id="sm-a0d">
         <name>__kernel_cos</name>
         <value>0x2000db41</value>
         <object_component_ref idref="oc-36d"/>
      </symbol>
      <symbol id="sm-a70">
         <name>__kernel_rem_pio2</name>
         <value>0x20009299</value>
         <object_component_ref idref="oc-367"/>
      </symbol>
      <symbol id="sm-a87">
         <name>__kernel_sin</name>
         <value>0x2000d9d9</value>
         <object_component_ref idref="oc-35c"/>
      </symbol>
      <symbol id="sm-a96">
         <name>ltoa</name>
         <value>0x2000ee19</value>
         <object_component_ref idref="oc-398"/>
      </symbol>
      <symbol id="sm-aa6">
         <name>memccpy</name>
         <value>0x2000f6df</value>
         <object_component_ref idref="oc-3b0"/>
      </symbol>
      <symbol id="sm-ab0">
         <name>copysign</name>
         <value>0x2000f927</value>
         <object_component_ref idref="oc-4f3"/>
      </symbol>
      <symbol id="sm-ab1">
         <name>copysignl</name>
         <value>0x2000f927</value>
         <object_component_ref idref="oc-4f3"/>
      </symbol>
      <symbol id="sm-ace">
         <name>floorl</name>
         <value>0x2000e0d9</value>
         <object_component_ref idref="oc-4c0"/>
      </symbol>
      <symbol id="sm-acf">
         <name>floor</name>
         <value>0x2000e0d9</value>
         <object_component_ref idref="oc-4c0"/>
      </symbol>
      <symbol id="sm-ae3">
         <name>frexpl</name>
         <value>0x2000ed65</value>
         <object_component_ref idref="oc-39e"/>
      </symbol>
      <symbol id="sm-ae4">
         <name>frexp</name>
         <value>0x2000ed65</value>
         <object_component_ref idref="oc-39e"/>
      </symbol>
      <symbol id="sm-aee">
         <name>_system_post_cinit</name>
         <value>0x2000d3af</value>
         <object_component_ref idref="oc-a4"/>
      </symbol>
      <symbol id="sm-afe">
         <name>strchr</name>
         <value>0x2000f847</value>
         <object_component_ref idref="oc-3aa"/>
      </symbol>
      <symbol id="sm-b1a">
         <name>__aeabi_uldivmod</name>
         <value>0x2000cab9</value>
         <object_component_ref idref="oc-393"/>
      </symbol>
      <symbol id="sm-d03">
         <name>f_getfree</name>
         <value>0x20006703</value>
         <object_component_ref idref="oc-2ed"/>
      </symbol>
      <symbol id="sm-d04">
         <name>f_read</name>
         <value>0x20005d31</value>
         <object_component_ref idref="oc-2ed"/>
      </symbol>
      <symbol id="sm-d05">
         <name>f_unlink</name>
         <value>0x20006989</value>
         <object_component_ref idref="oc-2ed"/>
      </symbol>
      <symbol id="sm-d06">
         <name>f_closedir</name>
         <value>0x20006603</value>
         <object_component_ref idref="oc-2ed"/>
      </symbol>
      <symbol id="sm-d07">
         <name>f_mkdir</name>
         <value>0x20006a8d</value>
         <object_component_ref idref="oc-2ed"/>
      </symbol>
      <symbol id="sm-d08">
         <name>f_chmod</name>
         <value>0x20006c73</value>
         <object_component_ref idref="oc-2ed"/>
      </symbol>
      <symbol id="sm-d09">
         <name>f_utime</name>
         <value>0x20006e53</value>
         <object_component_ref idref="oc-2ed"/>
      </symbol>
      <symbol id="sm-d0a">
         <name>f_sync</name>
         <value>0x200061fd</value>
         <object_component_ref idref="oc-2ed"/>
      </symbol>
      <symbol id="sm-d0b">
         <name>clust2sect</name>
         <value>0x200046b9</value>
         <object_component_ref idref="oc-2ed"/>
      </symbol>
      <symbol id="sm-d0c">
         <name>put_fat</name>
         <value>0x20004823</value>
         <object_component_ref idref="oc-2ed"/>
      </symbol>
      <symbol id="sm-d0d">
         <name>f_write</name>
         <value>0x20005f6b</value>
         <object_component_ref idref="oc-2ed"/>
      </symbol>
      <symbol id="sm-d0e">
         <name>f_opendir</name>
         <value>0x2000655b</value>
         <object_component_ref idref="oc-2ed"/>
      </symbol>
      <symbol id="sm-d0f">
         <name>f_truncate</name>
         <value>0x20006861</value>
         <object_component_ref idref="oc-2ed"/>
      </symbol>
      <symbol id="sm-d10">
         <name>f_close</name>
         <value>0x200062f9</value>
         <object_component_ref idref="oc-2ed"/>
      </symbol>
      <symbol id="sm-d11">
         <name>f_rename</name>
         <value>0x20006d03</value>
         <object_component_ref idref="oc-2ed"/>
      </symbol>
      <symbol id="sm-d12">
         <name>f_open</name>
         <value>0x20005b15</value>
         <object_component_ref idref="oc-2ed"/>
      </symbol>
      <symbol id="sm-d13">
         <name>f_lseek</name>
         <value>0x20006329</value>
         <object_component_ref idref="oc-2ed"/>
      </symbol>
      <symbol id="sm-d14">
         <name>f_stat</name>
         <value>0x200066af</value>
         <object_component_ref idref="oc-2ed"/>
      </symbol>
      <symbol id="sm-d15">
         <name>f_mount</name>
         <value>0x20005a97</value>
         <object_component_ref idref="oc-2ed"/>
      </symbol>
      <symbol id="sm-d16">
         <name>f_readdir</name>
         <value>0x20006623</value>
         <object_component_ref idref="oc-2ed"/>
      </symbol>
      <symbol id="sm-d17">
         <name>get_fat</name>
         <value>0x200046e9</value>
         <object_component_ref idref="oc-2ed"/>
      </symbol>
      <symbol id="sm-d33">
         <name>GPIOPinRead</name>
         <value>0x2000f72f</value>
         <object_component_ref idref="oc-2d1"/>
      </symbol>
      <symbol id="sm-d34">
         <name>GPIODirModeSet</name>
         <value>0x2000f229</value>
         <object_component_ref idref="oc-1fc"/>
      </symbol>
      <symbol id="sm-d35">
         <name>GPIOPinWrite</name>
         <value>0x2000f519</value>
         <object_component_ref idref="oc-2cb"/>
      </symbol>
      <symbol id="sm-d9f">
         <name>I2CMasterDataPut</name>
         <value>0x2000f7d9</value>
         <object_component_ref idref="oc-43f"/>
      </symbol>
      <symbol id="sm-da0">
         <name>I2CMasterInitExpClk</name>
         <value>0x2000e7cd</value>
         <object_component_ref idref="oc-44b"/>
      </symbol>
      <symbol id="sm-da1">
         <name>I2CMasterIntClearEx</name>
         <value>0x2000f8ab</value>
         <object_component_ref idref="oc-250"/>
      </symbol>
      <symbol id="sm-da2">
         <name>I2CMasterSlaveAddrSet</name>
         <value>0x2000f4d5</value>
         <object_component_ref idref="oc-439"/>
      </symbol>
      <symbol id="sm-da3">
         <name>I2CMasterDataGet</name>
         <value>0x2000f8f3</value>
         <object_component_ref idref="oc-445"/>
      </symbol>
      <symbol id="sm-da4">
         <name>I2CMasterErr</name>
         <value>0x2000f2f3</value>
         <object_component_ref idref="oc-433"/>
      </symbol>
      <symbol id="sm-da5">
         <name>I2CMasterTimeoutSet</name>
         <value>0x2000f8bd</value>
         <object_component_ref idref="oc-427"/>
      </symbol>
      <symbol id="sm-da6">
         <name>I2CMasterControl</name>
         <value>0x2000f899</value>
         <object_component_ref idref="oc-42d"/>
      </symbol>
      <symbol id="sm-da7">
         <name>I2CMasterBusy</name>
         <value>0x2000f747</value>
         <object_component_ref idref="oc-25e"/>
      </symbol>
      <symbol id="sm-da8">
         <name>I2CMasterEnable</name>
         <value>0x2000f7ef</value>
         <object_component_ref idref="oc-256"/>
      </symbol>
      <symbol id="sm-da9">
         <name>I2CMasterIntStatusEx</name>
         <value>0x2000f5b9</value>
         <object_component_ref idref="oc-421"/>
      </symbol>
      <symbol id="sm-e17">
         <name>IntPrioritySet</name>
         <value>0x2000ee71</value>
         <object_component_ref idref="oc-309"/>
      </symbol>
      <symbol id="sm-e18">
         <name>IntEnable</name>
         <value>0x2000e345</value>
         <object_component_ref idref="oc-1e3"/>
      </symbol>
      <symbol id="sm-e19">
         <name>IntDisable</name>
         <value>0x2000e29d</value>
         <object_component_ref idref="oc-4aa"/>
      </symbol>
      <symbol id="sm-e1a">
         <name>IntRegister</name>
         <value>0x2000f559</value>
         <object_component_ref idref="oc-414"/>
      </symbol>
      <symbol id="sm-e1b">
         <name>IntUnregister</name>
         <value>0x2000f445</value>
         <object_component_ref idref="oc-4b0"/>
      </symbol>
      <symbol id="sm-e1c">
         <name>IntMasterEnable</name>
         <value>0x2000f91d</value>
         <object_component_ref idref="oc-1dd"/>
      </symbol>
      <symbol id="sm-e64">
         <name>PinTypeI2C</name>
         <value>0x2000f68b</value>
         <object_component_ref idref="oc-23e"/>
      </symbol>
      <symbol id="sm-e65">
         <name>PinTypeUART</name>
         <value>0x2000f715</value>
         <object_component_ref idref="oc-214"/>
      </symbol>
      <symbol id="sm-e66">
         <name>PinDirModeSet</name>
         <value>0x2000f17d</value>
         <object_component_ref idref="oc-208"/>
      </symbol>
      <symbol id="sm-e67">
         <name>PinTypeSDHost</name>
         <value>0x2000f6fb</value>
         <object_component_ref idref="oc-202"/>
      </symbol>
      <symbol id="sm-e68">
         <name>PinConfigSet</name>
         <value>0x2000e5b1</value>
         <object_component_ref idref="oc-20e"/>
      </symbol>
      <symbol id="sm-e69">
         <name>PinModeSet</name>
         <value>0x2000f081</value>
         <object_component_ref idref="oc-1f0"/>
      </symbol>
      <symbol id="sm-eef">
         <name>PRCMPeripheralReset</name>
         <value>0x2000edc1</value>
         <object_component_ref idref="oc-244"/>
      </symbol>
      <symbol id="sm-ef0">
         <name>PRCMPeripheralClkEnable</name>
         <value>0x2000f141</value>
         <object_component_ref idref="oc-1f6"/>
      </symbol>
      <symbol id="sm-ef1">
         <name>PRCMPeripheralClockGet</name>
         <value>0x2000e489</value>
         <object_component_ref idref="oc-21a"/>
      </symbol>
      <symbol id="sm-ef2">
         <name>PRCMCC3200MCUInit</name>
         <value>0x2000d6f1</value>
         <object_component_ref idref="oc-1e9"/>
      </symbol>
      <symbol id="sm-ef3">
         <name>PRCMHIBRegWrite</name>
         <value>0x2000f81b</value>
         <object_component_ref idref="oc-3eb"/>
      </symbol>
      <symbol id="sm-ef4">
         <name>PRCMSysResetCauseGet</name>
         <value>0x2000f321</value>
         <object_component_ref idref="oc-3df"/>
      </symbol>
      <symbol id="sm-ef5">
         <name>PRCMPeripheralClkDisable</name>
         <value>0x2000f3cd</value>
         <object_component_ref idref="oc-3f1"/>
      </symbol>
      <symbol id="sm-ef6">
         <name>PRCMHIBRegRead</name>
         <value>0x2000f805</value>
         <object_component_ref idref="oc-3e5"/>
      </symbol>
      <symbol id="sm-f60">
         <name>SDHostDataWrite</name>
         <value>0x2000f5d7</value>
         <object_component_ref idref="oc-573"/>
      </symbol>
      <symbol id="sm-f61">
         <name>SDHostInit</name>
         <value>0x2000e851</value>
         <object_component_ref idref="oc-2e1"/>
      </symbol>
      <symbol id="sm-f62">
         <name>SDHostBlockSizeSet</name>
         <value>0x2000f3f5</value>
         <object_component_ref idref="oc-55e"/>
      </symbol>
      <symbol id="sm-f63">
         <name>SDHostIntStatus</name>
         <value>0x2000f34d</value>
         <object_component_ref idref="oc-54c"/>
      </symbol>
      <symbol id="sm-f64">
         <name>SDHostBlockCountSet</name>
         <value>0x2000f41d</value>
         <object_component_ref idref="oc-564"/>
      </symbol>
      <symbol id="sm-f65">
         <name>SDHostSetExpClk</name>
         <value>0x2000ebdd</value>
         <object_component_ref idref="oc-2e7"/>
      </symbol>
      <symbol id="sm-f66">
         <name>SDHostIntClear</name>
         <value>0x2000f469</value>
         <object_component_ref idref="oc-540"/>
      </symbol>
      <symbol id="sm-f67">
         <name>SDHostCmdSend</name>
         <value>0x2000f101</value>
         <object_component_ref idref="oc-546"/>
      </symbol>
      <symbol id="sm-f68">
         <name>SDHostRespGet</name>
         <value>0x2000f25f</value>
         <object_component_ref idref="oc-558"/>
      </symbol>
      <symbol id="sm-f69">
         <name>SDHostDataRead</name>
         <value>0x2000f579</value>
         <object_component_ref idref="oc-56a"/>
      </symbol>
      <symbol id="sm-f6a">
         <name>SDHostCmdReset</name>
         <value>0x2000f4f7</value>
         <object_component_ref idref="oc-552"/>
      </symbol>
      <symbol id="sm-fef">
         <name>TimerLoadSet</name>
         <value>0x2000f379</value>
         <object_component_ref idref="oc-327"/>
      </symbol>
      <symbol id="sm-ff0">
         <name>TimerDisable</name>
         <value>0x2000f5f5</value>
         <object_component_ref idref="oc-333"/>
      </symbol>
      <symbol id="sm-ff1">
         <name>TimerIntRegister</name>
         <value>0x2000e9bd</value>
         <object_component_ref idref="oc-30f"/>
      </symbol>
      <symbol id="sm-ff2">
         <name>TimerEnable</name>
         <value>0x2000f613</value>
         <object_component_ref idref="oc-32d"/>
      </symbol>
      <symbol id="sm-ff3">
         <name>TimerIntUnregister</name>
         <value>0x2000eb75</value>
         <object_component_ref idref="oc-33f"/>
      </symbol>
      <symbol id="sm-ff4">
         <name>TimerIntStatus</name>
         <value>0x2000f631</value>
         <object_component_ref idref="oc-31b"/>
      </symbol>
      <symbol id="sm-ff5">
         <name>TimerIntDisable</name>
         <value>0x2000f75f</value>
         <object_component_ref idref="oc-339"/>
      </symbol>
      <symbol id="sm-ff6">
         <name>TimerValueGet</name>
         <value>0x2000f6a7</value>
         <object_component_ref idref="oc-345"/>
      </symbol>
      <symbol id="sm-ff7">
         <name>TimerPrescaleSet</name>
         <value>0x2000f3a3</value>
         <object_component_ref idref="oc-303"/>
      </symbol>
      <symbol id="sm-ff8">
         <name>TimerIntEnable</name>
         <value>0x2000f777</value>
         <object_component_ref idref="oc-315"/>
      </symbol>
      <symbol id="sm-ff9">
         <name>TimerConfigure</name>
         <value>0x2000eff9</value>
         <object_component_ref idref="oc-2fd"/>
      </symbol>
      <symbol id="sm-ffa">
         <name>TimerIntClear</name>
         <value>0x2000f8cf</value>
         <object_component_ref idref="oc-321"/>
      </symbol>
      <symbol id="sm-1068">
         <name>UARTFIFODisable</name>
         <value>0x2000f831</value>
         <object_component_ref idref="oc-226"/>
      </symbol>
      <symbol id="sm-1069">
         <name>UARTConfigSetExpClk</name>
         <value>0x2000e947</value>
         <object_component_ref idref="oc-220"/>
      </symbol>
      <symbol id="sm-106a">
         <name>UARTDisable</name>
         <value>0x2000f295</value>
         <object_component_ref idref="oc-406"/>
      </symbol>
      <symbol id="sm-106b">
         <name>UARTIntEnable</name>
         <value>0x2000f7a7</value>
         <object_component_ref idref="oc-232"/>
      </symbol>
      <symbol id="sm-106c">
         <name>UARTCharsAvail</name>
         <value>0x2000f78f</value>
         <object_component_ref idref="oc-281"/>
      </symbol>
      <symbol id="sm-106d">
         <name>UARTCharGetNonBlocking</name>
         <value>0x2000f6c3</value>
         <object_component_ref idref="oc-287"/>
      </symbol>
      <symbol id="sm-106e">
         <name>UARTCharPut</name>
         <value>0x2000f64f</value>
         <object_component_ref idref="oc-275"/>
      </symbol>
      <symbol id="sm-106f">
         <name>UARTEnable</name>
         <value>0x2000f48d</value>
         <object_component_ref idref="oc-238"/>
      </symbol>
      <symbol id="sm-1070">
         <name>UARTIntRegister</name>
         <value>0x2000f66d</value>
         <object_component_ref idref="oc-22c"/>
      </symbol>
      <symbol id="sm-1075">
         <name>UtilsDelay</name>
         <value>0x2000f92f</value>
         <object_component_ref idref="oc-25d"/>
      </symbol>
      <symbol id="sm-1080">
         <name>CPUcpsie</name>
         <value>0x2000f85d</value>
         <object_component_ref idref="oc-3cf"/>
      </symbol>
      <symbol id="sm-1082">
         <name>__TI_static_base__</name>
         <value>0x20010068</value>
      </symbol>
      <symbol id="sm-1085">
         <name>SHT$$INIT_ARRAY$$Limit</name>
         <value>0x0</value>
      </symbol>
      <symbol id="sm-1086">
         <name>SHT$$INIT_ARRAY$$Base</name>
         <value>0x0</value>
      </symbol>
   </symbol_table>
   <title>Link successful</title>
</link_info>
