******************************************************************************
                  TI ARM Linker PC v15.12.3                    
******************************************************************************
>> Linked Mon Jan 16 00:08:51 2017

OUTPUT FILE NAME:   <GPS-INS-NAV.out>
ENTRY POINT SYMBOL: "_c_int00"  address: 2000f0c1


MEMORY CONFIGURATION

         name            origin    length      used     unused   attr    fill
----------------------  --------  ---------  --------  --------  ----  --------
  SRAM_CODE             20004000   00012fff  0000c1c2  00006e3d  RW X
  SRAM_DATA             20017000   00019000  00000690  00018970  RW X


SEGMENT ALLOCATION MAP

run origin  load origin   length   init length attrs members
----------  ----------- ---------- ----------- ----- -------
20004000    20004000    0000c1c4   0000c1c4    r-x
  20004000    20004000    00000400   00000400    r-- .intvecs
  20004400    20004400    0000b53e   0000b53e    r-x .text
  2000f940    2000f940    00000728   00000728    r-- .const
  20010068    20010068    0000015c   0000015c    r-- .cinit
20017000    20017000    00000180   00000000    rw-
  20017000    20017000    0000016c   00000000    rw- .data
  2001716c    2001716c    0000000a   00000000    rw- .bss
  20017178    20017178    00000008   00000000    rw- .sysmem
2002faec    2002faec    00000512   00000000    rw-
  2002faec    2002faec    00000512   00000000    rw- .stack


SECTION ALLOCATION MAP

 output                                  attributes/
section   page    origin      length       input sections
--------  ----  ----------  ----------   ----------------
.intvecs   0    20004000    00000400     
                  20004000    00000400     startup_ccs.obj (.intvecs)

.init_array 
*          0    20004000    00000000     UNINITIALIZED

.text      0    20004400    0000b53e     
                  20004400    00002ad6     fatfs.a : ff.obj (.text)
                  20006ed6    00000002     driverlib.a : interrupt.obj (.text:IntDefaultHandler)
                  20006ed8    000010fc     rtsv7M4_T_le_eabi.lib : _printfi.obj (.text)
                  20007fd4    000009a4                           : e_pow.obj (.text)
                  20008978    00000920     INS.obj (.text)
                  20009298    0000071c     rtsv7M4_T_le_eabi.lib : k_rem_pio2.obj (.text)
                  200099b4    000005c4                           : s_sin.obj (.text)
                  20009f78    000005c0                           : s_cos.obj (.text)
                  2000a538    0000054e     matrix_manipulation.obj (.text)
                  2000aa86    00000002     rtsv7M4_T_le_eabi.lib : mpu_init.obj (.text)
                  2000aa88    000004c0     diskio.obj (.text)
                  2000af48    000003dc     rtsv7M4_T_le_eabi.lib : memory.obj (.text)
                  2000b324    0000032c     infrastructure.obj (.text)
                  2000b650    000002ec     rtsv7M4_T_le_eabi.lib : s_atan.obj (.text)
                  2000b93c    000002cc     MPL115A2.obj (.text)
                  2000bc08    000002b4     DS2401.obj (.text)
                  2000bebc    00000290     i2c_if.obj (.text)
                  2000c14c    00000280     uart_if.obj (.text)
                  2000c3cc    00000264     ADXL345.obj (.text)
                  2000c630    0000024c     HMC5883.obj (.text)
                  2000c87c    0000023c     ITG3200.obj (.text)
                  2000cab8    000001f4     rtsv7M4_T_le_eabi.lib : ull_div_t2.obj (.text)
                  2000ccac    000001d4                           : e_atan2.obj (.text)
                  2000ce80    000001c0     pinmux.obj (.text)
                  2000d040    000001b8     main.obj (.text)
                  2000d1f8    000001b6     rtsv7M4_T_le_eabi.lib : fd_add_t2.obj (.text)
                  2000d3ae    00000002                           : startup.obj (.text)
                  2000d3b0    000001a8     kalman_filter.obj (.text)
                  2000d558    00000198     timer_if.obj (.text)
                  2000d6f0    00000178     driverlib.a : prcm.obj (.text:PRCMCC3200MCUInit)
                  2000d868    00000170     rtsv7M4_T_le_eabi.lib : e_sqrt.obj (.text)
                  2000d9d8    00000168                           : k_sin.obj (.text)
                  2000db40    00000160                           : k_cos.obj (.text)
                  2000dca0    00000136                           : fd_div_t2.obj (.text)
                  2000ddd6    00000002     --HOLE-- [fill = 0]
                  2000ddd8    00000108     SD_card.obj (.text)
                  2000dee0    000000fc     rtsv7M4_T_le_eabi.lib : fd_mul_t2.obj (.text)
                  2000dfdc    000000fa                           : fs_add_t2.obj (.text)
                  2000e0d6    00000002     --HOLE-- [fill = 0]
                  2000e0d8    000000f4                           : s_floor.obj (.text)
                  2000e1cc    000000d0                           : s_scalbn.obj (.text)
                  2000e29c    000000a8     driverlib.a : interrupt.obj (.text:IntDisable)
                  2000e344    000000a8                 : interrupt.obj (.text:IntEnable)
                  2000e3ec    0000009c     rtsv7M4_T_le_eabi.lib : memcpy_t2.obj (.text)
                  2000e488    00000094     driverlib.a : prcm.obj (.text:PRCMPeripheralClockGet)
                  2000e51c    00000092     rtsv7M4_T_le_eabi.lib : fs_div_t2.obj (.text)
                  2000e5ae    00000002     --HOLE-- [fill = 0]
                  2000e5b0    00000088     driverlib.a : pin.obj (.text:PinConfigSet)
                  2000e638    00000088     rtsv7M4_T_le_eabi.lib : vsnprintf.obj (.text)
                  2000e6c0    00000086                           : fd_cmp_t2.obj (.text:__aeabi_cdcmple)
                  2000e746    00000086                           : fd_cmp_t2.obj (.text:__aeabi_cdrcmple)
                  2000e7cc    00000084     driverlib.a : i2c.obj (.text:I2CMasterInitExpClk)
                  2000e850    0000007c                 : sdhost.obj (.text:SDHostInit)
                  2000e8cc    0000007a     rtsv7M4_T_le_eabi.lib : memset_t2.obj (.text)
                  2000e946    00000076     driverlib.a : uart.obj (.text:UARTConfigSetExpClk)
                  2000e9bc    00000070                 : timer.obj (.text:TimerIntRegister)
                  2000ea2c    00000070     rtsv7M4_T_le_eabi.lib : autoinit.obj (.text)
                  2000ea9c    0000006e                           : fd_tos_t2.obj (.text)
                  2000eb0a    0000006a                           : copy_decompress_rle.obj (.text)
                  2000eb74    00000068     driverlib.a : timer.obj (.text:TimerIntUnregister)
                  2000ebdc    00000066                 : sdhost.obj (.text:SDHostSetExpClk)
                  2000ec42    00000060     rtsv7M4_T_le_eabi.lib : fs_cmp_t2.obj (.text:__aeabi_cfcmple)
                  2000eca2    00000060                           : fs_cmp_t2.obj (.text:__aeabi_cfrcmple)
                  2000ed02    00000002     --HOLE-- [fill = 0]
                  2000ed04    00000060                           : sprintf.obj (.text)
                  2000ed64    0000005c                           : s_frexp.obj (.text)
                  2000edc0    00000058     driverlib.a : prcm.obj (.text:PRCMPeripheralReset)
                  2000ee18    00000056     rtsv7M4_T_le_eabi.lib : ltoa.obj (.text)
                  2000ee6e    00000002     --HOLE-- [fill = 0]
                  2000ee70    00000054     driverlib.a : interrupt.obj (.text:IntPrioritySet)
                  2000eec4    00000054     rtsv7M4_T_le_eabi.lib : exit.obj (.text)
                  2000ef18    0000004c                           : atoi.obj (.text)
                  2000ef64    0000004c                           : cpy_tbl.obj (.text)
                  2000efb0    00000048                           : fd_toi_t2.obj (.text)
                  2000eff8    00000044     driverlib.a : timer.obj (.text:TimerConfigure)
                  2000f03c    00000044                 : uart.obj (.text:UARTIntNumberGet)
                  2000f080    00000040                 : pin.obj (.text:PinModeSet)
                  2000f0c0    00000040     rtsv7M4_T_le_eabi.lib : boot.obj (.text)
                  2000f100    0000003e     driverlib.a : sdhost.obj (.text:SDHostCmdSend)
                  2000f13e    00000002     --HOLE-- [fill = 0]
                  2000f140    0000003c                 : prcm.obj (.text:PRCMPeripheralClkEnable)
                  2000f17c    0000003c                 : pin.obj (.text:PinDirModeSet)
                  2000f1b8    00000038     rtsv7M4_T_le_eabi.lib : fs_tod_t2.obj (.text)
                  2000f1f0    00000038                           : i_tofs_t2.obj (.text)
                  2000f228    00000036     driverlib.a : gpio.obj (.text:GPIODirModeSet)
                  2000f25e    00000034                 : sdhost.obj (.text:SDHostRespGet)
                  2000f292    00000002     --HOLE-- [fill = 0]
                  2000f294    00000030                 : uart.obj (.text:UARTDisable)
                  2000f2c4    0000002e     rtsv7M4_T_le_eabi.lib : i_tofd_t2.obj (.text)
                  2000f2f2    0000002c     driverlib.a : i2c.obj (.text:I2CMasterErr)
                  2000f31e    00000002     --HOLE-- [fill = 0]
                  2000f320    0000002c                 : prcm.obj (.text:PRCMSysResetCauseGet)
                  2000f34c    0000002c                 : sdhost.obj (.text:SDHostIntStatus)
                  2000f378    0000002a                 : timer.obj (.text:TimerLoadSet)
                  2000f3a2    0000002a                 : timer.obj (.text:TimerPrescaleSet)
                  2000f3cc    00000028                 : prcm.obj (.text:PRCMPeripheralClkDisable)
                  2000f3f4    00000028                 : sdhost.obj (.text:SDHostBlockSizeSet)
                  2000f41c    00000026                 : sdhost.obj (.text:SDHostBlockCountSet)
                  2000f442    00000002     --HOLE-- [fill = 0]
                  2000f444    00000024                 : interrupt.obj (.text:IntUnregister)
                  2000f468    00000024                 : sdhost.obj (.text:SDHostIntClear)
                  2000f48c    00000024                 : uart.obj (.text:UARTEnable)
                  2000f4b0    00000024     rtsv7M4_T_le_eabi.lib : memmov.obj (.text)
                  2000f4d4    00000022     driverlib.a : i2c.obj (.text:I2CMasterSlaveAddrSet)
                  2000f4f6    00000022                 : sdhost.obj (.text:SDHostCmdReset)
                  2000f518    00000020                 : gpio.obj (.text:GPIOPinWrite)
                  2000f538    00000020     GPS.obj (.text)
                  2000f558    00000020     driverlib.a : interrupt.obj (.text:IntRegister)
                  2000f578    00000020                 : sdhost.obj (.text:SDHostDataRead)
                  2000f598    00000020     rtsv7M4_T_le_eabi.lib : u_tofd_t2.obj (.text)
                  2000f5b8    0000001e     driverlib.a : i2c.obj (.text:I2CMasterIntStatusEx)
                  2000f5d6    0000001e                 : sdhost.obj (.text:SDHostDataWrite)
                  2000f5f4    0000001e                 : timer.obj (.text:TimerDisable)
                  2000f612    0000001e                 : timer.obj (.text:TimerEnable)
                  2000f630    0000001e                 : timer.obj (.text:TimerIntStatus)
                  2000f64e    0000001e                 : uart.obj (.text:UARTCharPut)
                  2000f66c    0000001e                 : uart.obj (.text:UARTIntRegister)
                  2000f68a    0000001c                 : pin.obj (.text:PinTypeI2C)
                  2000f6a6    0000001c                 : timer.obj (.text:TimerValueGet)
                  2000f6c2    0000001c                 : uart.obj (.text:UARTCharGetNonBlocking)
                  2000f6de    0000001c     rtsv7M4_T_le_eabi.lib : memccpy.obj (.text)
                  2000f6fa    0000001a     driverlib.a : pin.obj (.text:PinTypeSDHost)
                  2000f714    0000001a                 : pin.obj (.text:PinTypeUART)
                  2000f72e    00000018                 : gpio.obj (.text:GPIOPinRead)
                  2000f746    00000018                 : i2c.obj (.text:I2CMasterBusy)
                  2000f75e    00000018                 : timer.obj (.text:TimerIntDisable)
                  2000f776    00000018                 : timer.obj (.text:TimerIntEnable)
                  2000f78e    00000018                 : uart.obj (.text:UARTCharsAvail)
                  2000f7a6    00000018                 : uart.obj (.text:UARTIntEnable)
                  2000f7be    00000002     --HOLE-- [fill = 0]
                  2000f7c0    00000018     rtsv7M4_T_le_eabi.lib : args_main.obj (.text)
                  2000f7d8    00000016     driverlib.a : i2c.obj (.text:I2CMasterDataPut)
                  2000f7ee    00000016                 : i2c.obj (.text:I2CMasterEnable)
                  2000f804    00000016                 : prcm.obj (.text:PRCMHIBRegRead)
                  2000f81a    00000016                 : prcm.obj (.text:PRCMHIBRegWrite)
                  2000f830    00000016                 : uart.obj (.text:UARTFIFODisable)
                  2000f846    00000016     rtsv7M4_T_le_eabi.lib : strchr.obj (.text)
                  2000f85c    00000014     driverlib.a : cpu.obj (.text:CPUcpsie)
                  2000f870    00000014     rtsv7M4_T_le_eabi.lib : _lock.obj (.text)
                  2000f884    00000014                           : strlen.obj (.text)
                  2000f898    00000012     driverlib.a : i2c.obj (.text:I2CMasterControl)
                  2000f8aa    00000012                 : i2c.obj (.text:I2CMasterIntClearEx)
                  2000f8bc    00000012                 : i2c.obj (.text:I2CMasterTimeoutSet)
                  2000f8ce    00000012                 : timer.obj (.text:TimerIntClear)
                  2000f8e0    00000012     board.obj (.text)
                  2000f8f2    0000000e     driverlib.a : i2c.obj (.text:I2CMasterDataGet)
                  2000f900    0000000e     rtsv7M4_T_le_eabi.lib : copy_decompress_none.obj (.text:decompress:none)
                  2000f90e    0000000e     startup_ccs.obj (.text)
                  2000f91c    0000000a     driverlib.a : interrupt.obj (.text:IntMasterEnable)
                  2000f926    00000008     rtsv7M4_T_le_eabi.lib : s_copysign.obj (.text)
                  2000f92e    00000006     driverlib.a : utils.obj (.text:UtilsDelay)
                  2000f934    00000006     rtsv7M4_T_le_eabi.lib : copy_decompress_rle.obj (.text:decompress:rle24)
                  2000f93a    00000004                           : pre_init.obj (.text)

.const     0    2000f940    00000728     
                  2000f940    00000158     rtsv7M4_T_le_eabi.lib : k_rem_pio2.obj (.const:$O1$$)
                  2000fa98    00000101                           : ctype.obj (.const:.string:_ctypes_)
                  2000fb99    00000003     --HOLE-- [fill = 0]
                  2000fb9c    00000100     driverlib.a : pin.obj (.const:g_ulPinToPadMap)
                  2000fc9c    000000d4                 : interrupt.obj (.const:g_pulRegs)
                  2000fd70    000000a8                 : prcm.obj (.const:PRCM_PeriphRegsList)
                  2000fe18    00000098     rtsv7M4_T_le_eabi.lib : s_atan.obj (.const:$O1$$)
                  2000feb0    00000048     kalman_filter.obj (.const:$P$T0$1)
                  2000fef8    00000048     main.obj (.const:$P$T3$4)
                  2000ff40    00000048     main.obj (.const:$P$T4$5)
                  2000ff88    00000030     rtsv7M4_T_le_eabi.lib : e_pow.obj (.const:$O1$$)
                  2000ffb8    00000025     main.obj (.const:.string:$P$T5$6)
                  2000ffdd    00000003     --HOLE-- [fill = 0]
                  2000ffe0    00000018     main.obj (.const:$P$T0$1)
                  2000fff8    00000018     main.obj (.const:$P$T1$2)
                  20010010    00000018     main.obj (.const:$P$T2$3)
                  20010028    00000018     driverlib.a : interrupt.obj (.const:g_pulDisRegs)
                  20010040    00000018                 : interrupt.obj (.const:g_pulEnRegs)
                  20010058    00000010                 : uart.obj (.const:g_ppulUARTIntMap)

.cinit     0    20010068    0000015c     
                  20010068    00000131     (.cinit..data.load) [load image, compression = rle]
                  20010199    00000007     --HOLE-- [fill = 0]
                  200101a0    00000009     (.cinit..bss.load) [load image, compression = rle]
                  200101a9    00000003     --HOLE-- [fill = 0]
                  200101ac    00000008     (__TI_handler_table)
                  200101b4    00000010     (__TI_cinit_table)

.data      0    20017000    0000016c     UNINITIALIZED
                  20017000    00000100     DS2401.obj (.data:ds2401_crc8_table)
                  20017100    0000002c     HMC5883.obj (.data)
                  2001712c    00000018     diskio.obj (.data:g_sDisk)
                  20017144    0000000c     rtsv7M4_T_le_eabi.lib : exit.obj (.data:$O1$$)
                  20017150    0000000c                           : memory.obj (.data:$O1$$)
                  2001715c    00000008                           : _lock.obj (.data:$O1$$)
                  20017164    00000004                           : errno.obj (.data)
                  20017168    00000004                           : stkdepth_vars.obj (.data)

.bss       0    2001716c    0000000a     UNINITIALIZED
                  2001716c    00000004     fatfs.a : ff.obj (.bss:FatFs)
                  20017170    00000004     uart_if.obj (.bss)
                  20017174    00000002     fatfs.a : ff.obj (.bss)

.sysmem    0    20017178    00000008     UNINITIALIZED
                  20017178    00000008     rtsv7M4_T_le_eabi.lib : memory.obj (.sysmem)

.stack     0    2002faec    00000512     UNINITIALIZED
                  2002faec    00000512     --HOLE--

MODULE SUMMARY

       Module                     code    ro data   rw data
       ------                     ----    -------   -------
    .\
       infrastructure.obj         812     0         0      
       main.obj                   440     253       0      
    +--+--------------------------+-------+---------+---------+
       Total:                     1252    253       0      
                                                           
    .\INS\
       INS.obj                    2336    0         0      
       matrix_manipulation.obj    1358    0         0      
       kalman_filter.obj          424     72        0      
    +--+--------------------------+-------+---------+---------+
       Total:                     4118    72        0      
                                                           
    .\Sensors\
       MPL115A2.obj               716     0         0      
       HMC5883.obj                588     0         44     
       ADXL345.obj                612     0         0      
       ITG3200.obj                572     0         0      
       GPS.obj                    32      0         0      
    +--+--------------------------+-------+---------+---------+
       Total:                     2520    0         44     
                                                           
    .\board\
       DS2401.obj                 692     0         256    
       pinmux.obj                 448     0         0      
       SD_card.obj                264     0         0      
       board.obj                  18      0         0      
    +--+--------------------------+-------+---------+---------+
       Total:                     1422    0         256    
                                                           
    .\common\
       startup_ccs.obj            14      1024      0      
       i2c_if.obj                 656     0         0      
       uart_if.obj                640     0         4      
       timer_if.obj               408     0         0      
    +--+--------------------------+-------+---------+---------+
       Total:                     1718    1024      4      
                                                           
    .\interfaces\
       diskio.obj                 1216    0         24     
    +--+--------------------------+-------+---------+---------+
       Total:                     1216    0         24     
                                                           
    C:/TI/CC3200SDK_1.2.0/cc3200-sdk/driverlib/ccs/Release/driverlib.a
       prcm.obj                   800     168       0      
       interrupt.obj              500     260       0      
       pin.obj                    340     256       0      
       sdhost.obj                 594     0         0      
       timer.obj                  552     0         0      
       uart.obj                   428     16        0      
       i2c.obj                    376     0         0      
       gpio.obj                   110     0         0      
       cpu.obj                    20      0         0      
       utils.obj                  6       0         0      
    +--+--------------------------+-------+---------+---------+
       Total:                     3726    700       0      
                                                           
    C:\TI\ccsv6\tools\compiler\arm_15.12.3.LTS\lib\rtsv7M4_T_le_eabi.lib
       _printfi.obj               4348    0         0      
       e_pow.obj                  2468    48        0      
       k_rem_pio2.obj             1820    344       0      
       s_sin.obj                  1476    0         0      
       s_cos.obj                  1472    0         0      
       memory.obj                 988     0         12     
       s_atan.obj                 748     152       0      
       ull_div_t2.obj             500     0         0      
       e_atan2.obj                468     0         0      
       fd_add_t2.obj              438     0         0      
       e_sqrt.obj                 368     0         0      
       k_sin.obj                  360     0         0      
       k_cos.obj                  352     0         0      
       fd_div_t2.obj              310     0         0      
       fd_cmp_t2.obj              268     0         0      
       ctype.obj                  0       257       0      
       fd_mul_t2.obj              252     0         0      
       fs_add_t2.obj              250     0         0      
       s_floor.obj                244     0         0      
       s_scalbn.obj               208     0         0      
       fs_cmp_t2.obj              192     0         0      
       memcpy_t2.obj              156     0         0      
       fs_div_t2.obj              146     0         0      
       vsnprintf.obj              136     0         0      
       memset_t2.obj              122     0         0      
       autoinit.obj               112     0         0      
       copy_decompress_rle.obj    112     0         0      
       fd_tos_t2.obj              110     0         0      
       exit.obj                   84      0         12     
       sprintf.obj                96      0         0      
       s_frexp.obj                92      0         0      
       ltoa.obj                   86      0         0      
       atoi.obj                   76      0         0      
       cpy_tbl.obj                76      0         0      
       fd_toi_t2.obj              72      0         0      
       boot.obj                   64      0         0      
       fs_tod_t2.obj              56      0         0      
       i_tofs_t2.obj              56      0         0      
       i_tofd_t2.obj              46      0         0      
       memmov.obj                 36      0         0      
       u_tofd_t2.obj              32      0         0      
       _lock.obj                  20      0         8      
       memccpy.obj                28      0         0      
       args_main.obj              24      0         0      
       strchr.obj                 22      0         0      
       strlen.obj                 20      0         0      
       copy_decompress_none.obj   14      0         0      
       s_copysign.obj             8       0         0      
       errno.obj                  0       0         4      
       pre_init.obj               4       0         0      
       stkdepth_vars.obj          0       0         4      
       mpu_init.obj               2       0         0      
       startup.obj                2       0         0      
    +--+--------------------------+-------+---------+---------+
       Total:                     19440   801       40     
                                                           
    D:/workspace/fatfs/Release/fatfs.a
       ff.obj                     10966   0         6      
    +--+--------------------------+-------+---------+---------+
       Total:                     10966   0         6      
                                                           
       Heap:                      0       0         8      
       Stack:                     0       0         1298   
       Linker Generated:          0       338       0      
    +--+--------------------------+-------+---------+---------+
       Grand Total:               46378   3188      1680   


LINKER GENERATED COPY TABLES

__TI_cinit_table @ 200101b4 records: 2, size/record: 8, table size: 16
	.data: load addr=20010068, load size=00000131 bytes, run addr=20017000, run size=0000016c bytes, compression=rle
	.bss: load addr=200101a0, load size=00000009 bytes, run addr=2001716c, run size=0000000a bytes, compression=rle


LINKER GENERATED HANDLER TABLE

__TI_handler_table @ 200101ac records: 2, size/record: 4, table size: 8
	index: 0, handler: __TI_decompress_rle24
	index: 1, handler: __TI_decompress_none


GLOBAL SYMBOLS: SORTED ALPHABETICALLY BY Name 

address   name                           
-------   ----                           
2000c541  ADXL345_read_accdata           
2000f8e1  BoardInit                      
2000eec5  C$$EXIT                        
2000f85d  CPUcpsie                       
2000c18d  ClearTerm                      
2000bc5f  DS2401_Funcs_get               
2000bc2f  DS2401_Funcs_set               
2000c197  Error                          
2000f229  GPIODirModeSet                 
2000f72f  GPIOPinRead                    
2000f519  GPIOPinWrite                   
2000f547  GPS_off                        
2000f539  GPS_on                         
2000c1cf  GetCmd                         
2000c797  HMC5883_read_magdata           
2000f747  I2CMasterBusy                  
2000f899  I2CMasterControl               
2000f8f3  I2CMasterDataGet               
2000f7d9  I2CMasterDataPut               
2000f7ef  I2CMasterEnable                
2000f2f3  I2CMasterErr                   
2000e7cd  I2CMasterInitExpClk            
2000f8ab  I2CMasterIntClearEx            
2000f5b9  I2CMasterIntStatusEx           
2000f4d5  I2CMasterSlaveAddrSet          
2000f8bd  I2CMasterTimeoutSet            
2000c135  I2C_IF_Close                   
2000c0ed  I2C_IF_Open                    
2000bfe7  I2C_IF_Read                    
2000c0a3  I2C_IF_ReadFrom                
2000bf31  I2C_IF_Write                   
20008e5d  INS_calc                       
20008a81  INS_init                       
2000c9c3  ITG3200_read_gyrdata           
2000c14d  InitTerm                       
2000e29d  IntDisable                     
2000e345  IntEnable                      
2000f91d  IntMasterEnable                
2000ee71  IntPrioritySet                 
2000f559  IntRegister                    
2000f445  IntUnregister                  
2000b93f  MPL115A2_get_pressure          
2000bb2d  MPL115A2_get_pressure_avg      
2000c16b  Message                        
2000d6f1  PRCMCC3200MCUInit              
2000f805  PRCMHIBRegRead                 
2000f81b  PRCMHIBRegWrite                
2000f3cd  PRCMPeripheralClkDisable       
2000f141  PRCMPeripheralClkEnable        
2000e489  PRCMPeripheralClockGet         
2000edc1  PRCMPeripheralReset            
2000f321  PRCMSysResetCauseGet           
2000e5b1  PinConfigSet                   
2000f17d  PinDirModeSet                  
2000f081  PinModeSet                     
2000ce83  PinMuxConfig                   
2000f68b  PinTypeI2C                     
2000f6fb  PinTypeSDHost                  
2000f715  PinTypeUART                    
2000c30d  Report                         
2000f90f  ResetISR                       
2000f41d  SDHostBlockCountSet            
2000f3f5  SDHostBlockSizeSet             
2000f4f7  SDHostCmdReset                 
2000f101  SDHostCmdSend                  
2000f579  SDHostDataRead                 
2000f5d7  SDHostDataWrite                
2000e851  SDHostInit                     
2000f469  SDHostIntClear                 
2000f34d  SDHostIntStatus                
2000f25f  SDHostRespGet                  
2000ebdd  SDHostSetExpClk                
2000dde7  SD_off                         
2000ddd9  SD_on                          
2000de1d  SD_write_file                  
UNDEFED   SHT$$INIT_ARRAY$$Base          
UNDEFED   SHT$$INIT_ARRAY$$Limit         
2000eff9  TimerConfigure                 
2000f5f5  TimerDisable                   
2000f613  TimerEnable                    
2000f8cf  TimerIntClear                  
2000f75f  TimerIntDisable                
2000f777  TimerIntEnable                 
2000e9bd  TimerIntRegister               
2000f631  TimerIntStatus                 
2000eb75  TimerIntUnregister             
2000f379  TimerLoadSet                   
2000f3a3  TimerPrescaleSet               
2000f6a7  TimerValueGet                  
2000d69f  Timer_IF_DeInit                
2000d6d1  Timer_IF_GetCount              
2000d5d9  Timer_IF_Init                  
2000d60b  Timer_IF_IntSetup              
2000d657  Timer_IF_InterruptClear        
2000d6b9  Timer_IF_ReLoad                
2000d66f  Timer_IF_Start                 
2000d68f  Timer_IF_Stop                  
2000c275  TrimSpace                      
2000ce81  UART1_Handler                  
2000f6c3  UARTCharGetNonBlocking         
2000f64f  UARTCharPut                    
2000f78f  UARTCharsAvail                 
2000e947  UARTConfigSetExpClk            
2000f295  UARTDisable                    
2000f48d  UARTEnable                     
2000f831  UARTFIFODisable                
2000f7a7  UARTIntEnable                  
2000f66d  UARTIntRegister                
2000f92f  UtilsDelay                     
20017114  Xmax                           
20017100  Xmcal                          
20017120  Xmin                           
20017108  Xmoff                          
20017118  Ymax                           
20017102  Ymcal                          
20017124  Ymin                           
2001710c  Ymoff                          
2001711c  Zmax                           
20017104  Zmcal                          
20017128  Zmin                           
20017110  Zmoff                          
2002fffe  __STACK_END                    
00000512  __STACK_SIZE                   
00000008  __SYSMEM_SIZE                  
200101b4  __TI_CINIT_Base                
200101c4  __TI_CINIT_Limit               
200101ac  __TI_Handler_Table_Base        
200101b4  __TI_Handler_Table_Limit       
2000ea2d  __TI_auto_init                 
20017144  __TI_cleanup_ptr               
2000f901  __TI_decompress_none           
2000f935  __TI_decompress_rle24          
20017148  __TI_dtors_ptr                 
2001714c  __TI_enable_exit_profile_output
ffffffff  __TI_pprof_out_hndl            
20007ccf  __TI_printfi                   
ffffffff  __TI_prof_data_size            
ffffffff  __TI_prof_data_start           
20010068  __TI_static_base__             
2000e6c1  __aeabi_cdcmpeq                
2000e6c1  __aeabi_cdcmple                
2000e747  __aeabi_cdrcmple               
2000ec43  __aeabi_cfcmpeq                
2000ec43  __aeabi_cfcmple                
2000eca3  __aeabi_cfrcmple               
2000ea9d  __aeabi_d2f                    
2000efb1  __aeabi_d2iz                   
2000d203  __aeabi_dadd                   
2000dca1  __aeabi_ddiv                   
2000dee1  __aeabi_dmul                   
2000d1f9  __aeabi_dsub                   
2000f1b9  __aeabi_f2d                    
2000dfe1  __aeabi_fadd                   
2000e51d  __aeabi_fdiv                   
2000dfdd  __aeabi_fsub                   
2000f2c5  __aeabi_i2d                    
2000f1f1  __aeabi_i2f                    
2000e8cd  __aeabi_memclr                 
2000e8cd  __aeabi_memclr4                
2000e8cd  __aeabi_memclr8                
2000e3ed  __aeabi_memcpy                 
2000e3ed  __aeabi_memcpy4                
2000e3ed  __aeabi_memcpy8                
2000e8cf  __aeabi_memset                 
2000e8cf  __aeabi_memset4                
2000e8cf  __aeabi_memset8                
2000f599  __aeabi_ui2d                   
2000cab9  __aeabi_uldivmod               
ffffffff  __binit__                      
ffffffff  __c_args__                     
2000db41  __kernel_cos                   
20009299  __kernel_rem_pio2              
2000d9d9  __kernel_sin                   
2000aa87  __mpu_init                     
2002faec  __stack                        
2000f7c1  _args_main                     
2000f0c1  _c_int00                       
2000fa98  _ctypes_                       
2001715c  _lock                          
2000f87f  _nop                           
2000f877  _register_lock                 
2000f871  _register_unlock               
20017178  _sys_memory                    
2000d3af  _system_post_cinit             
2000f93b  _system_pre_init               
20017160  _unlock                        
2000eec9  abort                          
2000b651  atan                           
2000ccad  atan2                          
2000ccad  atan2l                         
2000b651  atanl                          
2000ef19  atoi                           
ffffffff  binit                          
2000b2f1  calloc                         
200046b9  clust2sect                     
2000b41f  convert_acc_raw_data_2_units   
2000b4d3  convert_gyr_raw_data_2_units   
2000b3ab  convert_mag_raw_data_2_units   
2000b463  copy_acc_data_2_algorithm      
2000b517  copy_data_2_algorithm          
2000ef65  copy_in                        
2000b3b5  copy_mag_data_2_algorithm      
2000f927  copysign                       
2000f927  copysignl                      
20009f79  cos                            
20009f79  cosl                           
2000a539  determinant                    
2000ab87  disk_initialize                
2000aedd  disk_ioctl                     
2000acd5  disk_read                      
2000acb7  disk_status                    
2000adb9  disk_write                     
2000be47  ds2401_get_id_long             
2000bdbf  ds2401_get_number              
2000bdb5  ds2401_init                    
20017164  errno                          
2000eed1  exit                           
20006c73  f_chmod                        
200062f9  f_close                        
20006603  f_closedir                     
20006703  f_getfree                      
20006329  f_lseek                        
20006a8d  f_mkdir                        
20005a97  f_mount                        
20005b15  f_open                         
2000655b  f_opendir                      
20005d31  f_read                         
20006623  f_readdir                      
20006d03  f_rename                       
200066af  f_stat                         
200061fd  f_sync                         
20006861  f_truncate                     
20006989  f_unlink                       
20006e53  f_utime                        
20005f6b  f_write                        
2000e0d9  floor                          
2000e0d9  floorl                         
2000b03f  free                           
2000ed65  frexp                          
2000ed65  frexpl                         
20004000  g_pfnVectors                   
2000b3ed  get_acc_data                   
200046e9  get_fat                        
2000af21  get_fattime                    
2000b555  get_gps_data                   
2000b4a1  get_gyr_data                   
2000b385  get_mag_data                   
2000c3cd  init_ADXL345                   
2000c631  init_HMC5883                   
2000c87d  init_ITG3200                   
2000b93d  init_MPL115A2                  
2000ddf5  init_SD_card                   
2000b325  init_board_and_sensors         
2000beaf  init_ds2401                    
2000d3b1  kalman_filter                  
2000e1cd  ldexp                          
2000e1cd  ldexpl                         
2000ee19  ltoa                           
2000d041  main                           
20017168  main_func_sp                   
2000afd7  malloc                         
20008979  mat_dot_vec                    
2000a983  matrix_add_3x3                 
2000a691  matrix_inverse_3x3             
2000a8b5  matrix_product_3x3             
2000aa09  matrix_sub_3x3                 
2000b20d  memalign                       
2000f6df  memccpy                        
2000e3ed  memcpy                         
2000f4b1  memmove                        
2000e8d5  memset                         
2000af49  minit                          
20007fd5  pow                            
20007fd5  powl                           
20004823  put_fat                        
2000b101  realloc                        
2000e1cd  scalbn                         
2000e1cd  scalbnl                        
200099b5  sin                            
200099b5  sinl                           
2000ed05  sprintf                        
2000d869  sqrt                           
2000d869  sqrtl                          
2000f847  strchr                         
2000f885  strlen                         
2000bc09  udelay                         
2000b55f  update_acc_timer               
2000b5a7  update_gyr_timer               
2000e639  vsnprintf                      


GLOBAL SYMBOLS: SORTED BY Symbol Address 

address   name                           
-------   ----                           
00000008  __SYSMEM_SIZE                  
00000512  __STACK_SIZE                   
20004000  g_pfnVectors                   
200046b9  clust2sect                     
200046e9  get_fat                        
20004823  put_fat                        
20005a97  f_mount                        
20005b15  f_open                         
20005d31  f_read                         
20005f6b  f_write                        
200061fd  f_sync                         
200062f9  f_close                        
20006329  f_lseek                        
2000655b  f_opendir                      
20006603  f_closedir                     
20006623  f_readdir                      
200066af  f_stat                         
20006703  f_getfree                      
20006861  f_truncate                     
20006989  f_unlink                       
20006a8d  f_mkdir                        
20006c73  f_chmod                        
20006d03  f_rename                       
20006e53  f_utime                        
20007ccf  __TI_printfi                   
20007fd5  pow                            
20007fd5  powl                           
20008979  mat_dot_vec                    
20008a81  INS_init                       
20008e5d  INS_calc                       
20009299  __kernel_rem_pio2              
200099b5  sin                            
200099b5  sinl                           
20009f79  cos                            
20009f79  cosl                           
2000a539  determinant                    
2000a691  matrix_inverse_3x3             
2000a8b5  matrix_product_3x3             
2000a983  matrix_add_3x3                 
2000aa09  matrix_sub_3x3                 
2000aa87  __mpu_init                     
2000ab87  disk_initialize                
2000acb7  disk_status                    
2000acd5  disk_read                      
2000adb9  disk_write                     
2000aedd  disk_ioctl                     
2000af21  get_fattime                    
2000af49  minit                          
2000afd7  malloc                         
2000b03f  free                           
2000b101  realloc                        
2000b20d  memalign                       
2000b2f1  calloc                         
2000b325  init_board_and_sensors         
2000b385  get_mag_data                   
2000b3ab  convert_mag_raw_data_2_units   
2000b3b5  copy_mag_data_2_algorithm      
2000b3ed  get_acc_data                   
2000b41f  convert_acc_raw_data_2_units   
2000b463  copy_acc_data_2_algorithm      
2000b4a1  get_gyr_data                   
2000b4d3  convert_gyr_raw_data_2_units   
2000b517  copy_data_2_algorithm          
2000b555  get_gps_data                   
2000b55f  update_acc_timer               
2000b5a7  update_gyr_timer               
2000b651  atan                           
2000b651  atanl                          
2000b93d  init_MPL115A2                  
2000b93f  MPL115A2_get_pressure          
2000bb2d  MPL115A2_get_pressure_avg      
2000bc09  udelay                         
2000bc2f  DS2401_Funcs_set               
2000bc5f  DS2401_Funcs_get               
2000bdb5  ds2401_init                    
2000bdbf  ds2401_get_number              
2000be47  ds2401_get_id_long             
2000beaf  init_ds2401                    
2000bf31  I2C_IF_Write                   
2000bfe7  I2C_IF_Read                    
2000c0a3  I2C_IF_ReadFrom                
2000c0ed  I2C_IF_Open                    
2000c135  I2C_IF_Close                   
2000c14d  InitTerm                       
2000c16b  Message                        
2000c18d  ClearTerm                      
2000c197  Error                          
2000c1cf  GetCmd                         
2000c275  TrimSpace                      
2000c30d  Report                         
2000c3cd  init_ADXL345                   
2000c541  ADXL345_read_accdata           
2000c631  init_HMC5883                   
2000c797  HMC5883_read_magdata           
2000c87d  init_ITG3200                   
2000c9c3  ITG3200_read_gyrdata           
2000cab9  __aeabi_uldivmod               
2000ccad  atan2                          
2000ccad  atan2l                         
2000ce81  UART1_Handler                  
2000ce83  PinMuxConfig                   
2000d041  main                           
2000d1f9  __aeabi_dsub                   
2000d203  __aeabi_dadd                   
2000d3af  _system_post_cinit             
2000d3b1  kalman_filter                  
2000d5d9  Timer_IF_Init                  
2000d60b  Timer_IF_IntSetup              
2000d657  Timer_IF_InterruptClear        
2000d66f  Timer_IF_Start                 
2000d68f  Timer_IF_Stop                  
2000d69f  Timer_IF_DeInit                
2000d6b9  Timer_IF_ReLoad                
2000d6d1  Timer_IF_GetCount              
2000d6f1  PRCMCC3200MCUInit              
2000d869  sqrt                           
2000d869  sqrtl                          
2000d9d9  __kernel_sin                   
2000db41  __kernel_cos                   
2000dca1  __aeabi_ddiv                   
2000ddd9  SD_on                          
2000dde7  SD_off                         
2000ddf5  init_SD_card                   
2000de1d  SD_write_file                  
2000dee1  __aeabi_dmul                   
2000dfdd  __aeabi_fsub                   
2000dfe1  __aeabi_fadd                   
2000e0d9  floor                          
2000e0d9  floorl                         
2000e1cd  ldexp                          
2000e1cd  ldexpl                         
2000e1cd  scalbn                         
2000e1cd  scalbnl                        
2000e29d  IntDisable                     
2000e345  IntEnable                      
2000e3ed  __aeabi_memcpy                 
2000e3ed  __aeabi_memcpy4                
2000e3ed  __aeabi_memcpy8                
2000e3ed  memcpy                         
2000e489  PRCMPeripheralClockGet         
2000e51d  __aeabi_fdiv                   
2000e5b1  PinConfigSet                   
2000e639  vsnprintf                      
2000e6c1  __aeabi_cdcmpeq                
2000e6c1  __aeabi_cdcmple                
2000e747  __aeabi_cdrcmple               
2000e7cd  I2CMasterInitExpClk            
2000e851  SDHostInit                     
2000e8cd  __aeabi_memclr                 
2000e8cd  __aeabi_memclr4                
2000e8cd  __aeabi_memclr8                
2000e8cf  __aeabi_memset                 
2000e8cf  __aeabi_memset4                
2000e8cf  __aeabi_memset8                
2000e8d5  memset                         
2000e947  UARTConfigSetExpClk            
2000e9bd  TimerIntRegister               
2000ea2d  __TI_auto_init                 
2000ea9d  __aeabi_d2f                    
2000eb75  TimerIntUnregister             
2000ebdd  SDHostSetExpClk                
2000ec43  __aeabi_cfcmpeq                
2000ec43  __aeabi_cfcmple                
2000eca3  __aeabi_cfrcmple               
2000ed05  sprintf                        
2000ed65  frexp                          
2000ed65  frexpl                         
2000edc1  PRCMPeripheralReset            
2000ee19  ltoa                           
2000ee71  IntPrioritySet                 
2000eec5  C$$EXIT                        
2000eec9  abort                          
2000eed1  exit                           
2000ef19  atoi                           
2000ef65  copy_in                        
2000efb1  __aeabi_d2iz                   
2000eff9  TimerConfigure                 
2000f081  PinModeSet                     
2000f0c1  _c_int00                       
2000f101  SDHostCmdSend                  
2000f141  PRCMPeripheralClkEnable        
2000f17d  PinDirModeSet                  
2000f1b9  __aeabi_f2d                    
2000f1f1  __aeabi_i2f                    
2000f229  GPIODirModeSet                 
2000f25f  SDHostRespGet                  
2000f295  UARTDisable                    
2000f2c5  __aeabi_i2d                    
2000f2f3  I2CMasterErr                   
2000f321  PRCMSysResetCauseGet           
2000f34d  SDHostIntStatus                
2000f379  TimerLoadSet                   
2000f3a3  TimerPrescaleSet               
2000f3cd  PRCMPeripheralClkDisable       
2000f3f5  SDHostBlockSizeSet             
2000f41d  SDHostBlockCountSet            
2000f445  IntUnregister                  
2000f469  SDHostIntClear                 
2000f48d  UARTEnable                     
2000f4b1  memmove                        
2000f4d5  I2CMasterSlaveAddrSet          
2000f4f7  SDHostCmdReset                 
2000f519  GPIOPinWrite                   
2000f539  GPS_on                         
2000f547  GPS_off                        
2000f559  IntRegister                    
2000f579  SDHostDataRead                 
2000f599  __aeabi_ui2d                   
2000f5b9  I2CMasterIntStatusEx           
2000f5d7  SDHostDataWrite                
2000f5f5  TimerDisable                   
2000f613  TimerEnable                    
2000f631  TimerIntStatus                 
2000f64f  UARTCharPut                    
2000f66d  UARTIntRegister                
2000f68b  PinTypeI2C                     
2000f6a7  TimerValueGet                  
2000f6c3  UARTCharGetNonBlocking         
2000f6df  memccpy                        
2000f6fb  PinTypeSDHost                  
2000f715  PinTypeUART                    
2000f72f  GPIOPinRead                    
2000f747  I2CMasterBusy                  
2000f75f  TimerIntDisable                
2000f777  TimerIntEnable                 
2000f78f  UARTCharsAvail                 
2000f7a7  UARTIntEnable                  
2000f7c1  _args_main                     
2000f7d9  I2CMasterDataPut               
2000f7ef  I2CMasterEnable                
2000f805  PRCMHIBRegRead                 
2000f81b  PRCMHIBRegWrite                
2000f831  UARTFIFODisable                
2000f847  strchr                         
2000f85d  CPUcpsie                       
2000f871  _register_unlock               
2000f877  _register_lock                 
2000f87f  _nop                           
2000f885  strlen                         
2000f899  I2CMasterControl               
2000f8ab  I2CMasterIntClearEx            
2000f8bd  I2CMasterTimeoutSet            
2000f8cf  TimerIntClear                  
2000f8e1  BoardInit                      
2000f8f3  I2CMasterDataGet               
2000f901  __TI_decompress_none           
2000f90f  ResetISR                       
2000f91d  IntMasterEnable                
2000f927  copysign                       
2000f927  copysignl                      
2000f92f  UtilsDelay                     
2000f935  __TI_decompress_rle24          
2000f93b  _system_pre_init               
2000fa98  _ctypes_                       
20010068  __TI_static_base__             
200101ac  __TI_Handler_Table_Base        
200101b4  __TI_CINIT_Base                
200101b4  __TI_Handler_Table_Limit       
200101c4  __TI_CINIT_Limit               
20017100  Xmcal                          
20017102  Ymcal                          
20017104  Zmcal                          
20017108  Xmoff                          
2001710c  Ymoff                          
20017110  Zmoff                          
20017114  Xmax                           
20017118  Ymax                           
2001711c  Zmax                           
20017120  Xmin                           
20017124  Ymin                           
20017128  Zmin                           
20017144  __TI_cleanup_ptr               
20017148  __TI_dtors_ptr                 
2001714c  __TI_enable_exit_profile_output
2001715c  _lock                          
20017160  _unlock                        
20017164  errno                          
20017168  main_func_sp                   
20017178  _sys_memory                    
2002faec  __stack                        
2002fffe  __STACK_END                    
ffffffff  __TI_pprof_out_hndl            
ffffffff  __TI_prof_data_size            
ffffffff  __TI_prof_data_start           
ffffffff  __binit__                      
ffffffff  __c_args__                     
ffffffff  binit                          
UNDEFED   SHT$$INIT_ARRAY$$Base          
UNDEFED   SHT$$INIT_ARRAY$$Limit         

[289 symbols]
